<html>
<body>
<pre>
<h1>µVision Build Log</h1>
<h2>Tool Versions:</h2>
IDE-Version: ¦ÌVision V5.29.0.0
Copyright (C) 2019 ARM Ltd and ARM Germany GmbH. All rights reserved.
License Information: ice xiong, 123, LIC=VGX63-ARXZK-1PYZ5-GBZ16-S34T6-9MMQZ
 
Tool Versions:
Toolchain:       MDK-ARM Plus  Version: 5.29.0.0
Toolchain Path:  D:\rt_thread\Keil_v5\ARM\ARMCC\Bin
C Compiler:      Armcc.exe V5.06 update 6 (build 750)
Assembler:       Armasm.exe V5.06 update 6 (build 750)
Linker/Locator:  ArmLink.exe V5.06 update 6 (build 750)
Library Manager: ArmAr.exe V5.06 update 6 (build 750)
Hex Converter:   FromElf.exe V5.06 update 6 (build 750)
CPU DLL:         SARMCM3.DLL V5.29.0.0
Dialog DLL:      DCM.DLL V1.17.3.0
Target DLL:      Segger\JL2CM3.dll V2.99.36.0
Dialog DLL:      TCM.DLL V1.36.5.0
 
<h2>Project:</h2>
D:\rt_thread\04_GitHub\WarshipV3_PWM\stm32F103ze_pwm.uvprojx
Project File Date:  03/21/2020

<h2>Output:</h2>
*** Using Compiler 'V5.06 update 6 (build 750)', folder: 'D:\rt_thread\Keil_v5\ARM\ARMCC\Bin'
Build target 'pwm'
compiling Tasks.c...
.\include\Tasks.h(44): warning:  #1-D: last line of file ends without a newline
  extern struct rt_device_pwm *pwm_dev;
.\include\Process.h(20): warning:  #1-D: last line of file ends without a newline
  void Run_prc_x2(void);
bsp\stm32\warshipv3\applications\Tasks.c(119): warning:  #144-D: a value of type "void (*)(void)" cannot be used to initialize an entity of type "const init_fn_t"
  INIT_COMPONENT_EXPORT(Task_init);
bsp\stm32\warshipv3\applications\Tasks.c(24): warning:  #177-D: variable "pulse"  was declared but never referenced
  static rt_uint32_t pulse = 50*Factor_ms;
bsp\stm32\warshipv3\applications\Tasks.c: 4 warnings, 0 errors
linking...
Program Size: Code=49394 RO-data=7566 RW-data=900 ZI-data=5404  
FromELF: creating hex file...
".\Objects\stm32F103ze_pwm.axf" - 0 Error(s), 4 Warning(s).

<h2>Software Packages used:</h2>

Package Vendor: Keil
                http://www.keil.com/pack/Keil.STM32F1xx_DFP.2.3.0.pack
                Keil.STM32F1xx_DFP.2.3.0
                STMicroelectronics STM32F1 Series Device Support, Drivers and Examples

<h2>Collection of Component include folders:</h2>
  .\RTE\_pwm
  C:\Users\qiuye\AppData\Local\Arm\Packs\Keil\STM32F1xx_DFP\2.3.0\Device\Include

<h2>Collection of Component Files used:</h2>
Build Time Elapsed:  00:00:08
</pre>
</body>
</html>
