Component: ARM Compiler 5.06 update 6 (build 750) Tool: armlink [4d35ed]

==============================================================================

Section Cross References

    clock.o(i.rt_tick_get) refers to clock.o(.data) for rt_tick
    clock.o(i.rt_tick_increase) refers to thread.o(i.rt_thread_self) for rt_thread_self
    clock.o(i.rt_tick_increase) refers to thread.o(i.rt_thread_yield) for rt_thread_yield
    clock.o(i.rt_tick_increase) refers to timer.o(i.rt_timer_check) for rt_timer_check
    clock.o(i.rt_tick_increase) refers to ipc.o(i.rt_sem_release) for rt_sem_release
    clock.o(i.rt_tick_increase) refers to clock.o(.data) for rt_tick
    clock.o(i.rt_tick_increase) refers to tasks.o(.bss) for Taskx1_run_sem
    clock.o(i.rt_tick_set) refers to context_rvds.o(.text) for rt_hw_interrupt_disable
    clock.o(i.rt_tick_set) refers to clock.o(.data) for rt_tick
    components.o(i.$Sub$$main) refers to components.o(i.rtthread_startup) for rtthread_startup
    components.o(i.main_thread_entry) refers to components.o(i.rt_components_init) for rt_components_init
    components.o(i.main_thread_entry) refers to main.o(i.main) for $Super$$main
    components.o(i.rt_application_init) refers to thread.o(i.rt_thread_create) for rt_thread_create
    components.o(i.rt_application_init) refers to kservice.o(i.rt_assert_handler) for rt_assert_handler
    components.o(i.rt_application_init) refers to thread.o(i.rt_thread_startup) for rt_thread_startup
    components.o(i.rt_application_init) refers to components.o(i.main_thread_entry) for main_thread_entry
    components.o(i.rt_application_init) refers to components.o(.constdata) for __FUNCTION__
    components.o(i.rt_components_board_init) refers to components.o(.rti_fn.0.end) for __rt_init_rti_board_start
    components.o(i.rt_components_board_init) refers to components.o(.rti_fn.1.end) for __rt_init_rti_board_end
    components.o(i.rt_components_init) refers to components.o(.rti_fn.1.end) for __rt_init_rti_board_end
    components.o(i.rt_components_init) refers to components.o(.rti_fn.6.end) for __rt_init_rti_end
    components.o(i.rtthread_startup) refers to context_rvds.o(.text) for rt_hw_interrupt_disable
    components.o(i.rtthread_startup) refers to drv_common.o(i.rt_hw_board_init) for rt_hw_board_init
    components.o(i.rtthread_startup) refers to kservice.o(i.rt_show_version) for rt_show_version
    components.o(i.rtthread_startup) refers to timer.o(i.rt_system_timer_init) for rt_system_timer_init
    components.o(i.rtthread_startup) refers to scheduler.o(i.rt_system_scheduler_init) for rt_system_scheduler_init
    components.o(i.rtthread_startup) refers to components.o(i.rt_application_init) for rt_application_init
    components.o(i.rtthread_startup) refers to timer.o(i.rt_system_timer_thread_init) for rt_system_timer_thread_init
    components.o(i.rtthread_startup) refers to idle.o(i.rt_thread_idle_init) for rt_thread_idle_init
    components.o(i.rtthread_startup) refers to scheduler.o(i.rt_system_scheduler_start) for rt_system_scheduler_start
    components.o(.rti_fn.0) refers to components.o(i.rti_start) for rti_start
    components.o(.rti_fn.0.end) refers to components.o(i.rti_board_start) for rti_board_start
    components.o(.rti_fn.1.end) refers to components.o(i.rti_board_end) for rti_board_end
    components.o(.rti_fn.6.end) refers to components.o(i.rti_end) for rti_end
    device.o(i.rt_device_close) refers to kservice.o(i.rt_assert_handler) for rt_assert_handler
    device.o(i.rt_device_close) refers to object.o(i.rt_object_get_type) for rt_object_get_type
    device.o(i.rt_device_close) refers to device.o(.constdata) for __FUNCTION__
    device.o(i.rt_device_control) refers to kservice.o(i.rt_assert_handler) for rt_assert_handler
    device.o(i.rt_device_control) refers to object.o(i.rt_object_get_type) for rt_object_get_type
    device.o(i.rt_device_control) refers to device.o(.constdata) for __FUNCTION__
    device.o(i.rt_device_create) refers to mem.o(i.rt_malloc) for rt_malloc
    device.o(i.rt_device_create) refers to kservice.o(i.rt_memset) for rt_memset
    device.o(i.rt_device_destroy) refers to kservice.o(i.rt_assert_handler) for rt_assert_handler
    device.o(i.rt_device_destroy) refers to object.o(i.rt_object_get_type) for rt_object_get_type
    device.o(i.rt_device_destroy) refers to object.o(i.rt_object_is_systemobject) for rt_object_is_systemobject
    device.o(i.rt_device_destroy) refers to object.o(i.rt_object_detach) for rt_object_detach
    device.o(i.rt_device_destroy) refers to mem.o(i.rt_free) for rt_free
    device.o(i.rt_device_destroy) refers to device.o(.constdata) for __FUNCTION__
    device.o(i.rt_device_find) refers to thread.o(i.rt_thread_self) for rt_thread_self
    device.o(i.rt_device_find) refers to scheduler.o(i.rt_enter_critical) for rt_enter_critical
    device.o(i.rt_device_find) refers to object.o(i.rt_object_get_information) for rt_object_get_information
[...]
    rt_device_close                          0x08006949   Thumb Code    92  device.o(i.rt_device_close)
    rt_device_control                        0x080069f5   Thumb Code    66  device.o(i.rt_device_control)
    rt_device_find                           0x08006a89   Thumb Code    94  device.o(i.rt_device_find)
    rt_device_hwtimer_isr                    0x08006b05   Thumb Code    78  hwtimer.o(i.rt_device_hwtimer_isr)
    rt_device_hwtimer_register               0x08006b6d   Thumb Code   108  hwtimer.o(i.rt_device_hwtimer_register)
    rt_device_open                           0x08006c39   Thumb Code   170  device.o(i.rt_device_open)
    rt_device_pin_register                   0x08006d81   Thumb Code    56  pin.o(i.rt_device_pin_register)
    rt_device_pwm_register                   0x08006dc9   Thumb Code    70  rt_drv_pwm.o(i.rt_device_pwm_register)
    rt_device_read                           0x08006e1d   Thumb Code    98  device.o(i.rt_device_read)
    rt_device_register                       0x08006ed1   Thumb Code    52  device.o(i.rt_device_register)
    rt_device_set_rx_indicate                0x08006f05   Thumb Code    48  device.o(i.rt_device_set_rx_indicate)
    rt_device_write                          0x08006f85   Thumb Code    98  device.o(i.rt_device_write)
    rt_enter_critical                        0x08007189   Thumb Code    28  scheduler.o(i.rt_enter_critical)
    rt_exit_critical                         0x080071a9   Thumb Code    60  scheduler.o(i.rt_exit_critical)
    rt_free                                  0x080071ed   Thumb Code   278  mem.o(i.rt_free)
    rt_hw_board_init                         0x080073f5   Thumb Code    58  drv_common.o(i.rt_hw_board_init)
    rt_hw_console_output                     0x08007441   Thumb Code     2  kservice.o(i.rt_hw_console_output)
    rt_hw_cpu_reset                          0x08007445   Thumb Code     8  cpuport.o(i.rt_hw_cpu_reset)
    rt_hw_hard_fault_exception               0x08007455   Thumb Code   198  cpuport.o(i.rt_hw_hard_fault_exception)
    rt_hw_pin_init                           0x0800765d   Thumb Code   198  drv_gpio.o(i.rt_hw_pin_init)
    rt_hw_serial_isr                         0x08007731   Thumb Code   394  serial.o(i.rt_hw_serial_isr)
    rt_hw_serial_register                    0x08007911   Thumb Code    80  serial.o(i.rt_hw_serial_register)
    rt_hw_stack_init                         0x08007991   Thumb Code    70  cpuport.o(i.rt_hw_stack_init)
    rt_hw_systick_init                       0x080079dd   Thumb Code    38  drv_common.o(i.rt_hw_systick_init)
    rt_hw_usart_init                         0x08007a05   Thumb Code   186  drv_usart.o(i.rt_hw_usart_init)
    rt_interrupt_enter                       0x08007d91   Thumb Code    46  irq.o(i.rt_interrupt_enter)
    rt_interrupt_get_nest                    0x08007dc9   Thumb Code    22  irq.o(i.rt_interrupt_get_nest)
    rt_interrupt_leave                       0x08007de5   Thumb Code    46  irq.o(i.rt_interrupt_leave)
    rt_kprintf                               0x08007eb1   Thumb Code    96  kservice.o(i.rt_kprintf)
    rt_malloc                                0x08008001   Thumb Code   522  mem.o(i.rt_malloc)
    rt_memcpy                                0x080082bd   Thumb Code   124  kservice.o(i.rt_memcpy)
    rt_memmove                               0x08008339   Thumb Code    66  kservice.o(i.rt_memmove)
    rt_memset                                0x0800837b   Thumb Code    72  kservice.o(i.rt_memset)
    rt_object_allocate                       0x080083c5   Thumb Code   158  object.o(i.rt_object_allocate)
    rt_object_delete                         0x080084b1   Thumb Code    88  object.o(i.rt_object_delete)
    rt_object_detach                         0x08008551   Thumb Code    62  object.o(i.rt_object_detach)
    rt_object_get_information                0x080085ad   Thumb Code    36  object.o(i.rt_object_get_information)
    rt_object_get_type                       0x080085d5   Thumb Code    26  object.o(i.rt_object_get_type)
    rt_object_init                           0x08008609   Thumb Code   138  object.o(i.rt_object_init)
    rt_object_is_systemobject                0x080086c5   Thumb Code    34  object.o(i.rt_object_is_systemobject)
    rt_pin_mode                              0x08008701   Thumb Code    38  pin.o(i.rt_pin_mode)
    rt_pin_read                              0x08008749   Thumb Code    34  pin.o(i.rt_pin_read)
    rt_pin_write                             0x0800878d   Thumb Code    38  pin.o(i.rt_pin_write)
    rt_pwm_disable                           0x080087d5   Thumb Code    42  rt_drv_pwm.o(i.rt_pwm_disable)
    rt_pwm_enable                            0x080087ff   Thumb Code    42  rt_drv_pwm.o(i.rt_pwm_enable)
    rt_pwm_set                               0x08008829   Thumb Code    56  rt_drv_pwm.o(i.rt_pwm_set)
    rt_schedule                              0x08008861   Thumb Code   300  scheduler.o(i.rt_schedule)
    rt_schedule_insert_thread                0x080089a5   Thumb Code   118  scheduler.o(i.rt_schedule_insert_thread)
    rt_schedule_remove_thread                0x08008a41   Thumb Code    94  scheduler.o(i.rt_schedule_remove_thread)
    rt_sem_init                              0x08008ac1   Thumb Code    66  ipc.o(i.rt_sem_init)
    rt_sem_release                           0x08008b2d   Thumb Code   116  ipc.o(i.rt_sem_release)
    rt_sem_take                              0x08008bbd   Thumb Code   288  ipc.o(i.rt_sem_take)
    rt_set_errno                             0x08009355   Thumb Code    36  kservice.o(i.rt_set_errno)
    rt_show_version                          0x0800937d   Thumb Code    38  kservice.o(i.rt_show_version)
    rt_sprintf                               0x0800942d   Thumb Code    34  kservice.o(i.rt_sprintf)
    rt_strlen                                0x0800944f   Thumb Code    18  kservice.o(i.rt_strlen)
    rt_strncmp                               0x08009461   Thumb Code    40  kservice.o(i.rt_strncmp)
    rt_strncpy                               0x08009489   Thumb Code    52  kservice.o(i.rt_strncpy)
    rt_system_heap_init                      0x080094bd   Thumb Code   204  mem.o(i.rt_system_heap_init)
    rt_system_scheduler_init                 0x08009611   Thumb Code    46  scheduler.o(i.rt_system_scheduler_init)
    rt_system_scheduler_start                0x08009651   Thumb Code    36  scheduler.o(i.rt_system_scheduler_start)
    rt_system_timer_init                     0x08009679   Thumb Code    24  timer.o(i.rt_system_timer_init)
    rt_system_timer_thread_init              0x08009695   Thumb Code     2  timer.o(i.rt_system_timer_thread_init)
    rt_thread_create                         0x08009697   Thumb Code    80  thread.o(i.rt_thread_create)
    rt_thread_exit                           0x080096e9   Thumb Code    78  thread.o(i.rt_thread_exit)
    rt_thread_idle_excute                    0x08009765   Thumb Code   174  idle.o(i.rt_thread_idle_excute)
    rt_thread_idle_init                      0x08009849   Thumb Code    74  idle.o(i.rt_thread_idle_init)
    rt_thread_init                           0x080098a9   Thumb Code    74  thread.o(i.rt_thread_init)
    rt_thread_resume                         0x08009925   Thumb Code   122  thread.o(i.rt_thread_resume)
    rt_thread_self                           0x080099c1   Thumb Code     6  thread.o(i.rt_thread_self)
    rt_thread_startup                        0x080099cd   Thumb Code   110  thread.o(i.rt_thread_startup)
    rt_thread_suspend                        0x08009a91   Thumb Code   158  thread.o(i.rt_thread_suspend)
    rt_thread_timeout                        0x08009b6d   Thumb Code    92  thread.o(i.rt_thread_timeout)
    rt_thread_yield                          0x08009c21   Thumb Code    10  thread.o(i.rt_thread_yield)
    rt_tick_get                              0x08009c2d   Thumb Code     6  clock.o(i.rt_tick_get)
    rt_tick_increase                         0x08009c39   Thumb Code    98  clock.o(i.rt_tick_increase)
    rt_timer_check                           0x08009ca9   Thumb Code   166  timer.o(i.rt_timer_check)
    rt_timer_control                         0x08009d5d   Thumb Code    98  timer.o(i.rt_timer_control)
    rt_timer_detach                          0x08009e15   Thumb Code    82  timer.o(i.rt_timer_detach)
    rt_timer_init                            0x08009ee9   Thumb Code    58  timer.o(i.rt_timer_init)
    rt_timer_start                           0x08009f3d   Thumb Code   314  timer.o(i.rt_timer_start)
    rt_timer_stop                            0x0800a0fd   Thumb Code   102  timer.o(i.rt_timer_stop)
    rt_vsnprintf                             0x0800a1bd   Thumb Code   808  kservice.o(i.rt_vsnprintf)
    rt_vsprintf                              0x0800a4ed   Thumb Code    22  kservice.o(i.rt_vsprintf)
    rtthread_startup                         0x0800a513   Thumb Code    42  components.o(i.rtthread_startup)
    version                                  0x0800ba31   Thumb Code    10  cmd.o(i.version)
    _get_lc_ctype                            0x0800ba3d   Thumb Code    44  lc_ctype_c.o(locale$$code)
    __aeabi_fadd                             0x0800ba69   Thumb Code     0  faddsub_clz.o(x$fpl$fadd)
    _fadd                                    0x0800ba69   Thumb Code   196  faddsub_clz.o(x$fpl$fadd)
    __fpl_fcmp_Inf                           0x0800bb2d   Thumb Code    24  fcmpi.o(x$fpl$fcmpinf)
    __aeabi_fdiv                             0x0800bb45   Thumb Code     0  fdiv.o(x$fpl$fdiv)
    _fdiv                                    0x0800bb45   Thumb Code   384  fdiv.o(x$fpl$fdiv)
    __aeabi_cfcmpeq                          0x0800bcc9   Thumb Code     0  feqf.o(x$fpl$feqf)
    _fcmpeq                                  0x0800bcc9   Thumb Code   104  feqf.o(x$fpl$feqf)
    __aeabi_f2iz                             0x0800bd31   Thumb Code     0  ffix.o(x$fpl$ffix)
    _ffix                                    0x0800bd31   Thumb Code    54  ffix.o(x$fpl$ffix)
    __aeabi_f2uiz                            0x0800bd69   Thumb Code     0  ffixu.o(x$fpl$ffixu)
    _ffixu                                   0x0800bd69   Thumb Code    62  ffixu.o(x$fpl$ffixu)
    __aeabi_i2f                              0x0800bda9   Thumb Code     0  fflt_clz.o(x$fpl$fflt)
    _fflt                                    0x0800bda9   Thumb Code    48  fflt_clz.o(x$fpl$fflt)
    __aeabi_ui2f                             0x0800bdd9   Thumb Code     0  fflt_clz.o(x$fpl$ffltu)
    _ffltu                                   0x0800bdd9   Thumb Code    38  fflt_clz.o(x$fpl$ffltu)
    __aeabi_cfcmple                          0x0800be01   Thumb Code     0  fleqf.o(x$fpl$fleqf)
    _fcmple                                  0x0800be01   Thumb Code   104  fleqf.o(x$fpl$fleqf)
    __fpl_fcmple_InfNaN                      0x0800be53   Thumb Code     0  fleqf.o(x$fpl$fleqf)
    __aeabi_fmul                             0x0800be69   Thumb Code     0  fmul.o(x$fpl$fmul)
    _fmul                                    0x0800be69   Thumb Code   258  fmul.o(x$fpl$fmul)
    __fpl_fnaninf                            0x0800bf6b   Thumb Code   140  fnaninf.o(x$fpl$fnaninf)
    __fpl_fretinf                            0x0800bff7   Thumb Code    10  fretinf.o(x$fpl$fretinf)
    __aeabi_cfrcmple                         0x0800c001   Thumb Code     0  frleqf.o(x$fpl$frleqf)
    _frcmple                                 0x0800c001   Thumb Code    98  frleqf.o(x$fpl$frleqf)
    __aeabi_frsub                            0x0800c063   Thumb Code     0  faddsub_clz.o(x$fpl$frsb)
    _frsb                                    0x0800c063   Thumb Code    20  faddsub_clz.o(x$fpl$frsb)
    __aeabi_fsub                             0x0800c079   Thumb Code     0  faddsub_clz.o(x$fpl$fsub)
    _fsub                                    0x0800c079   Thumb Code   234  faddsub_clz.o(x$fpl$fsub)
    __I$use$fp                               0x0800c162   Number         0  usenofp.o(x$fpl$usenofp)
    AHBPrescTable                            0x0800d106   Data          16  system_stm32f1xx.o(.constdata)
    APBPrescTable                            0x0800d116   Data           8  system_stm32f1xx.o(.constdata)
    __fsym_list_mem_name                     0x0800d4fd   Data           9  mem.o(.rodata.name)
    __fsym_list_mem_desc                     0x0800d506   Data          30  mem.o(.rodata.name)
    __fsym___cmd_CallTasks_name              0x0800d524   Data          16  tasks.o(.rodata.name)
    __fsym___cmd_CallTasks_desc              0x0800d534   Data          12  tasks.o(.rodata.name)
    __fsym___cmd_ReTasks_name                0x0800d540   Data          14  tasks.o(.rodata.name)
    __fsym___cmd_ReTasks_desc                0x0800d54e   Data          14  tasks.o(.rodata.name)
    __fsym___cmd_reboot_name                 0x0800d55c   Data          13  drv_common.o(.rodata.name)
    __fsym___cmd_reboot_desc                 0x0800d569   Data          14  drv_common.o(.rodata.name)
    __fsym_pinMode_name                      0x0800d577   Data           8  pin.o(.rodata.name)
    __fsym_pinMode_desc                      0x0800d57f   Data          22  pin.o(.rodata.name)
    __fsym_pinWrite_name                     0x0800d595   Data           9  pin.o(.rodata.name)
    __fsym_pinWrite_desc                     0x0800d59e   Data          28  pin.o(.rodata.name)
    __fsym_pinRead_name                      0x0800d5ba   Data           8  pin.o(.rodata.name)
    __fsym_pinRead_desc                      0x0800d5c2   Data          30  pin.o(.rodata.name)
    __fsym_pwm_enable_name                   0x0800d5e0   Data          11  rt_drv_pwm.o(.rodata.name)
    __fsym_pwm_enable_desc                   0x0800d5eb   Data          23  rt_drv_pwm.o(.rodata.name)
    __fsym_pwm_set_name                      0x0800d602   Data           8  rt_drv_pwm.o(.rodata.name)
    __fsym_pwm_set_desc                      0x0800d60a   Data           9  rt_drv_pwm.o(.rodata.name)
    __fsym___cmd_pwm_enable_name             0x0800d613   Data          17  rt_drv_pwm.o(.rodata.name)
    __fsym___cmd_pwm_enable_desc             0x0800d624   Data          18  rt_drv_pwm.o(.rodata.name)
    __fsym___cmd_pwm_disable_name            0x0800d636   Data          18  rt_drv_pwm.o(.rodata.name)
    __fsym___cmd_pwm_disable_desc            0x0800d648   Data          19  rt_drv_pwm.o(.rodata.name)
    __fsym___cmd_pwm_set_name                0x0800d65b   Data          14  rt_drv_pwm.o(.rodata.name)
    __fsym___cmd_pwm_set_desc                0x0800d669   Data          22  rt_drv_pwm.o(.rodata.name)
    __fsym_hello_name                        0x0800d67f   Data           6  cmd.o(.rodata.name)
    __fsym_hello_desc                        0x0800d685   Data          16  cmd.o(.rodata.name)
    __fsym_version_name                      0x0800d695   Data           8  cmd.o(.rodata.name)
    __fsym_version_desc                      0x0800d69d   Data          35  cmd.o(.rodata.name)
    __fsym___cmd_version_name                0x0800d6c0   Data          14  cmd.o(.rodata.name)
    __fsym___cmd_version_desc                0x0800d6ce   Data          35  cmd.o(.rodata.name)
    __fsym_list_thread_name                  0x0800d6f1   Data          12  cmd.o(.rodata.name)
    __fsym_list_thread_desc                  0x0800d6fd   Data          12  cmd.o(.rodata.name)
    __fsym___cmd_list_thread_name            0x0800d709   Data          18  cmd.o(.rodata.name)
    __fsym___cmd_list_thread_desc            0x0800d71b   Data          12  cmd.o(.rodata.name)
    __fsym_list_sem_name                     0x0800d727   Data           9  cmd.o(.rodata.name)
    __fsym_list_sem_desc                     0x0800d730   Data          25  cmd.o(.rodata.name)
    __fsym___cmd_list_sem_name               0x0800d749   Data          15  cmd.o(.rodata.name)
    __fsym___cmd_list_sem_desc               0x0800d758   Data          25  cmd.o(.rodata.name)
    __fsym_list_event_name                   0x0800d771   Data          11  cmd.o(.rodata.name)
    __fsym_list_event_desc                   0x0800d77c   Data          21  cmd.o(.rodata.name)
    __fsym___cmd_list_event_name             0x0800d791   Data          17  cmd.o(.rodata.name)
    __fsym___cmd_list_event_desc             0x0800d7a2   Data          21  cmd.o(.rodata.name)
    __fsym_list_mutex_name                   0x0800d7b7   Data          11  cmd.o(.rodata.name)
    __fsym_list_mutex_desc                   0x0800d7c2   Data          21  cmd.o(.rodata.name)
    __fsym___cmd_list_mutex_name             0x0800d7d7   Data          17  cmd.o(.rodata.name)
    __fsym___cmd_list_mutex_desc             0x0800d7e8   Data          21  cmd.o(.rodata.name)
    __fsym_list_mailbox_name                 0x0800d7fd   Data          13  cmd.o(.rodata.name)
    __fsym_list_mailbox_desc                 0x0800d80a   Data          24  cmd.o(.rodata.name)
    __fsym___cmd_list_mailbox_name           0x0800d822   Data          19  cmd.o(.rodata.name)
    __fsym___cmd_list_mailbox_desc           0x0800d835   Data          24  cmd.o(.rodata.name)
    __fsym_list_msgqueue_name                0x0800d84d   Data          14  cmd.o(.rodata.name)
    __fsym_list_msgqueue_desc                0x0800d85b   Data          29  cmd.o(.rodata.name)
    __fsym___cmd_list_msgqueue_name          0x0800d878   Data          20  cmd.o(.rodata.name)
    __fsym___cmd_list_msgqueue_desc          0x0800d88c   Data          29  cmd.o(.rodata.name)
    __fsym_list_mempool_name                 0x0800d8a9   Data          13  cmd.o(.rodata.name)
    __fsym_list_mempool_desc                 0x0800d8b6   Data          27  cmd.o(.rodata.name)
    __fsym___cmd_list_mempool_name           0x0800d8d1   Data          19  cmd.o(.rodata.name)
    __fsym___cmd_list_mempool_desc           0x0800d8e4   Data          27  cmd.o(.rodata.name)
    __fsym_list_timer_name                   0x0800d8ff   Data          11  cmd.o(.rodata.name)
    __fsym_list_timer_desc                   0x0800d90a   Data          21  cmd.o(.rodata.name)
    __fsym___cmd_list_timer_name             0x0800d91f   Data          17  cmd.o(.rodata.name)
    __fsym___cmd_list_timer_desc             0x0800d930   Data          21  cmd.o(.rodata.name)
    __fsym_list_device_name                  0x0800d945   Data          12  cmd.o(.rodata.name)
    __fsym_list_device_desc                  0x0800d951   Data          22  cmd.o(.rodata.name)
    __fsym___cmd_list_device_name            0x0800d967   Data          18  cmd.o(.rodata.name)
    __fsym___cmd_list_device_desc            0x0800d979   Data          22  cmd.o(.rodata.name)
    __fsym_list_name                         0x0800d98f   Data           5  cmd.o(.rodata.name)
    __fsym_list_desc                         0x0800d994   Data          26  cmd.o(.rodata.name)
    __fsym___cmd_help_name                   0x0800d9ae   Data          11  msh.o(.rodata.name)
    __fsym___cmd_help_desc                   0x0800d9b9   Data          22  msh.o(.rodata.name)
    __fsym___cmd_ps_name                     0x0800d9cf   Data           9  msh.o(.rodata.name)
    __fsym___cmd_ps_desc                     0x0800d9d8   Data          28  msh.o(.rodata.name)
    __fsym___cmd_free_name                   0x0800d9f4   Data          11  msh.o(.rodata.name)
    __fsym___cmd_free_desc                   0x0800d9ff   Data          37  msh.o(.rodata.name)
    __rt_init_rti_start                      0x0800da24   Data           4  components.o(.rti_fn.0)
    __rt_init_rti_board_start                0x0800da28   Data           4  components.o(.rti_fn.0.end)
    __rt_init_stm32_hwtimer_init             0x0800da2c   Data           4  drv_hwtimer.o(.rti_fn.1)
    __rt_init_rti_board_end                  0x0800da30   Data           4  components.o(.rti_fn.1.end)
    __rt_init_stm32_pwm_init                 0x0800da34   Data           4  drv_pwm.o(.rti_fn.3)
    __rt_init_finsh_system_init              0x0800da38   Data           4  shell.o(.rti_fn.6)
    __rt_init_rti_end                        0x0800da3c   Data           4  components.o(.rti_fn.6.end)
    FSymTab$$Base                            0x0800da40   Number         0  mem.o(FSymTab)
    __fsym_list_mem                          0x0800da40   Data          12  mem.o(FSymTab)
    __fsym___cmd_CallTasks                   0x0800da4c   Data          12  tasks.o(FSymTab)
    __fsym___cmd_ReTasks                     0x0800da58   Data          12  tasks.o(FSymTab)
    __fsym___cmd_reboot                      0x0800da64   Data          12  drv_common.o(FSymTab)
    __fsym_pinMode                           0x0800da70   Data          12  pin.o(FSymTab)
    __fsym_pinWrite                          0x0800da7c   Data          12  pin.o(FSymTab)
    __fsym_pinRead                           0x0800da88   Data          12  pin.o(FSymTab)
    __fsym_pwm_enable                        0x0800da94   Data          12  rt_drv_pwm.o(FSymTab)
    __fsym_pwm_set                           0x0800daa0   Data          12  rt_drv_pwm.o(FSymTab)
    __fsym___cmd_pwm_enable                  0x0800daac   Data          12  rt_drv_pwm.o(FSymTab)
    __fsym___cmd_pwm_disable                 0x0800dab8   Data          12  rt_drv_pwm.o(FSymTab)
    __fsym___cmd_pwm_set                     0x0800dac4   Data          12  rt_drv_pwm.o(FSymTab)
    __fsym_hello                             0x0800dad0   Data          12  cmd.o(FSymTab)
    __fsym_version                           0x0800dadc   Data          12  cmd.o(FSymTab)
    __fsym___cmd_version                     0x0800dae8   Data          12  cmd.o(FSymTab)
    __fsym_list_thread                       0x0800daf4   Data          12  cmd.o(FSymTab)
    __fsym___cmd_list_thread                 0x0800db00   Data          12  cmd.o(FSymTab)
    __fsym_list_sem                          0x0800db0c   Data          12  cmd.o(FSymTab)
    __fsym___cmd_list_sem                    0x0800db18   Data          12  cmd.o(FSymTab)
    __fsym_list_event                        0x0800db24   Data          12  cmd.o(FSymTab)
    __fsym___cmd_list_event                  0x0800db30   Data          12  cmd.o(FSymTab)
    __fsym_list_mutex                        0x0800db3c   Data          12  cmd.o(FSymTab)
    __fsym___cmd_list_mutex                  0x0800db48   Data          12  cmd.o(FSymTab)
    __fsym_list_mailbox                      0x0800db54   Data          12  cmd.o(FSymTab)
    __fsym___cmd_list_mailbox                0x0800db60   Data          12  cmd.o(FSymTab)
    __fsym_list_msgqueue                     0x0800db6c   Data          12  cmd.o(FSymTab)
    __fsym___cmd_list_msgqueue               0x0800db78   Data          12  cmd.o(FSymTab)
    __fsym_list_mempool                      0x0800db84   Data          12  cmd.o(FSymTab)
    __fsym___cmd_list_mempool                0x0800db90   Data          12  cmd.o(FSymTab)
    __fsym_list_timer                        0x0800db9c   Data          12  cmd.o(FSymTab)
    __fsym___cmd_list_timer                  0x0800dba8   Data          12  cmd.o(FSymTab)
    __fsym_list_device                       0x0800dbb4   Data          12  cmd.o(FSymTab)
    __fsym___cmd_list_device                 0x0800dbc0   Data          12  cmd.o(FSymTab)
    __fsym_list                              0x0800dbcc   Data          12  cmd.o(FSymTab)
    __fsym___cmd_help                        0x0800dbd8   Data          12  msh.o(FSymTab)
    __fsym___cmd_ps                          0x0800dbe4   Data          12  msh.o(FSymTab)
    __fsym___cmd_free                        0x0800dbf0   Data          12  msh.o(FSymTab)
    FSymTab$$Limit                           0x0800dbfc   Number         0  msh.o(FSymTab)
    Region$$Table$$Base                      0x0800dbfc   Number         0  anon$$obj.o(Region$$Table)
    Region$$Table$$Limit                     0x0800dc1c   Number         0  anon$$obj.o(Region$$Table)
    __ctype                                  0x0800dc29   Data           0  lc_ctype_c.o(locale$$data)
    rt_interrupt_nest                        0x2000000c   Data           1  irq.o(.data)
    rt_assert_hook                           0x20000018   Data           4  kservice.o(.data)
    rt_object_trytake_hook                   0x200000d4   Data           4  object.o(.data)
    rt_object_take_hook                      0x200000d8   Data           4  object.o(.data)
    rt_object_put_hook                       0x200000dc   Data           4  object.o(.data)
    rt_thread_ready_priority_group           0x200000e0   Data           4  scheduler.o(.data)
    rt_current_thread                        0x200000e8   Data           4  scheduler.o(.data)
    rt_current_priority                      0x200000ec   Data           1  scheduler.o(.data)
    rt_thread_defunct                        0x200000f0   Data           8  scheduler.o(.data)
    pwm_dev                                  0x2000011c   Data           4  tasks.o(.data)
    rt_interrupt_from_thread                 0x20000344   Data           4  cpuport.o(.data)
    rt_interrupt_to_thread                   0x20000348   Data           4  cpuport.o(.data)
    rt_thread_switch_interrupt_flag          0x2000034c   Data           4  cpuport.o(.data)
    _syscall_table_begin                     0x20000358   Data           4  shell.o(.data)
    _syscall_table_end                       0x2000035c   Data           4  shell.o(.data)
    _sysvar_table_begin                      0x20000360   Data           4  shell.o(.data)
    _sysvar_table_end                        0x20000364   Data           4  shell.o(.data)
    shell                                    0x20000368   Data           4  shell.o(.data)
    SystemCoreClock                          0x20000370   Data           4  system_stm32f1xx.o(.data)
    uwTick                                   0x20000374   Data           4  stm32f1xx_hal.o(.data)
    uwTickPrio                               0x20000378   Data           4  stm32f1xx_hal.o(.data)
    uwTickFreq                               0x2000037c   Data           1  stm32f1xx_hal.o(.data)
    rt_thread_priority_table                 0x200005b0   Data         256  scheduler.o(.bss)
    Taskx1_run_sem                           0x200006b0   Data          32  tasks.o(.bss)
    Taskx2_run_sem                           0x200006d0   Data          32  tasks.o(.bss)
    thread_BaseX1                            0x200006f0   Data         128  tasks.o(.bss)
    thread_x2                                0x20000770   Data         128  tasks.o(.bss)
    __libspace_start                         0x200011e0   Data          96  libspace.o(.bss)
    __temporary_stack_top$libspace           0x20001240   Data           0  libspace.o(.bss)
    Image$$RW_IRAM1$$ZI$$Limit               0x20001840   Number         0  anon$$obj.o ABSOLUTE



==============================================================================

Memory Map of the image

  Image Entry point : 0x08000131

  Load Region LR_IROM1 (Base: 0x08000000, Size: 0x0000e0ac, Max: 0x00080000, ABSOLUTE, COMPRESSED[0x0000ddc0])

    Execution Region ER_IROM1 (Exec base: 0x08000000, Load base: 0x08000000, Size: 0x0000dd2c, Max: 0x00080000, ABSOLUTE)

    Exec Addr    Load Addr    Size         Type   Attr      Idx    E Section Name        Object

    0x08000000   0x08000000   0x00000130   Data   RO         2329    RESET               startup_stm32f103xe.o
    0x08000130   0x08000130   0x00000008   Code   RO         5811  * !!!main             c_w.l(__main.o)
    0x08000138   0x08000138   0x00000034   Code   RO         6042    !!!scatter          c_w.l(__scatter.o)
    0x0800016c   0x0800016c   0x0000005a   Code   RO         6040    !!dczerorl2         c_w.l(__dczerorl2.o)
    0x080001c6   0x080001c6   0x00000002   PAD
    0x080001c8   0x080001c8   0x0000001c   Code   RO         6044    !!handler_zi        c_w.l(__scatter_zi.o)
    0x080001e4   0x080001e4   0x00000002   Code   RO         5911    .ARM.Collect$$libinit$$00000000  c_w.l(libinit.o)
    0x080001e6   0x080001e6   0x00000000   Code   RO         5923    .ARM.Collect$$libinit$$00000002  c_w.l(libinit2.o)
    0x080001e6   0x080001e6   0x00000000   Code   RO         5925    .ARM.Collect$$libinit$$00000004  c_w.l(libinit2.o)
    0x080001e6   0x080001e6   0x00000000   Code   RO         5928    .ARM.Collect$$libinit$$0000000A  c_w.l(libinit2.o)
    0x080001e6   0x080001e6   0x00000000   Code   RO         5930    .ARM.Collect$$libinit$$0000000C  c_w.l(libinit2.o)
    0x080001e6   0x080001e6   0x00000000   Code   RO         5932    .ARM.Collect$$libinit$$0000000E  c_w.l(libinit2.o)
    0x080001e6   0x080001e6   0x00000006   Code   RO         5933    .ARM.Collect$$libinit$$0000000F  c_w.l(libinit2.o)
    0x080001ec   0x080001ec   0x00000000   Code   RO         5935    .ARM.Collect$$libinit$$00000011  c_w.l(libinit2.o)
    0x080001ec   0x080001ec   0x0000000c   Code   RO         5936    .ARM.Collect$$libinit$$00000012  c_w.l(libinit2.o)
    0x080001f8   0x080001f8   0x00000000   Code   RO         5937    .ARM.Collect$$libinit$$00000013  c_w.l(libinit2.o)
    0x080001f8   0x080001f8   0x00000000   Code   RO         5939    .ARM.Collect$$libinit$$00000015  c_w.l(libinit2.o)
    0x080001f8   0x080001f8   0x00000000   Code   RO         5941    .ARM.Collect$$libinit$$00000017  c_w.l(libinit2.o)
    0x080001f8   0x080001f8   0x00000000   Code   RO         5943    .ARM.Collect$$libinit$$00000019  c_w.l(libinit2.o)
    0x080001f8   0x080001f8   0x00000000   Code   RO         5945    .ARM.Collect$$libinit$$0000001B  c_w.l(libinit2.o)
    0x080001f8   0x080001f8   0x00000000   Code   RO         5947    .ARM.Collect$$libinit$$0000001D  c_w.l(libinit2.o)
    0x080001f8   0x080001f8   0x00000000   Code   RO         5949    .ARM.Collect$$libinit$$0000001F  c_w.l(libinit2.o)
    0x080001f8   0x080001f8   0x00000000   Code   RO         5951    .ARM.Collect$$libinit$$00000021  c_w.l(libinit2.o)
    0x080001f8   0x080001f8   0x00000000   Code   RO         5953    .ARM.Collect$$libinit$$00000023  c_w.l(libinit2.o)
    0x080001f8   0x080001f8   0x00000000   Code   RO         5955    .ARM.Collect$$libinit$$00000025  c_w.l(libinit2.o)
    0x080001f8   0x080001f8   0x00000000   Code   RO         5959    .ARM.Collect$$libinit$$0000002C  c_w.l(libinit2.o)
    0x080001f8   0x080001f8   0x00000000   Code   RO         5961    .ARM.Collect$$libinit$$0000002E  c_w.l(libinit2.o)
    0x080001f8   0x080001f8   0x00000000   Code   RO         5963    .ARM.Collect$$libinit$$00000030  c_w.l(libinit2.o)
    0x080001f8   0x080001f8   0x00000000   Code   RO         5965    .ARM.Collect$$libinit$$00000032  c_w.l(libinit2.o)
    0x080001f8   0x080001f8   0x00000002   Code   RO         5966    .ARM.Collect$$libinit$$00000033  c_w.l(libinit2.o)
    0x080001fa   0x080001fa   0x00000002   Code   RO         5997    .ARM.Collect$$libshutdown$$00000000  c_w.l(libshutdown.o)
    0x080001fc   0x080001fc   0x00000000   Code   RO         6023    .ARM.Collect$$libshutdown$$00000002  c_w.l(libshutdown2.o)
    0x080001fc   0x080001fc   0x00000000   Code   RO         6025    .ARM.Collect$$libshutdown$$00000004  c_w.l(libshutdown2.o)
    0x080001fc   0x080001fc   0x00000000   Code   RO         6028    .ARM.Collect$$libshutdown$$00000007  c_w.l(libshutdown2.o)
    0x080001fc   0x080001fc   0x00000000   Code   RO         6031    .ARM.Collect$$libshutdown$$0000000A  c_w.l(libshutdown2.o)
    0x080001fc   0x080001fc   0x00000000   Code   RO         6033    .ARM.Collect$$libshutdown$$0000000C  c_w.l(libshutdown2.o)
    0x080001fc   0x080001fc   0x00000000   Code   RO         6036    .ARM.Collect$$libshutdown$$0000000F  c_w.l(libshutdown2.o)
    0x080001fc   0x080001fc   0x00000002   Code   RO         6037    .ARM.Collect$$libshutdown$$00000010  c_w.l(libshutdown2.o)
    0x080001fe   0x080001fe   0x00000000   Code   RO         5845    .ARM.Collect$$rtentry$$00000000  c_w.l(__rtentry.o)
    0x080001fe   0x080001fe   0x00000000   Code   RO         5868    .ARM.Collect$$rtentry$$00000002  c_w.l(__rtentry2.o)
    0x080001fe   0x080001fe   0x00000006   Code   RO         5880    .ARM.Collect$$rtentry$$00000004  c_w.l(__rtentry4.o)
    0x08000204   0x08000204   0x00000000   Code   RO         5870    .ARM.Collect$$rtentry$$00000009  c_w.l(__rtentry2.o)
    0x08000204   0x08000204   0x00000004   Code   RO         5871    .ARM.Collect$$rtentry$$0000000A  c_w.l(__rtentry2.o)
    0x08000208   0x08000208   0x00000000   Code   RO         5873    .ARM.Collect$$rtentry$$0000000C  c_w.l(__rtentry2.o)
    0x08000208   0x08000208   0x00000008   Code   RO         5874    .ARM.Collect$$rtentry$$0000000D  c_w.l(__rtentry2.o)
    0x08000210   0x08000210   0x00000002   Code   RO         5912    .ARM.Collect$$rtexit$$00000000  c_w.l(rtexit.o)
    0x08000212   0x08000212   0x00000000   Code   RO         5970    .ARM.Collect$$rtexit$$00000002  c_w.l(rtexit2.o)
    0x08000212   0x08000212   0x00000004   Code   RO         5971    .ARM.Collect$$rtexit$$00000003  c_w.l(rtexit2.o)
    0x08000216   0x08000216   0x00000006   Code   RO         5972    .ARM.Collect$$rtexit$$00000004  c_w.l(rtexit2.o)
    0x0800021c   0x0800021c   0x00000010   Code   RO         2368    .emb_text           cpuport.o
    0x0800022c   0x0800022c   0x00000040   Code   RO         2330    .text               startup_stm32f103xe.o
    0x0800026c   0x0800026c   0x000000f4   Code   RO         2432    .text               context_rvds.o
    0x08000360   0x08000360   0x000000ee   Code   RO         5785    .text               c_w.l(lludivv7m.o)
    0x0800044e   0x0800044e   0x0000001a   Code   RO         5787    .text               c_w.l(atoi.o)
    0x08000468   0x08000468   0x00000058   Code   RO         5789    .text               c_w.l(memcmp.o)
    0x080004c0   0x080004c0   0x00000048   Code   RO         5791    .text               c_w.l(strcpy.o)
    0x08000508   0x08000508   0x0000003e   Code   RO         5793    .text               c_w.l(strlen.o)
    0x08000546   0x08000546   0x00000096   Code   RO         5795    .text               c_w.l(strncmp.o)
    0x080005dc   0x080005dc   0x00000018   Code   RO         5797    .text               c_w.l(strcat.o)
    0x080005f4   0x080005f4   0x0000008a   Code   RO         5799    .text               c_w.l(rt_memcpy_v6.o)
    0x0800067e   0x0800067e   0x00000064   Code   RO         5801    .text               c_w.l(rt_memcpy_w.o)
    0x080006e2   0x080006e2   0x00000044   Code   RO         5803    .text               c_w.l(rt_memclr.o)
    0x08000726   0x08000726   0x0000004e   Code   RO         5805    .text               c_w.l(rt_memclr_w.o)
    0x08000774   0x08000774   0x00000056   Code   RO         5807    .text               c_w.l(strncpy.o)
    0x080007ca   0x080007ca   0x00000006   Code   RO         5809    .text               c_w.l(heapauxi.o)
    0x080007d0   0x080007d0   0x00000008   Code   RO         5853    .text               c_w.l(rt_errno_addr_intlibspace.o)
    0x080007d8   0x080007d8   0x00000070   Code   RO         5855    .text               c_w.l(strtol.o)
    0x08000848   0x08000848   0x00000008   Code   RO         5864    .text               c_w.l(libspace.o)
    0x08000850   0x08000850   0x00000010   Code   RO         5882    .text               c_w.l(rt_ctype_table.o)
    0x08000860   0x08000860   0x0000009e   Code   RO         5886    .text               c_w.l(_strtoul.o)
    0x080008fe   0x080008fe   0x0000004a   Code   RO         5888    .text               c_w.l(sys_stackheap_outer.o)
    0x08000948   0x08000948   0x00000008   Code   RO         5893    .text               c_w.l(rt_locale_intlibspace.o)
    0x08000950   0x08000950   0x0000001c   Code   RO         5895    .text               c_w.l(_chval.o)
    0x0800096c   0x0800096c   0x00000012   Code   RO         5900    .text               c_w.l(exit.o)
    0x0800097e   0x0800097e   0x00000002   PAD
    0x08000980   0x08000980   0x00000080   Code   RO         5920    .text               c_w.l(strcmpv7m.o)
    0x08000a00   0x08000a00   0x0000000c   Code   RO         5967    .text               c_w.l(sys_exit.o)
    0x08000a0c   0x08000a0c   0x00000002   Code   RO         5986    .text               c_w.l(use_no_semi.o)
    0x08000a0e   0x08000a0e   0x00000000   Code   RO         5988    .text               c_w.l(indicate_semi.o)
    0x08000a0e   0x08000a0e   0x0000000a   Code   RO          247    i.$Sub$$main        components.o
    0x08000a18   0x08000a18   0x00000124   Code   RO         1694    i.CallTasks         tasks.o
    0x08000b3c   0x08000b3c   0x00000018   Code   RO         1953    i.DMA1_Channel5_IRQHandler  drv_usart.o
    0x08000b54   0x08000b54   0x0000002c   Code   RO         3683    i.DMA_SetConfig     stm32f1xx_hal_dma.o
    0x08000b80   0x08000b80   0x00000012   Code   RO         1838    i.EXTI0_IRQHandler  drv_gpio.o
    0x08000b92   0x08000b92   0x0000003c   Code   RO         1839    i.EXTI15_10_IRQHandler  drv_gpio.o
    0x08000bce   0x08000bce   0x00000012   Code   RO         1840    i.EXTI1_IRQHandler  drv_gpio.o
    0x08000be0   0x08000be0   0x00000012   Code   RO         1841    i.EXTI2_IRQHandler  drv_gpio.o
    0x08000bf2   0x08000bf2   0x00000012   Code   RO         1842    i.EXTI3_IRQHandler  drv_gpio.o
    0x08000c04   0x08000c04   0x00000012   Code   RO         1843    i.EXTI4_IRQHandler  drv_gpio.o
    0x08000c16   0x08000c16   0x0000002e   Code   RO         1844    i.EXTI9_5_IRQHandler  drv_gpio.o
    0x08000c44   0x08000c44   0x00000054   Code   RO         1695    i.Func_thread_BaseX1  tasks.o
    0x08000c98   0x08000c98   0x0000004c   Code   RO         1696    i.Func_thread_X2    tasks.o
    0x08000ce4   0x08000ce4   0x000001a8   Code   RO         3685    i.HAL_DMA_Abort_IT  stm32f1xx_hal_dma.o
    0x08000e8c   0x08000e8c   0x0000008c   Code   RO         3686    i.HAL_DMA_DeInit    stm32f1xx_hal_dma.o
    0x08000f18   0x08000f18   0x00000398   Code   RO         3689    i.HAL_DMA_IRQHandler  stm32f1xx_hal_dma.o
    0x080012b0   0x080012b0   0x0000008c   Code   RO         3690    i.HAL_DMA_Init      stm32f1xx_hal_dma.o
    0x0800133c   0x0800133c   0x0000009c   Code   RO         3694    i.HAL_DMA_Start_IT  stm32f1xx_hal_dma.o
    0x080013d8   0x080013d8   0x00000154   Code   RO         4396    i.HAL_GPIO_DeInit   stm32f1xx_hal_gpio.o
    0x0800152c   0x0800152c   0x0000003c   Code   RO         1845    i.HAL_GPIO_EXTI_Callback  drv_gpio.o
    0x08001568   0x08001568   0x0000001c   Code   RO         4398    i.HAL_GPIO_EXTI_IRQHandler  stm32f1xx_hal_gpio.o
    0x08001584   0x08001584   0x00000340   Code   RO         4399    i.HAL_GPIO_Init     stm32f1xx_hal_gpio.o
    0x080018c4   0x080018c4   0x00000010   Code   RO         4401    i.HAL_GPIO_ReadPin  stm32f1xx_hal_gpio.o
    0x080018d4   0x080018d4   0x0000000c   Code   RO         4403    i.HAL_GPIO_WritePin  stm32f1xx_hal_gpio.o
    0x080018e0   0x080018e0   0x00000012   Code   RO         2235    i.HAL_GetTick       drv_common.o
    0x080018f2   0x080018f2   0x00000002   PAD
    0x080018f4   0x080018f4   0x00000018   Code   RO         4203    i.HAL_IncTick       stm32f1xx_hal.o
    0x0800190c   0x0800190c   0x00000028   Code   RO         4204    i.HAL_Init          stm32f1xx_hal.o
    0x08001934   0x08001934   0x00000006   Code   RO         2236    i.HAL_InitTick      drv_common.o
    0x0800193a   0x0800193a   0x00000002   PAD
    0x0800193c   0x0800193c   0x00000054   Code   RO         1772    i.HAL_MspInit       stm32f1xx_hal_msp.o
    0x08001990   0x08001990   0x00000044   Code   RO         3779    i.HAL_NVIC_DisableIRQ  stm32f1xx_hal_cortex.o
    0x080019d4   0x080019d4   0x00000020   Code   RO         3780    i.HAL_NVIC_EnableIRQ  stm32f1xx_hal_cortex.o
    0x080019f4   0x080019f4   0x0000007c   Code   RO         3786    i.HAL_NVIC_SetPriority  stm32f1xx_hal_cortex.o
    0x08001a70   0x08001a70   0x00000028   Code   RO         3787    i.HAL_NVIC_SetPriorityGrouping  stm32f1xx_hal_cortex.o
    0x08001a98   0x08001a98   0x0000018c   Code   RO         4044    i.HAL_RCC_ClockConfig  stm32f1xx_hal_rcc.o
    0x08001c24   0x08001c24   0x0000000c   Code   RO         4049    i.HAL_RCC_GetHCLKFreq  stm32f1xx_hal_rcc.o
    0x08001c30   0x08001c30   0x00000020   Code   RO         4051    i.HAL_RCC_GetPCLK1Freq  stm32f1xx_hal_rcc.o
    0x08001c50   0x08001c50   0x00000020   Code   RO         4052    i.HAL_RCC_GetPCLK2Freq  stm32f1xx_hal_rcc.o
    0x08001c70   0x08001c70   0x00000094   Code   RO         4053    i.HAL_RCC_GetSysClockFreq  stm32f1xx_hal_rcc.o
    0x08001d04   0x08001d04   0x00000464   Code   RO         4056    i.HAL_RCC_OscConfig  stm32f1xx_hal_rcc.o
    0x08002168   0x08002168   0x00000028   Code   RO         3789    i.HAL_SYSTICK_CLKSourceConfig  stm32f1xx_hal_cortex.o
    0x08002190   0x08002190   0x00000034   Code   RO         3791    i.HAL_SYSTICK_Config  stm32f1xx_hal_cortex.o
    0x080021c4   0x080021c4   0x00000002   Code   RO         5535    i.HAL_TIMEx_BreakCallback  stm32f1xx_hal_tim_ex.o
    0x080021c6   0x080021c6   0x00000002   Code   RO         5536    i.HAL_TIMEx_CommutCallback  stm32f1xx_hal_tim_ex.o
    0x080021c8   0x080021c8   0x00000054   Code   RO         5553    i.HAL_TIMEx_MasterConfigSynchronization  stm32f1xx_hal_tim_ex.o
    0x0800221c   0x0800221c   0x00000034   Code   RO         4849    i.HAL_TIM_Base_Init  stm32f1xx_hal_tim.o
    0x08002250   0x08002250   0x00000070   Code   RO         1774    i.HAL_TIM_Base_MspInit  stm32f1xx_hal_msp.o
    0x080022c0   0x080022c0   0x0000002a   Code   RO         4854    i.HAL_TIM_Base_Start_IT  stm32f1xx_hal_tim.o
    0x080022ea   0x080022ea   0x00000038   Code   RO         4857    i.HAL_TIM_Base_Stop_IT  stm32f1xx_hal_tim.o
    0x08002322   0x08002322   0x00000108   Code   RO         4858    i.HAL_TIM_ConfigClockSource  stm32f1xx_hal_tim.o
    0x0800242a   0x0800242a   0x00000036   Code   RO         4877    i.HAL_TIM_GenerateEvent  stm32f1xx_hal_tim.o
    0x08002460   0x08002460   0x00000002   Code   RO         4878    i.HAL_TIM_IC_CaptureCallback  stm32f1xx_hal_tim.o
    0x08002462   0x08002462   0x00000196   Code   RO         4892    i.HAL_TIM_IRQHandler  stm32f1xx_hal_tim.o
    0x080025f8   0x080025f8   0x00000058   Code   RO         1775    i.HAL_TIM_MspPostInit  stm32f1xx_hal_msp.o
    0x08002650   0x08002650   0x00000002   Code   RO         4895    i.HAL_TIM_OC_DelayElapsedCallback  stm32f1xx_hal_tim.o
    0x08002652   0x08002652   0x00000108   Code   RO         4916    i.HAL_TIM_PWM_ConfigChannel  stm32f1xx_hal_tim.o
    0x0800275a   0x0800275a   0x00000034   Code   RO         4919    i.HAL_TIM_PWM_Init  stm32f1xx_hal_tim.o
    0x0800278e   0x0800278e   0x00000002   Code   RO         4921    i.HAL_TIM_PWM_MspInit  stm32f1xx_hal_tim.o
    0x08002790   0x08002790   0x00000002   Code   RO         4922    i.HAL_TIM_PWM_PulseFinishedCallback  stm32f1xx_hal_tim.o
    0x08002792   0x08002792   0x00000002   PAD
    0x08002794   0x08002794   0x00000058   Code   RO         4924    i.HAL_TIM_PWM_Start  stm32f1xx_hal_tim.o
    0x080027ec   0x080027ec   0x00000088   Code   RO         4927    i.HAL_TIM_PWM_Stop  stm32f1xx_hal_tim.o
    0x08002874   0x08002874   0x0000001c   Code   RO         2109    i.HAL_TIM_PeriodElapsedCallback  drv_hwtimer.o
    0x08002890   0x08002890   0x00000002   Code   RO         4935    i.HAL_TIM_TriggerCallback  stm32f1xx_hal_tim.o
    0x08002892   0x08002892   0x00000002   PAD
    0x08002894   0x08002894   0x0000002c   Code   RO         1954    i.HAL_UART_ErrorCallback  drv_usart.o
    0x080028c0   0x080028c0   0x0000014c   Code   RO         4522    i.HAL_UART_IRQHandler  stm32f1xx_hal_uart.o
    0x08002a0c   0x08002a0c   0x00000072   Code   RO         4523    i.HAL_UART_Init     stm32f1xx_hal_uart.o
    0x08002a7e   0x08002a7e   0x00000002   PAD
    0x08002a80   0x08002a80   0x00000088   Code   RO         1777    i.HAL_UART_MspInit  stm32f1xx_hal_msp.o
    0x08002b08   0x08002b08   0x000000c4   Code   RO         4527    i.HAL_UART_Receive_DMA  stm32f1xx_hal_uart.o
    0x08002bcc   0x08002bcc   0x00000034   Code   RO         1955    i.HAL_UART_RxCpltCallback  drv_usart.o
    0x08002c00   0x08002c00   0x00000034   Code   RO         1956    i.HAL_UART_RxHalfCpltCallback  drv_usart.o
    0x08002c34   0x08002c34   0x0000009c   Code   RO         4532    i.HAL_UART_Transmit_DMA  stm32f1xx_hal_uart.o
    0x08002cd0   0x08002cd0   0x00000034   Code   RO         1957    i.HAL_UART_TxCpltCallback  drv_usart.o
    0x08002d04   0x08002d04   0x00000002   Code   RO         4535    i.HAL_UART_TxHalfCpltCallback  stm32f1xx_hal_uart.o
    0x08002d06   0x08002d06   0x00000002   PAD
    0x08002d08   0x08002d08   0x00000028   Code   RO         4057    i.RCC_Delay         stm32f1xx_hal_rcc.o
    0x08002d30   0x08002d30   0x00000018   Code   RO         1697    i.ReTasks           tasks.o
    0x08002d48   0x08002d48   0x00000040   Code   RO         1632    i.Run_prc_x1        process.o
    0x08002d88   0x08002d88   0x00000040   Code   RO         1633    i.Run_prc_x2        process.o
    0x08002dc8   0x08002dc8   0x00000014   Code   RO         2239    i.SysTick_Handler   drv_common.o
    0x08002ddc   0x08002ddc   0x00000094   Code   RO         1744    i.SystemClock_Config  board.o
    0x08002e70   0x08002e70   0x00000058   Code   RO         3647    i.SystemInit        system_stm32f1xx.o
    0x08002ec8   0x08002ec8   0x00000018   Code   RO         2110    i.TIM3_IRQHandler   drv_hwtimer.o
    0x08002ee0   0x08002ee0   0x0000009c   Code   RO         4937    i.TIM_Base_SetConfig  stm32f1xx_hal_tim.o
    0x08002f7c   0x08002f7c   0x00000022   Code   RO         4938    i.TIM_CCxChannelCmd  stm32f1xx_hal_tim.o
    0x08002f9e   0x08002f9e   0x00000016   Code   RO         4948    i.TIM_ETR_SetConfig  stm32f1xx_hal_tim.o
    0x08002fb4   0x08002fb4   0x00000012   Code   RO         4949    i.TIM_ITRx_SetConfig  stm32f1xx_hal_tim.o
    0x08002fc6   0x08002fc6   0x00000002   PAD
    0x08002fc8   0x08002fc8   0x00000070   Code   RO         4950    i.TIM_OC1_SetConfig  stm32f1xx_hal_tim.o
    0x08003038   0x08003038   0x0000007c   Code   RO         4951    i.TIM_OC2_SetConfig  stm32f1xx_hal_tim.o
    0x080030b4   0x080030b4   0x00000078   Code   RO         4952    i.TIM_OC3_SetConfig  stm32f1xx_hal_tim.o
    0x0800312c   0x0800312c   0x00000054   Code   RO         4953    i.TIM_OC4_SetConfig  stm32f1xx_hal_tim.o
    0x08003180   0x08003180   0x00000026   Code   RO         4955    i.TIM_TI1_ConfigInputStage  stm32f1xx_hal_tim.o
    0x080031a6   0x080031a6   0x00000028   Code   RO         4957    i.TIM_TI2_ConfigInputStage  stm32f1xx_hal_tim.o
    0x080031ce   0x080031ce   0x00000014   Code   RO         4536    i.UART_DMAAbortOnError  stm32f1xx_hal_uart.o
    0x080031e2   0x080031e2   0x00000050   Code   RO         4537    i.UART_DMAError     stm32f1xx_hal_uart.o
    0x08003232   0x08003232   0x00000046   Code   RO         4538    i.UART_DMAReceiveCplt  stm32f1xx_hal_uart.o
    0x08003278   0x08003278   0x0000000e   Code   RO         4540    i.UART_DMARxHalfCplt  stm32f1xx_hal_uart.o
    0x08003286   0x08003286   0x00000036   Code   RO         4542    i.UART_DMATransmitCplt  stm32f1xx_hal_uart.o
    0x080032bc   0x080032bc   0x0000000e   Code   RO         4544    i.UART_DMATxHalfCplt  stm32f1xx_hal_uart.o
    0x080032ca   0x080032ca   0x00000020   Code   RO         4546    i.UART_EndRxTransfer  stm32f1xx_hal_uart.o
    0x080032ea   0x080032ea   0x00000020   Code   RO         4547    i.UART_EndTransmit_IT  stm32f1xx_hal_uart.o
    0x0800330a   0x0800330a   0x00000014   Code   RO         4548    i.UART_EndTxTransfer  stm32f1xx_hal_uart.o
    0x0800331e   0x0800331e   0x000000a6   Code   RO         4549    i.UART_Receive_IT   stm32f1xx_hal_uart.o
    0x080033c4   0x080033c4   0x000001a0   Code   RO         4550    i.UART_SetConfig    stm32f1xx_hal_uart.o
    0x08003564   0x08003564   0x00000068   Code   RO         4551    i.UART_Transmit_IT  stm32f1xx_hal_uart.o
    0x080035cc   0x080035cc   0x00000018   Code   RO         1958    i.USART1_IRQHandler  drv_usart.o
    0x080035e4   0x080035e4   0x00000004   Code   RO         2240    i._Error_Handler    drv_common.o
    0x080035e8   0x080035e8   0x00000010   Code   RO         3793    i.__NVIC_GetPriorityGrouping  stm32f1xx_hal_cortex.o
    0x080035f8   0x080035f8   0x00000028   Code   RO         3794    i.__NVIC_SetPriority  stm32f1xx_hal_cortex.o
    0x08003620   0x08003620   0x00000028   Code   RO         1245    i._get_highest_priority_thread  scheduler.o
    0x08003648   0x08003648   0x00000014   Code   RO          407    i._has_defunct_thread  idle.o
    0x0800365c   0x0800365c   0x00000098   Code   RO         3483    i._msh_exec_cmd     msh.o
    0x080036f4   0x080036f4   0x00000048   Code   RO         2490    i._pin_control      pin.o
    0x0800373c   0x0800373c   0x00000054   Code   RO         2491    i._pin_read         pin.o
    0x08003790   0x08003790   0x00000054   Code   RO         2492    i._pin_write        pin.o
    0x080037e4   0x080037e4   0x0000002a   Code   RO         2559    i._pwm_control      rt_drv_pwm.o
    0x0800380e   0x0800380e   0x00000048   Code   RO         2560    i._pwm_read         rt_drv_pwm.o
    0x08003856   0x08003856   0x00000060   Code   RO         2561    i._pwm_write        rt_drv_pwm.o
    0x080038b6   0x080038b6   0x00000002   PAD
    0x080038b8   0x080038b8   0x000000c8   Code   RO         1246    i._rt_scheduler_stack_check  scheduler.o
    0x08003980   0x08003980   0x000000d0   Code   RO         1344    i._rt_thread_init   thread.o
    0x08003a50   0x08003a50   0x00000042   Code   RO         1487    i._rt_timer_init    timer.o
    0x08003a92   0x08003a92   0x0000002e   Code   RO         1488    i._rt_timer_remove  timer.o
    0x08003ac0   0x08003ac0   0x00000040   Code   RO         2630    i._serial_check_buffer_size  serial.o
    0x08003b00   0x08003b00   0x00000194   Code   RO         2631    i._serial_dma_rx    serial.o
    0x08003c94   0x08003c94   0x0000005c   Code   RO         2632    i._serial_dma_tx    serial.o
    0x08003cf0   0x08003cf0   0x00000064   Code   RO         2633    i._serial_fifo_calc_recved_len  serial.o
    0x08003d54   0x08003d54   0x000000b8   Code   RO         2634    i._serial_int_rx    serial.o
    0x08003e0c   0x08003e0c   0x00000070   Code   RO         2635    i._serial_int_tx    serial.o
    0x08003e7c   0x08003e7c   0x0000005c   Code   RO         2636    i._serial_poll_rx   serial.o
    0x08003ed8   0x08003ed8   0x00000054   Code   RO         2637    i._serial_poll_tx   serial.o
    0x08003f2c   0x08003f2c   0x0000001e   Code   RO         1846    i.bit2bitno         drv_gpio.o
    0x08003f4a   0x08003f4a   0x00000002   PAD
    0x08003f4c   0x08003f4c   0x000000fc   Code   RO         2369    i.bus_fault_track   cpuport.o
    0x08004048   0x08004048   0x0000000e   Code   RO         3484    i.cmd_free          msh.o
    0x08004056   0x08004056   0x0000000e   Code   RO         3485    i.cmd_ps            msh.o
    0x08004064   0x08004064   0x00000088   Code   RO         1959    i.dma_isr           drv_usart.o
    0x080040ec   0x080040ec   0x00000054   Code   RO         2175    i.drv_pwm_control   drv_pwm.o
    0x08004140   0x08004140   0x0000002a   Code   RO         2176    i.drv_pwm_enable    drv_pwm.o
    0x0800416a   0x0800416a   0x00000002   PAD
    0x0800416c   0x0800416c   0x000000d8   Code   RO         2177    i.drv_pwm_get       drv_pwm.o
    0x08004244   0x08004244   0x00000120   Code   RO         2178    i.drv_pwm_set       drv_pwm.o
    0x08004364   0x08004364   0x00000074   Code   RO         3241    i.finsh_get_prompt  shell.o
    0x080043d8   0x080043d8   0x0000005c   Code   RO         3243    i.finsh_getchar     shell.o
    0x08004434   0x08004434   0x00000040   Code   RO         3244    i.finsh_rx_ind      shell.o
    0x08004474   0x08004474   0x000000dc   Code   RO         3245    i.finsh_set_device  shell.o
    0x08004550   0x08004550   0x00000048   Code   RO         3248    i.finsh_set_prompt_mode  shell.o
    0x08004598   0x08004598   0x00000014   Code   RO         3249    i.finsh_system_function_init  shell.o
    0x080045ac   0x080045ac   0x0000009c   Code   RO         3250    i.finsh_system_init  shell.o
    0x08004648   0x08004648   0x00000504   Code   RO         3252    i.finsh_thread_entry  shell.o
    0x08004b4c   0x08004b4c   0x00000024   Code   RO         1847    i.get_pin           drv_gpio.o
    0x08004b70   0x08004b70   0x00000080   Code   RO         2370    i.hard_fault_track  cpuport.o
    0x08004bf0   0x08004bf0   0x00000020   Code   RO         3362    i.hello             cmd.o
    0x08004c10   0x08004c10   0x00000068   Code   RO         3363    i.list              cmd.o
    0x08004c78   0x08004c78   0x00000118   Code   RO         3364    i.list_device       cmd.o
    0x08004d90   0x08004d90   0x00000144   Code   RO         3365    i.list_event        cmd.o
    0x08004ed4   0x08004ed4   0x0000002a   Code   RO         3366    i.list_find_init    cmd.o
    0x08004efe   0x08004efe   0x00000088   Code   RO         3367    i.list_get_next     cmd.o
    0x08004f86   0x08004f86   0x00000002   PAD
    0x08004f88   0x08004f88   0x0000015c   Code   RO         3368    i.list_mailbox      cmd.o
    0x080050e4   0x080050e4   0x00000078   Code   RO          978    i.list_mem          mem.o
    0x0800515c   0x0800515c   0x00000174   Code   RO         3369    i.list_mempool      cmd.o
    0x080052d0   0x080052d0   0x00000144   Code   RO         3370    i.list_msgqueue     cmd.o
    0x08005414   0x08005414   0x0000010c   Code   RO         3371    i.list_mutex        cmd.o
    0x08005520   0x08005520   0x00000138   Code   RO         3372    i.list_sem          cmd.o
    0x08005658   0x08005658   0x000001e4   Code   RO         3373    i.list_thread       cmd.o
    0x0800583c   0x0800583c   0x00000160   Code   RO         3374    i.list_timer        cmd.o
    0x0800599c   0x0800599c   0x0000000a   Code   RO         1611    i.main              main.o
    0x080059a6   0x080059a6   0x0000000e   Code   RO          248    i.main_thread_entry  components.o
    0x080059b4   0x080059b4   0x000000e8   Code   RO         2371    i.mem_manage_fault_track  cpuport.o
    0x08005a9c   0x08005a9c   0x000000a0   Code   RO         3486    i.msh_auto_complete  msh.o
    0x08005b3c   0x08005b3c   0x0000006c   Code   RO         3487    i.msh_exec          msh.o
    0x08005ba8   0x08005ba8   0x0000005c   Code   RO         3488    i.msh_get_cmd       msh.o
    0x08005c04   0x08005c04   0x00000080   Code   RO         3489    i.msh_help          msh.o
    0x08005c84   0x08005c84   0x00000004   Code   RO         3490    i.msh_is_used       msh.o
    0x08005c88   0x08005c88   0x000000f0   Code   RO         3491    i.msh_split         msh.o
    0x08005d78   0x08005d78   0x0000001c   Code   RO         3375    i.object_split      cmd.o
    0x08005d94   0x08005d94   0x0000010c   Code   RO          979    i.plug_holes        mem.o
    0x08005ea0   0x08005ea0   0x0000002c   Code   RO         1634    i.prc_main_x1       process.o
    0x08005ecc   0x08005ecc   0x0000002c   Code   RO         1635    i.prc_main_x2       process.o
    0x08005ef8   0x08005ef8   0x00000002   Code   RO         1636    i.prc_postRun_x1    process.o
    0x08005efa   0x08005efa   0x00000002   Code   RO         1637    i.prc_postRun_x2    process.o
    0x08005efc   0x08005efc   0x00000002   Code   RO         1638    i.prc_preRun_x1     process.o
    0x08005efe   0x08005efe   0x00000002   Code   RO         1639    i.prc_preRun_x2     process.o
    0x08005f00   0x08005f00   0x00000198   Code   RO          781    i.print_number      kservice.o
    0x08006098   0x08006098   0x00000060   Code   RO         2562    i.pwm_disable       rt_drv_pwm.o
    0x080060f8   0x080060f8   0x00000060   Code   RO         2563    i.pwm_enable        rt_drv_pwm.o
    0x08006158   0x08006158   0x00000018   Code   RO         2179    i.pwm_get_channel   drv_pwm.o
    0x08006170   0x08006170   0x00000078   Code   RO         2564    i.pwm_set           rt_drv_pwm.o
    0x080061e8   0x080061e8   0x0000000c   Code   RO         2241    i.reboot            drv_common.o
    0x080061f4   0x080061f4   0x00000050   Code   RO          249    i.rt_application_init  components.o
    0x08006244   0x08006244   0x00000074   Code   RO          782    i.rt_assert_handler  kservice.o
    0x080062b8   0x080062b8   0x00000022   Code   RO          980    i.rt_calloc         mem.o
    0x080062da   0x080062da   0x00000002   PAD
    0x080062dc   0x080062dc   0x00000068   Code   RO         2736    i.rt_completion_done  completion.o
    0x08006344   0x08006344   0x00000048   Code   RO         2737    i.rt_completion_init  completion.o
    0x0800638c   0x0800638c   0x00000140   Code   RO         2738    i.rt_completion_wait  completion.o
    0x080064cc   0x080064cc   0x0000001c   Code   RO          250    i.rt_components_board_init  components.o
    0x080064e8   0x080064e8   0x0000001c   Code   RO          251    i.rt_components_init  components.o
    0x08006504   0x08006504   0x0000000c   Code   RO          784    i.rt_console_get_device  kservice.o
    0x08006510   0x08006510   0x00000034   Code   RO          785    i.rt_console_set_device  kservice.o
    0x08006544   0x08006544   0x00000064   Code   RO         2769    i.rt_data_queue_init  dataqueue.o
    0x080065a8   0x080065a8   0x00000080   Code   RO         2770    i.rt_data_queue_peak  dataqueue.o
    0x08006628   0x08006628   0x000001c0   Code   RO         2771    i.rt_data_queue_pop  dataqueue.o
    0x080067e8   0x080067e8   0x00000160   Code   RO         2772    i.rt_data_queue_push  dataqueue.o
    0x08006948   0x08006948   0x000000ac   Code   RO          316    i.rt_device_close   device.o
    0x080069f4   0x080069f4   0x00000094   Code   RO          317    i.rt_device_control  device.o
    0x08006a88   0x08006a88   0x0000007c   Code   RO          320    i.rt_device_find    device.o
    0x08006b04   0x08006b04   0x00000068   Code   RO         2436    i.rt_device_hwtimer_isr  hwtimer.o
    0x08006b6c   0x08006b6c   0x000000cc   Code   RO         2437    i.rt_device_hwtimer_register  hwtimer.o
    0x08006c38   0x08006c38   0x00000148   Code   RO          323    i.rt_device_open    device.o
    0x08006d80   0x08006d80   0x00000048   Code   RO         2493    i.rt_device_pin_register  pin.o
    0x08006dc8   0x08006dc8   0x00000054   Code   RO         2565    i.rt_device_pwm_register  rt_drv_pwm.o
    0x08006e1c   0x08006e1c   0x000000b4   Code   RO          324    i.rt_device_read    device.o
    0x08006ed0   0x08006ed0   0x00000034   Code   RO          325    i.rt_device_register  device.o
    0x08006f04   0x08006f04   0x00000080   Code   RO          326    i.rt_device_set_rx_indicate  device.o
    0x08006f84   0x08006f84   0x000000b4   Code   RO          329    i.rt_device_write   device.o
    0x08007038   0x08007038   0x0000000c   Code   RO         2638    i.rt_dma_calc_recved_len  serial.o
    0x08007044   0x08007044   0x0000009c   Code   RO         2639    i.rt_dma_recv_update_get_index  serial.o
    0x080070e0   0x080070e0   0x000000a8   Code   RO         2640    i.rt_dma_recv_update_put_index  serial.o
    0x08007188   0x08007188   0x00000020   Code   RO         1248    i.rt_enter_critical  scheduler.o
    0x080071a8   0x080071a8   0x00000044   Code   RO         1249    i.rt_exit_critical  scheduler.o
    0x080071ec   0x080071ec   0x00000208   Code   RO          981    i.rt_free           mem.o
    0x080073f4   0x080073f4   0x0000004c   Code   RO         2242    i.rt_hw_board_init  drv_common.o
    0x08007440   0x08007440   0x00000002   Code   RO          788    i.rt_hw_console_output  kservice.o
    0x08007442   0x08007442   0x00000002   PAD
    0x08007444   0x08007444   0x00000010   Code   RO         2372    i.rt_hw_cpu_reset   cpuport.o
    0x08007454   0x08007454   0x00000208   Code   RO         2375    i.rt_hw_hard_fault_exception  cpuport.o
    0x0800765c   0x0800765c   0x000000d4   Code   RO         1848    i.rt_hw_pin_init    drv_gpio.o
    0x08007730   0x08007730   0x000001e0   Code   RO         2641    i.rt_hw_serial_isr  serial.o
    0x08007910   0x08007910   0x00000080   Code   RO         2642    i.rt_hw_serial_register  serial.o
    0x08007990   0x08007990   0x0000004c   Code   RO         2376    i.rt_hw_stack_init  cpuport.o
    0x080079dc   0x080079dc   0x00000026   Code   RO         2243    i.rt_hw_systick_init  drv_common.o
    0x08007a02   0x08007a02   0x00000002   PAD
    0x08007a04   0x08007a04   0x000000e4   Code   RO         1960    i.rt_hw_usart_init  drv_usart.o
    0x08007ae8   0x08007ae8   0x0000002e   Code   RO         2438    i.rt_hwtimer_close  hwtimer.o
    0x08007b16   0x08007b16   0x000000ce   Code   RO         2439    i.rt_hwtimer_control  hwtimer.o
    0x08007be4   0x08007be4   0x00000050   Code   RO         2440    i.rt_hwtimer_init   hwtimer.o
    0x08007c34   0x08007c34   0x0000002c   Code   RO         2441    i.rt_hwtimer_open   hwtimer.o
    0x08007c60   0x08007c60   0x000000c8   Code   RO         2442    i.rt_hwtimer_read   hwtimer.o
    0x08007d28   0x08007d28   0x00000066   Code   RO         2443    i.rt_hwtimer_write  hwtimer.o
    0x08007d8e   0x08007d8e   0x00000002   PAD
    0x08007d90   0x08007d90   0x00000038   Code   RO          741    i.rt_interrupt_enter  irq.o
    0x08007dc8   0x08007dc8   0x0000001c   Code   RO          743    i.rt_interrupt_get_nest  irq.o
    0x08007de4   0x08007de4   0x00000038   Code   RO          744    i.rt_interrupt_leave  irq.o
    0x08007e1c   0x08007e1c   0x00000018   Code   RO          467    i.rt_ipc_list_resume  ipc.o
    0x08007e34   0x08007e34   0x0000006c   Code   RO          469    i.rt_ipc_list_suspend  ipc.o
    0x08007ea0   0x08007ea0   0x00000010   Code   RO          470    i.rt_ipc_object_init  ipc.o
    0x08007eb0   0x08007eb0   0x00000068   Code   RO          789    i.rt_kprintf        kservice.o
    0x08007f18   0x08007f18   0x00000006   Code   RO          471    i.rt_list_init      ipc.o
    0x08007f1e   0x08007f1e   0x00000006   Code   RO         1250    i.rt_list_init      scheduler.o
    0x08007f24   0x08007f24   0x00000006   Code   RO         1489    i.rt_list_init      timer.o
    0x08007f2a   0x08007f2a   0x00000006   Code   RO         2774    i.rt_list_init      dataqueue.o
    0x08007f30   0x08007f30   0x0000000e   Code   RO         1138    i.rt_list_insert_after  object.o
    0x08007f3e   0x08007f3e   0x0000000e   Code   RO         1345    i.rt_list_insert_after  thread.o
    0x08007f4c   0x08007f4c   0x0000000e   Code   RO         1490    i.rt_list_insert_after  timer.o
    0x08007f5a   0x08007f5a   0x0000000e   Code   RO          472    i.rt_list_insert_before  ipc.o
    0x08007f68   0x08007f68   0x0000000e   Code   RO         2775    i.rt_list_insert_before  dataqueue.o
    0x08007f76   0x08007f76   0x00000010   Code   RO          473    i.rt_list_isempty   ipc.o
    0x08007f86   0x08007f86   0x00000010   Code   RO         1491    i.rt_list_isempty   timer.o
    0x08007f96   0x08007f96   0x00000010   Code   RO         2739    i.rt_list_isempty   completion.o
    0x08007fa6   0x08007fa6   0x00000010   Code   RO         2776    i.rt_list_isempty   dataqueue.o
    0x08007fb6   0x08007fb6   0x00000010   Code   RO         3376    i.rt_list_isempty   cmd.o
    0x08007fc6   0x08007fc6   0x00000014   Code   RO         3377    i.rt_list_len       cmd.o
    0x08007fda   0x08007fda   0x00000012   Code   RO         1139    i.rt_list_remove    object.o
    0x08007fec   0x08007fec   0x00000012   Code   RO         1346    i.rt_list_remove    thread.o
    0x08007ffe   0x08007ffe   0x00000002   PAD
    0x08008000   0x08008000   0x000002bc   Code   RO          983    i.rt_malloc         mem.o
    0x080082bc   0x080082bc   0x0000007c   Code   RO          793    i.rt_memcpy         kservice.o
    0x08008338   0x08008338   0x00000042   Code   RO          794    i.rt_memmove        kservice.o
    0x0800837a   0x0800837a   0x00000048   Code   RO          795    i.rt_memset         kservice.o
    0x080083c2   0x080083c2   0x00000002   PAD
    0x080083c4   0x080083c4   0x000000ec   Code   RO         1140    i.rt_object_allocate  object.o
    0x080084b0   0x080084b0   0x000000a0   Code   RO         1142    i.rt_object_delete  object.o
    0x08008550   0x08008550   0x0000005c   Code   RO         1143    i.rt_object_detach  object.o
    0x080085ac   0x080085ac   0x00000028   Code   RO         1146    i.rt_object_get_information  object.o
    0x080085d4   0x080085d4   0x00000034   Code   RO         1147    i.rt_object_get_type  object.o
    0x08008608   0x08008608   0x000000bc   Code   RO         1148    i.rt_object_init    object.o
    0x080086c4   0x080086c4   0x0000003c   Code   RO         1149    i.rt_object_is_systemobject  object.o
    0x08008700   0x08008700   0x00000048   Code   RO         2497    i.rt_pin_mode       pin.o
    0x08008748   0x08008748   0x00000044   Code   RO         2498    i.rt_pin_read       pin.o
    0x0800878c   0x0800878c   0x00000048   Code   RO         2499    i.rt_pin_write      pin.o
    0x080087d4   0x080087d4   0x0000002a   Code   RO         2566    i.rt_pwm_disable    rt_drv_pwm.o
    0x080087fe   0x080087fe   0x0000002a   Code   RO         2567    i.rt_pwm_enable     rt_drv_pwm.o
    0x08008828   0x08008828   0x00000038   Code   RO         2568    i.rt_pwm_set        rt_drv_pwm.o
    0x08008860   0x08008860   0x00000144   Code   RO         1251    i.rt_schedule       scheduler.o
    0x080089a4   0x080089a4   0x0000009c   Code   RO         1252    i.rt_schedule_insert_thread  scheduler.o
    0x08008a40   0x08008a40   0x00000080   Code   RO         1253    i.rt_schedule_remove_thread  scheduler.o
    0x08008ac0   0x08008ac0   0x0000006c   Code   RO          502    i.rt_sem_init       ipc.o
    0x08008b2c   0x08008b2c   0x00000090   Code   RO          503    i.rt_sem_release    ipc.o
    0x08008bbc   0x08008bbc   0x000001a4   Code   RO          504    i.rt_sem_take       ipc.o
    0x08008d60   0x08008d60   0x00000184   Code   RO         2643    i.rt_serial_close   serial.o
    0x08008ee4   0x08008ee4   0x000000a4   Code   RO         2644    i.rt_serial_control  serial.o
    0x08008f88   0x08008f88   0x00000048   Code   RO         2645    i.rt_serial_init    serial.o
    0x08008fd0   0x08008fd0   0x000002ac   Code   RO         2646    i.rt_serial_open    serial.o
    0x0800927c   0x0800927c   0x0000006c   Code   RO         2647    i.rt_serial_read    serial.o
    0x080092e8   0x080092e8   0x0000006c   Code   RO         2648    i.rt_serial_write   serial.o
    0x08009354   0x08009354   0x00000028   Code   RO          796    i.rt_set_errno      kservice.o
    0x0800937c   0x0800937c   0x000000b0   Code   RO          797    i.rt_show_version   kservice.o
    0x0800942c   0x0800942c   0x00000022   Code   RO          799    i.rt_sprintf        kservice.o
    0x0800944e   0x0800944e   0x00000012   Code   RO          803    i.rt_strlen         kservice.o
    0x08009460   0x08009460   0x00000028   Code   RO          804    i.rt_strncmp        kservice.o
    0x08009488   0x08009488   0x00000034   Code   RO          805    i.rt_strncpy        kservice.o
    0x080094bc   0x080094bc   0x00000154   Code   RO          987    i.rt_system_heap_init  mem.o
    0x08009610   0x08009610   0x00000040   Code   RO         1255    i.rt_system_scheduler_init  scheduler.o
    0x08009650   0x08009650   0x00000028   Code   RO         1256    i.rt_system_scheduler_start  scheduler.o
    0x08009678   0x08009678   0x0000001c   Code   RO         1492    i.rt_system_timer_init  timer.o
    0x08009694   0x08009694   0x00000002   Code   RO         1493    i.rt_system_timer_thread_init  timer.o
    0x08009696   0x08009696   0x00000050   Code   RO         1348    i.rt_thread_create  thread.o
    0x080096e6   0x080096e6   0x00000002   PAD
    0x080096e8   0x080096e8   0x00000054   Code   RO         1352    i.rt_thread_exit    thread.o
    0x0800973c   0x0800973c   0x00000028   Code   RO          409    i.rt_thread_idle_entry  idle.o
    0x08009764   0x08009764   0x000000e4   Code   RO          410    i.rt_thread_idle_excute  idle.o
    0x08009848   0x08009848   0x00000060   Code   RO          412    i.rt_thread_idle_init  idle.o
    0x080098a8   0x080098a8   0x0000007c   Code   RO         1354    i.rt_thread_init    thread.o
    0x08009924   0x08009924   0x0000009c   Code   RO         1357    i.rt_thread_resume  thread.o
    0x080099c0   0x080099c0   0x0000000c   Code   RO         1359    i.rt_thread_self    thread.o
    0x080099cc   0x080099cc   0x000000c4   Code   RO         1361    i.rt_thread_startup  thread.o
    0x08009a90   0x08009a90   0x000000dc   Code   RO         1362    i.rt_thread_suspend  thread.o
    0x08009b6c   0x08009b6c   0x000000b4   Code   RO         1364    i.rt_thread_timeout  thread.o
    0x08009c20   0x08009c20   0x0000000a   Code   RO         1365    i.rt_thread_yield   thread.o
    0x08009c2a   0x08009c2a   0x00000002   PAD
    0x08009c2c   0x08009c2c   0x0000000c   Code   RO            6    i.rt_tick_get       clock.o
    0x08009c38   0x08009c38   0x00000070   Code   RO            7    i.rt_tick_increase  clock.o
    0x08009ca8   0x08009ca8   0x000000b4   Code   RO         1494    i.rt_timer_check    timer.o
    0x08009d5c   0x08009d5c   0x000000b8   Code   RO         1495    i.rt_timer_control  timer.o
    0x08009e14   0x08009e14   0x000000d4   Code   RO         1498    i.rt_timer_detach   timer.o
    0x08009ee8   0x08009ee8   0x00000054   Code   RO         1501    i.rt_timer_init     timer.o
    0x08009f3c   0x08009f3c   0x000001c0   Code   RO         1504    i.rt_timer_start    timer.o
    0x0800a0fc   0x0800a0fc   0x000000c0   Code   RO         1505    i.rt_timer_stop     timer.o
    0x0800a1bc   0x0800a1bc   0x00000330   Code   RO          808    i.rt_vsnprintf      kservice.o
    0x0800a4ec   0x0800a4ec   0x00000016   Code   RO          809    i.rt_vsprintf       kservice.o
    0x0800a502   0x0800a502   0x00000004   Code   RO          252    i.rti_board_end     components.o
    0x0800a506   0x0800a506   0x00000004   Code   RO          253    i.rti_board_start   components.o
    0x0800a50a   0x0800a50a   0x00000004   Code   RO          254    i.rti_end           components.o
    0x0800a50e   0x0800a50e   0x00000004   Code   RO          255    i.rti_start         components.o
    0x0800a512   0x0800a512   0x0000002a   Code   RO          256    i.rtthread_startup  components.o
    0x0800a53c   0x0800a53c   0x00000038   Code   RO         3253    i.shell_auto_complete  shell.o
    0x0800a574   0x0800a574   0x00000030   Code   RO         3254    i.shell_handle_history  shell.o
    0x0800a5a4   0x0800a5a4   0x000000d8   Code   RO         3255    i.shell_push_history  shell.o
    0x0800a67c   0x0800a67c   0x00000030   Code   RO         3378    i.show_wait_queue   cmd.o
    0x0800a6ac   0x0800a6ac   0x00000026   Code   RO          810    i.skip_atoi         kservice.o
    0x0800a6d2   0x0800a6d2   0x00000002   PAD
    0x0800a6d4   0x0800a6d4   0x000000ec   Code   RO         1961    i.stm32_configure   drv_usart.o
    0x0800a7c0   0x0800a7c0   0x000000d0   Code   RO         1962    i.stm32_control     drv_usart.o
    0x0800a890   0x0800a890   0x0000016c   Code   RO         1963    i.stm32_dma_config  drv_usart.o
    0x0800a9fc   0x0800a9fc   0x00000058   Code   RO         1964    i.stm32_dma_transmit  drv_usart.o
    0x0800aa54   0x0800aa54   0x00000044   Code   RO         1965    i.stm32_getc        drv_usart.o
    0x0800aa98   0x0800aa98   0x000002ec   Code   RO         2180    i.stm32_hw_pwm_init  drv_pwm.o
    0x0800ad84   0x0800ad84   0x000000d0   Code   RO         2111    i.stm32_hwtimer_init  drv_hwtimer.o
    0x0800ae54   0x0800ae54   0x000000dc   Code   RO         1849    i.stm32_pin_attach_irq  drv_gpio.o
    0x0800af30   0x0800af30   0x0000008c   Code   RO         1850    i.stm32_pin_dettach_irq  drv_gpio.o
    0x0800afbc   0x0800afbc   0x0000018c   Code   RO         1851    i.stm32_pin_irq_enable  drv_gpio.o
    0x0800b148   0x0800b148   0x00000074   Code   RO         1852    i.stm32_pin_mode    drv_gpio.o
    0x0800b1bc   0x0800b1bc   0x0000002a   Code   RO         1853    i.stm32_pin_read    drv_gpio.o
    0x0800b1e6   0x0800b1e6   0x00000028   Code   RO         1854    i.stm32_pin_write   drv_gpio.o
    0x0800b20e   0x0800b20e   0x00000002   PAD
    0x0800b210   0x0800b210   0x0000004c   Code   RO         1966    i.stm32_putc        drv_usart.o
    0x0800b25c   0x0800b25c   0x00000100   Code   RO         2181    i.stm32_pwm_init    drv_pwm.o
    0x0800b35c   0x0800b35c   0x0000002c   Code   RO         1967    i.stm32_uart_get_dma_config  drv_usart.o
    0x0800b388   0x0800b388   0x00000020   Code   RO         3492    i.str_common        msh.o
    0x0800b3a8   0x0800b3a8   0x00000154   Code   RO         2444    i.timeout_calc      hwtimer.o
    0x0800b4fc   0x0800b4fc   0x00000034   Code   RO         2112    i.timer_counter_get  drv_hwtimer.o
    0x0800b530   0x0800b530   0x00000090   Code   RO         2113    i.timer_ctrl        drv_hwtimer.o
    0x0800b5c0   0x0800b5c0   0x000000ec   Code   RO         2114    i.timer_init        drv_hwtimer.o
    0x0800b6ac   0x0800b6ac   0x000000b4   Code   RO         2115    i.timer_start       drv_hwtimer.o
    0x0800b760   0x0800b760   0x00000038   Code   RO         2116    i.timer_stop        drv_hwtimer.o
    0x0800b798   0x0800b798   0x000001b0   Code   RO         1968    i.uart_isr          drv_usart.o
    0x0800b948   0x0800b948   0x000000e8   Code   RO         2377    i.usage_fault_track  cpuport.o
    0x0800ba30   0x0800ba30   0x0000000a   Code   RO         3379    i.version           cmd.o
    0x0800ba3a   0x0800ba3a   0x00000002   PAD
    0x0800ba3c   0x0800ba3c   0x0000002c   Code   RO         5898    locale$$code        c_w.l(lc_ctype_c.o)
    0x0800ba68   0x0800ba68   0x000000c4   Code   RO         5813    x$fpl$fadd          fz_ws.l(faddsub_clz.o)
    0x0800bb2c   0x0800bb2c   0x00000018   Code   RO         5857    x$fpl$fcmpinf       fz_ws.l(fcmpi.o)
    0x0800bb44   0x0800bb44   0x00000184   Code   RO         5820    x$fpl$fdiv          fz_ws.l(fdiv.o)
    0x0800bcc8   0x0800bcc8   0x00000068   Code   RO         5823    x$fpl$feqf          fz_ws.l(feqf.o)
    0x0800bd30   0x0800bd30   0x00000036   Code   RO         5825    x$fpl$ffix          fz_ws.l(ffix.o)
    0x0800bd66   0x0800bd66   0x00000002   PAD
    0x0800bd68   0x0800bd68   0x0000003e   Code   RO         5829    x$fpl$ffixu         fz_ws.l(ffixu.o)
    0x0800bda6   0x0800bda6   0x00000002   PAD
    0x0800bda8   0x0800bda8   0x00000030   Code   RO         5834    x$fpl$fflt          fz_ws.l(fflt_clz.o)
    0x0800bdd8   0x0800bdd8   0x00000026   Code   RO         5833    x$fpl$ffltu         fz_ws.l(fflt_clz.o)
    0x0800bdfe   0x0800bdfe   0x00000002   PAD
    0x0800be00   0x0800be00   0x00000068   Code   RO         5839    x$fpl$fleqf         fz_ws.l(fleqf.o)
    0x0800be68   0x0800be68   0x00000102   Code   RO         5841    x$fpl$fmul          fz_ws.l(fmul.o)
    0x0800bf6a   0x0800bf6a   0x0000008c   Code   RO         5859    x$fpl$fnaninf       fz_ws.l(fnaninf.o)
    0x0800bff6   0x0800bff6   0x0000000a   Code   RO         5861    x$fpl$fretinf       fz_ws.l(fretinf.o)
    0x0800c000   0x0800c000   0x00000062   Code   RO         5843    x$fpl$frleqf        fz_ws.l(frleqf.o)
    0x0800c062   0x0800c062   0x00000014   Code   RO         5814    x$fpl$frsb          fz_ws.l(faddsub_clz.o)
    0x0800c076   0x0800c076   0x00000002   PAD
    0x0800c078   0x0800c078   0x000000ea   Code   RO         5815    x$fpl$fsub          fz_ws.l(faddsub_clz.o)
    0x0800c162   0x0800c162   0x00000000   Code   RO         5863    x$fpl$usenofp       fz_ws.l(usenofp.o)
    0x0800c162   0x0800c162   0x00000014   Data   RO          257    .constdata          components.o
    0x0800c176   0x0800c176   0x000000c9   Data   RO          330    .constdata          device.o
    0x0800c23f   0x0800c23f   0x00000016   Data   RO          415    .constdata          idle.o
    0x0800c255   0x0800c255   0x000001fc   Data   RO          506    .constdata          ipc.o
    0x0800c451   0x0800c451   0x00000022   Data   RO          812    .constdata          kservice.o
    0x0800c473   0x0800c473   0x0000003c   Data   RO          989    .constdata          mem.o
    0x0800c4af   0x0800c4af   0x00000080   Data   RO         1154    .constdata          object.o
    0x0800c52f   0x0800c52f   0x0000004e   Data   RO         1258    .constdata          scheduler.o
    0x0800c57d   0x0800c57d   0x000000b9   Data   RO         1366    .constdata          thread.o
    0x0800c636   0x0800c636   0x0000005c   Data   RO         1506    .constdata          timer.o
    0x0800c692   0x0800c692   0x00000002   PAD
    0x0800c694   0x0800c694   0x00000020   Data   RO         1640    .constdata          process.o
    0x0800c6b4   0x0800c6b4   0x00000598   Data   RO         1855    .constdata          drv_gpio.o
    0x0800cc4c   0x0800cc4c   0x000000fc   Data   RO         1970    .constdata          drv_usart.o
    0x0800cd48   0x0800cd48   0x00000063   Data   RO         2117    .constdata          drv_hwtimer.o
    0x0800cdab   0x0800cdab   0x00000012   Data   RO         2182    .constdata          drv_pwm.o
    0x0800cdbd   0x0800cdbd   0x00000031   Data   RO         2445    .constdata          hwtimer.o
    0x0800cdee   0x0800cdee   0x0000007d   Data   RO         2501    .constdata          pin.o
    0x0800ce6b   0x0800ce6b   0x0000012a   Data   RO         2649    .constdata          serial.o
    0x0800cf95   0x0800cf95   0x00000039   Data   RO         2740    .constdata          completion.o
    0x0800cfce   0x0800cfce   0x0000004b   Data   RO         2777    .constdata          dataqueue.o
    0x0800d019   0x0800d019   0x00000087   Data   RO         3257    .constdata          shell.o
    0x0800d0a0   0x0800d0a0   0x00000058   Data   RO         3380    .constdata          cmd.o
    0x0800d0f8   0x0800d0f8   0x0000000e   Data   RO         3493    .constdata          msh.o
    0x0800d106   0x0800d106   0x00000018   Data   RO         3648    .constdata          system_stm32f1xx.o
    0x0800d11e   0x0800d11e   0x00000002   PAD
    0x0800d120   0x0800d120   0x00000045   Data   RO          507    .conststring        ipc.o
    0x0800d165   0x0800d165   0x00000003   PAD
    0x0800d168   0x0800d168   0x000000eb   Data   RO          990    .conststring        mem.o
    0x0800d253   0x0800d253   0x00000001   PAD
    0x0800d254   0x0800d254   0x00000042   Data   RO         1367    .conststring        thread.o
    0x0800d296   0x0800d296   0x00000002   PAD
    0x0800d298   0x0800d298   0x0000006a   Data   RO         1699    .conststring        tasks.o
    0x0800d302   0x0800d302   0x00000002   PAD
    0x0800d304   0x0800d304   0x00000006   Data   RO         1971    .conststring        drv_usart.o
    0x0800d30a   0x0800d30a   0x00000002   PAD
    0x0800d30c   0x0800d30c   0x00000007   Data   RO         2118    .conststring        drv_hwtimer.o
    0x0800d313   0x0800d313   0x00000001   PAD
    0x0800d314   0x0800d314   0x00000005   Data   RO         2183    .conststring        drv_pwm.o
    0x0800d319   0x0800d319   0x00000003   PAD
    0x0800d31c   0x0800d31c   0x00000063   Data   RO         2650    .conststring        serial.o
    0x0800d37f   0x0800d37f   0x00000001   PAD
    0x0800d380   0x0800d380   0x0000017d   Data   RO         3381    .conststring        cmd.o
    0x0800d4fd   0x0800d4fd   0x00000027   Data   RO          992    .rodata.name        mem.o
    0x0800d524   0x0800d524   0x00000038   Data   RO         1701    .rodata.name        tasks.o
    0x0800d55c   0x0800d55c   0x0000001b   Data   RO         2245    .rodata.name        drv_common.o
    0x0800d577   0x0800d577   0x00000069   Data   RO         2502    .rodata.name        pin.o
    0x0800d5e0   0x0800d5e0   0x0000009f   Data   RO         2569    .rodata.name        rt_drv_pwm.o
    0x0800d67f   0x0800d67f   0x0000032f   Data   RO         3382    .rodata.name        cmd.o
    0x0800d9ae   0x0800d9ae   0x00000076   Data   RO         3494    .rodata.name        msh.o
    0x0800da24   0x0800da24   0x00000004   Data   RO          258    .rti_fn.0           components.o
    0x0800da28   0x0800da28   0x00000004   Data   RO          259    .rti_fn.0.end       components.o
    0x0800da2c   0x0800da2c   0x00000004   Data   RO         2120    .rti_fn.1           drv_hwtimer.o
    0x0800da30   0x0800da30   0x00000004   Data   RO          260    .rti_fn.1.end       components.o
    0x0800da34   0x0800da34   0x00000004   Data   RO         2185    .rti_fn.3           drv_pwm.o
    0x0800da38   0x0800da38   0x00000004   Data   RO         3259    .rti_fn.6           shell.o
    0x0800da3c   0x0800da3c   0x00000004   Data   RO          261    .rti_fn.6.end       components.o
    0x0800da40   0x0800da40   0x0000000c   Data   RO          993    FSymTab             mem.o
    0x0800da4c   0x0800da4c   0x00000018   Data   RO         1702    FSymTab             tasks.o
    0x0800da64   0x0800da64   0x0000000c   Data   RO         2246    FSymTab             drv_common.o
    0x0800da70   0x0800da70   0x00000024   Data   RO         2503    FSymTab             pin.o
    0x0800da94   0x0800da94   0x0000003c   Data   RO         2570    FSymTab             rt_drv_pwm.o
    0x0800dad0   0x0800dad0   0x00000108   Data   RO         3383    FSymTab             cmd.o
    0x0800dbd8   0x0800dbd8   0x00000024   Data   RO         3495    FSymTab             msh.o
    0x0800dbfc   0x0800dbfc   0x00000020   Data   RO         6038    Region$$Table       anon$$obj.o
    0x0800dc1c   0x0800dc1c   0x00000110   Data   RO         5897    locale$$data        c_w.l(lc_ctype_c.o)


    Execution Region RW_IRAM1 (Exec base: 0x20000000, Load base: 0x0800dd2c, Size: 0x00001840, Max: 0x00010000, ABSOLUTE, COMPRESSED[0x00000094])

    Exec Addr    Load Addr    Size         Type   Attr      Idx    E Section Name        Object

    0x20000000   COMPRESSED   0x00000004   Data   RW            9    .data               clock.o
    0x20000004   COMPRESSED   0x00000009   Data   RW          746    .data               irq.o
    0x2000000d   COMPRESSED   0x00000003   PAD
    0x20000010   COMPRESSED   0x0000000c   Data   RW          813    .data               kservice.o
    0x2000001c   COMPRESSED   0x00000020   Data   RW          991    .data               mem.o
    0x2000003c   COMPRESSED   0x000000a4   Data   RW         1155    .data               object.o
    0x200000e0   COMPRESSED   0x0000001c   Data   RW         1259    .data               scheduler.o
    0x200000fc   COMPRESSED   0x0000000c   Data   RW         1368    .data               thread.o
    0x20000108   COMPRESSED   0x00000014   Data   RW         1507    .data               timer.o
    0x2000011c   COMPRESSED   0x0000000c   Data   RW         1700    .data               tasks.o
    0x20000128   COMPRESSED   0x000000c4   Data   RW         1856    .data               drv_gpio.o
    0x200001ec   COMPRESSED   0x00000020   Data   RW         1972    .data               drv_usart.o
    0x2000020c   COMPRESSED   0x000000a8   Data   RW         2119    .data               drv_hwtimer.o
    0x200002b4   COMPRESSED   0x00000090   Data   RW         2184    .data               drv_pwm.o
    0x20000344   COMPRESSED   0x00000010   Data   RW         2379    .data               cpuport.o
    0x20000354   COMPRESSED   0x00000004   Data   RW         2651    .data               serial.o
    0x20000358   COMPRESSED   0x00000018   Data   RW         3258    .data               shell.o
    0x20000370   COMPRESSED   0x00000004   Data   RW         3649    .data               system_stm32f1xx.o
    0x20000374   COMPRESSED   0x00000009   Data   RW         4211    .data               stm32f1xx_hal.o
    0x2000037d   COMPRESSED   0x00000003   PAD
    0x20000380        -       0x00000190   Zero   RW          414    .bss                idle.o
    0x20000510        -       0x00000080   Zero   RW          811    .bss                kservice.o
    0x20000590        -       0x00000020   Zero   RW          988    .bss                mem.o
    0x200005b0        -       0x00000100   Zero   RW         1257    .bss                scheduler.o
    0x200006b0        -       0x00000940   Zero   RW         1698    .bss                tasks.o
    0x20000ff0        -       0x00000128   Zero   RW         1969    .bss                drv_usart.o
    0x20001118        -       0x00000044   Zero   RW         2500    .bss                pin.o
    0x2000115c        -       0x00000081   Zero   RW         3256    .bss                shell.o
    0x200011dd   COMPRESSED   0x00000003   PAD
    0x200011e0        -       0x00000060   Zero   RW         5865    .bss                c_w.l(libspace.o)
    0x20001240        -       0x00000200   Zero   RW         2328    HEAP                startup_stm32f103xe.o
    0x20001440        -       0x00000400   Zero   RW         2327    STACK               startup_stm32f103xe.o


==============================================================================

Image component sizes


      Code (inc. data)   RO Data    RW Data    ZI Data      Debug   Object Name

       148         38          0          0          0        621   board.o
       124         20          0          4          0     501323   clock.o
      3500       1232       1548          0          0      20758   cmd.o
       512        180         57          0          0       5663   completion.o
       218         50         36          0          0       5004   components.o
       244         26          0          0          0        732   context_rvds.o
      1472        732          0         16          0       5732   cpuport.o
      1064        226         75          0          0       6299   dataqueue.o
      1312        594        201          0          0       8008   device.o
       174         18         39          0          0       8156   drv_common.o
      1488         60       1432        196          0      11741   drv_gpio.o
       928        298        110        168          0       6045   drv_hwtimer.o
      1658        334         27        144          0       5791   drv_pwm.o
      2128        378        258         32        296      38548   drv_usart.o
      1326        136         49          0          0       6961   hwtimer.o
       384         84         22          0        400       5414   idle.o
       856        202        577          0          0      31036   ipc.o
       140         26          0          9          0       1890   irq.o
      2192        236         34         12        128      13391   kservice.o
        10          0          0          0          0        467   main.o
      1982        750        346         32         32       6232   mem.o
       944        180        168          0          0       7800   msh.o
       860        286        128        164          0       9662   object.o
       524        182        266          0         68       7650   pin.o
       224        124         32          0          0       4440   process.o
       746        102        219          0          0       8864   rt_drv_pwm.o
      1058        250         78         28        256       9110   scheduler.o
      3600        786        397          4          0      15551   serial.o
      2344        316        139         24        129      14624   shell.o
        64         26        304          0       1536        920   startup_stm32f103xe.o
        64         14          0          9          0       4924   stm32f1xx_hal.o
       412         28          0          0          0      31047   stm32f1xx_hal_cortex.o
      1824         36          0          0          0       5471   stm32f1xx_hal_dma.o
      1228         78          0          0          0       5036   stm32f1xx_hal_gpio.o
       420         48          0          0          0       3174   stm32f1xx_hal_msp.o
      1784        110          0          0          0       6212   stm32f1xx_hal_rcc.o
      2172         76          0          0          0      17846   stm32f1xx_hal_tim.o
        88          0          0          0          0       2469   stm32f1xx_hal_tim_ex.o
      1822         38          0          0          0      11935   stm32f1xx_hal_uart.o
        88         18         24          4          0       1459   system_stm32f1xx.o
       476        198        186         12       2368       3306   tasks.o
      1302        384        251         12          0      13450   thread.o
      1478        484         92         20          0      11103   timer.o

    ----------------------------------------------------------------------
     45426       9384       7146        896       5216     885865   Object Totals
         0          0         32          0          0          0   (incl. Generated)
        44          0         19          6          3          0   (incl. Padding)

    ----------------------------------------------------------------------

      Code (inc. data)   RO Data    RW Data    ZI Data      Debug   Library Member Name

        90          0          0          0          0          0   __dczerorl2.o
         8          0          0          0          0         68   __main.o
         0          0          0          0          0          0   __rtentry.o
        12          0          0          0          0          0   __rtentry2.o
         6          0          0          0          0          0   __rtentry4.o
        52          8          0          0          0          0   __scatter.o
        28          0          0          0          0          0   __scatter_zi.o
        28          0          0          0          0         68   _chval.o
       158          0          0          0          0         92   _strtoul.o
        26          0          0          0          0         80   atoi.o
        18          0          0          0          0         80   exit.o
         6          0          0          0          0        152   heapauxi.o
         0          0          0          0          0          0   indicate_semi.o
        44         10        272          0          0         76   lc_ctype_c.o
         2          0          0          0          0          0   libinit.o
        20          0          0          0          0          0   libinit2.o
         2          0          0          0          0          0   libshutdown.o
         2          0          0          0          0          0   libshutdown2.o
         8          4          0          0         96         68   libspace.o
       238          0          0          0          0        100   lludivv7m.o
        88          0          0          0          0         76   memcmp.o
        16          4          0          0          0         76   rt_ctype_table.o
         8          4          0          0          0         68   rt_errno_addr_intlibspace.o
         8          4          0          0          0         68   rt_locale_intlibspace.o
        68          0          0          0          0         68   rt_memclr.o
        78          0          0          0          0         80   rt_memclr_w.o
       138          0          0          0          0         68   rt_memcpy_v6.o
       100          0          0          0          0         80   rt_memcpy_w.o
         2          0          0          0          0          0   rtexit.o
        10          0          0          0          0          0   rtexit2.o
        24          0          0          0          0         68   strcat.o
       128          0          0          0          0         68   strcmpv7m.o
        72          0          0          0          0         80   strcpy.o
        62          0          0          0          0         76   strlen.o
       150          0          0          0          0         80   strncmp.o
        86          0          0          0          0         76   strncpy.o
       112          0          0          0          0         88   strtol.o
        12          4          0          0          0         68   sys_exit.o
        74          0          0          0          0         80   sys_stackheap_outer.o
         2          0          0          0          0         68   use_no_semi.o
       450          8          0          0          0        236   faddsub_clz.o
        24          0          0          0          0         68   fcmpi.o
       388         76          0          0          0         96   fdiv.o
       104          4          0          0          0         84   feqf.o
        54          4          0          0          0         84   ffix.o
        62          4          0          0          0         84   ffixu.o
        86          0          0          0          0        136   fflt_clz.o
       104          4          0          0          0         84   fleqf.o
       258          4          0          0          0         84   fmul.o
       140          4          0          0          0         84   fnaninf.o
        10          0          0          0          0         68   fretinf.o
        98          0          0          0          0         68   frleqf.o
         0          0          0          0          0          0   usenofp.o

    ----------------------------------------------------------------------
      3776        146        272          0         96       3296   Library Totals
        12          0          0          0          0          0   (incl. Padding)

    ----------------------------------------------------------------------

      Code (inc. data)   RO Data    RW Data    ZI Data      Debug   Library Name

      1986         38        272          0         96       2120   c_w.l
      1778        108          0          0          0       1176   fz_ws.l

    ----------------------------------------------------------------------
      3776        146        272          0         96       3296   Library Totals

    ----------------------------------------------------------------------

==============================================================================


      Code (inc. data)   RO Data    RW Data    ZI Data      Debug   

     49202       9530       7418        896       5312     869033   Grand Totals
     49202       9530       7418        148       5312     869033   ELF Image Totals (compressed)
     49202       9530       7418        148          0          0   ROM Totals

==============================================================================

    Total RO  Size (Code + RO Data)                56620 (  55.29kB)
    Total RW  Size (RW Data + ZI Data)              6208 (   6.06kB)
    Total ROM Size (Code + RO Data + RW Data)      56768 (  55.44kB)

==============================================================================

