Component: ARM Compiler 5.06 update 6 (build 750) Tool: armlink [4d35ed]

==============================================================================

Section Cross References

    clock.o(i.rt_tick_get) refers to clock.o(.data) for rt_tick
    clock.o(i.rt_tick_increase) refers to thread.o(i.rt_thread_self) for rt_thread_self
    clock.o(i.rt_tick_increase) refers to thread.o(i.rt_thread_yield) for rt_thread_yield
    clock.o(i.rt_tick_increase) refers to timer.o(i.rt_timer_check) for rt_timer_check
    clock.o(i.rt_tick_increase) refers to clock.o(.data) for rt_tick
    clock.o(i.rt_tick_set) refers to context_rvds.o(.text) for rt_hw_interrupt_disable
    clock.o(i.rt_tick_set) refers to clock.o(.data) for rt_tick
    components.o(i.$Sub$$main) refers to components.o(i.rtthread_startup) for rtthread_startup
    components.o(i.main_thread_entry) refers to components.o(i.rt_components_init) for rt_components_init
    components.o(i.main_thread_entry) refers to main.o(i.main) for $Super$$main
    components.o(i.rt_application_init) refers to thread.o(i.rt_thread_create) for rt_thread_create
    components.o(i.rt_application_init) refers to kservice.o(i.rt_assert_handler) for rt_assert_handler
    components.o(i.rt_application_init) refers to thread.o(i.rt_thread_startup) for rt_thread_startup
    components.o(i.rt_application_init) refers to components.o(i.main_thread_entry) for main_thread_entry
    components.o(i.rt_application_init) refers to components.o(.constdata) for __FUNCTION__
    components.o(i.rt_components_board_init) refers to kservice.o(i.rt_kprintf) for rt_kprintf
    components.o(i.rt_components_board_init) refers to components.o(.rti_fn.0.end) for __rt_init_desc_rti_board_start
    components.o(i.rt_components_board_init) refers to components.o(.rti_fn.1.end) for __rt_init_desc_rti_board_end
    components.o(i.rt_components_init) refers to kservice.o(i.rt_kprintf) for rt_kprintf
    components.o(i.rt_components_init) refers to components.o(.rti_fn.1.end) for __rt_init_desc_rti_board_end
    components.o(i.rt_components_init) refers to components.o(.rti_fn.6.end) for __rt_init_desc_rti_end
    components.o(i.rtthread_startup) refers to context_rvds.o(.text) for rt_hw_interrupt_disable
    components.o(i.rtthread_startup) refers to drv_common.o(i.rt_hw_board_init) for rt_hw_board_init
    components.o(i.rtthread_startup) refers to kservice.o(i.rt_show_version) for rt_show_version
    components.o(i.rtthread_startup) refers to timer.o(i.rt_system_timer_init) for rt_system_timer_init
    components.o(i.rtthread_startup) refers to scheduler.o(i.rt_system_scheduler_init) for rt_system_scheduler_init
    components.o(i.rtthread_startup) refers to components.o(i.rt_application_init) for rt_application_init
    components.o(i.rtthread_startup) refers to timer.o(i.rt_system_timer_thread_init) for rt_system_timer_thread_init
    components.o(i.rtthread_startup) refers to idle.o(i.rt_thread_idle_init) for rt_thread_idle_init
    components.o(i.rtthread_startup) refers to scheduler.o(i.rt_system_scheduler_start) for rt_system_scheduler_start
    components.o(.rti_fn.0) refers to components.o(.constdata) for __rti_rti_start_name
    components.o(.rti_fn.0) refers to components.o(i.rti_start) for rti_start
    components.o(.rti_fn.0.end) refers to components.o(.constdata) for __rti_rti_board_start_name
    components.o(.rti_fn.0.end) refers to components.o(i.rti_board_start) for rti_board_start
    components.o(.rti_fn.1.end) refers to components.o(.constdata) for __rti_rti_board_end_name
    components.o(.rti_fn.1.end) refers to components.o(i.rti_board_end) for rti_board_end
    components.o(.rti_fn.6.end) refers to components.o(.constdata) for __rti_rti_end_name
    components.o(.rti_fn.6.end) refers to components.o(i.rti_end) for rti_end
    device.o(i.rt_device_close) refers to kservice.o(i.rt_assert_handler) for rt_assert_handler
    device.o(i.rt_device_close) refers to object.o(i.rt_object_get_type) for rt_object_get_type
    device.o(i.rt_device_close) refers to device.o(.constdata) for __FUNCTION__
    device.o(i.rt_device_control) refers to kservice.o(i.rt_assert_handler) for rt_assert_handler
    device.o(i.rt_device_control) refers to object.o(i.rt_object_get_type) for rt_object_get_type
    device.o(i.rt_device_control) refers to device.o(.constdata) for __FUNCTION__
    device.o(i.rt_device_create) refers to mem.o(i.rt_malloc) for rt_malloc
    device.o(i.rt_device_create) refers to kservice.o(i.rt_memset) for rt_memset
    device.o(i.rt_device_destroy) refers to kservice.o(i.rt_assert_handler) for rt_assert_handler
    device.o(i.rt_device_destroy) refers to object.o(i.rt_object_get_type) for rt_object_get_type
    device.o(i.rt_device_destroy) refers to object.o(i.rt_object_is_systemobject) for rt_object_is_systemobject
    device.o(i.rt_device_destroy) refers to object.o(i.rt_object_detach) for rt_object_detach
    device.o(i.rt_device_destroy) refers to mem.o(i.rt_free) for rt_free
[...]
    rt_hw_hard_fault_exception               0x08007549   Thumb Code   198  cpuport.o(i.rt_hw_hard_fault_exception)
    rt_hw_pin_init                           0x08007751   Thumb Code   198  drv_gpio.o(i.rt_hw_pin_init)
    rt_hw_serial_isr                         0x08007825   Thumb Code   394  serial.o(i.rt_hw_serial_isr)
    rt_hw_serial_register                    0x08007a05   Thumb Code    80  serial.o(i.rt_hw_serial_register)
    rt_hw_stack_init                         0x08007a85   Thumb Code    70  cpuport.o(i.rt_hw_stack_init)
    rt_hw_systick_init                       0x08007ad1   Thumb Code    38  drv_common.o(i.rt_hw_systick_init)
    rt_hw_usart_init                         0x08007af9   Thumb Code   186  drv_usart.o(i.rt_hw_usart_init)
    rt_interrupt_enter                       0x08007e85   Thumb Code    46  irq.o(i.rt_interrupt_enter)
    rt_interrupt_get_nest                    0x08007ebd   Thumb Code    22  irq.o(i.rt_interrupt_get_nest)
    rt_interrupt_leave                       0x08007ed9   Thumb Code    46  irq.o(i.rt_interrupt_leave)
    rt_kprintf                               0x08007fa5   Thumb Code    96  kservice.o(i.rt_kprintf)
    rt_malloc                                0x080080f5   Thumb Code   522  mem.o(i.rt_malloc)
    rt_memcpy                                0x080083b1   Thumb Code   124  kservice.o(i.rt_memcpy)
    rt_memmove                               0x0800842d   Thumb Code    66  kservice.o(i.rt_memmove)
    rt_memset                                0x0800846f   Thumb Code    72  kservice.o(i.rt_memset)
    rt_object_allocate                       0x080084b9   Thumb Code   158  object.o(i.rt_object_allocate)
    rt_object_delete                         0x080085a5   Thumb Code    88  object.o(i.rt_object_delete)
    rt_object_detach                         0x08008645   Thumb Code    62  object.o(i.rt_object_detach)
    rt_object_get_information                0x080086a1   Thumb Code    36  object.o(i.rt_object_get_information)
    rt_object_get_type                       0x080086c9   Thumb Code    26  object.o(i.rt_object_get_type)
    rt_object_init                           0x080086fd   Thumb Code   138  object.o(i.rt_object_init)
    rt_object_is_systemobject                0x080087b9   Thumb Code    34  object.o(i.rt_object_is_systemobject)
    rt_pin_mode                              0x080087f5   Thumb Code    38  pin.o(i.rt_pin_mode)
    rt_pin_read                              0x0800883d   Thumb Code    34  pin.o(i.rt_pin_read)
    rt_pin_write                             0x08008881   Thumb Code    38  pin.o(i.rt_pin_write)
    rt_pwm_disable                           0x080088c9   Thumb Code    42  rt_drv_pwm.o(i.rt_pwm_disable)
    rt_pwm_enable                            0x080088f3   Thumb Code    42  rt_drv_pwm.o(i.rt_pwm_enable)
    rt_pwm_set                               0x0800891d   Thumb Code    56  rt_drv_pwm.o(i.rt_pwm_set)
    rt_schedule                              0x08008955   Thumb Code   300  scheduler.o(i.rt_schedule)
    rt_schedule_insert_thread                0x08008a99   Thumb Code   118  scheduler.o(i.rt_schedule_insert_thread)
    rt_schedule_remove_thread                0x08008b35   Thumb Code    94  scheduler.o(i.rt_schedule_remove_thread)
    rt_sem_init                              0x08008bb5   Thumb Code    66  ipc.o(i.rt_sem_init)
    rt_sem_release                           0x08008c21   Thumb Code   116  ipc.o(i.rt_sem_release)
    rt_sem_take                              0x08008cb1   Thumb Code   288  ipc.o(i.rt_sem_take)
    rt_set_errno                             0x08009449   Thumb Code    36  kservice.o(i.rt_set_errno)
    rt_show_version                          0x08009471   Thumb Code    38  kservice.o(i.rt_show_version)
    rt_sprintf                               0x08009521   Thumb Code    34  kservice.o(i.rt_sprintf)
    rt_strlen                                0x08009543   Thumb Code    18  kservice.o(i.rt_strlen)
    rt_strncmp                               0x08009555   Thumb Code    40  kservice.o(i.rt_strncmp)
    rt_strncpy                               0x0800957d   Thumb Code    52  kservice.o(i.rt_strncpy)
    rt_system_heap_init                      0x080095b1   Thumb Code   204  mem.o(i.rt_system_heap_init)
    rt_system_scheduler_init                 0x08009705   Thumb Code    46  scheduler.o(i.rt_system_scheduler_init)
    rt_system_scheduler_start                0x08009745   Thumb Code    36  scheduler.o(i.rt_system_scheduler_start)
    rt_system_timer_init                     0x0800976d   Thumb Code    24  timer.o(i.rt_system_timer_init)
    rt_system_timer_thread_init              0x08009789   Thumb Code     2  timer.o(i.rt_system_timer_thread_init)
    rt_thread_create                         0x0800978b   Thumb Code    80  thread.o(i.rt_thread_create)
    rt_thread_exit                           0x080097dd   Thumb Code    78  thread.o(i.rt_thread_exit)
    rt_thread_idle_excute                    0x08009859   Thumb Code   174  idle.o(i.rt_thread_idle_excute)
    rt_thread_idle_init                      0x0800993d   Thumb Code    74  idle.o(i.rt_thread_idle_init)
    rt_thread_init                           0x0800999d   Thumb Code    74  thread.o(i.rt_thread_init)
    rt_thread_resume                         0x08009a19   Thumb Code   122  thread.o(i.rt_thread_resume)
    rt_thread_self                           0x08009ab5   Thumb Code     6  thread.o(i.rt_thread_self)
    rt_thread_startup                        0x08009ac1   Thumb Code   110  thread.o(i.rt_thread_startup)
    rt_thread_suspend                        0x08009b85   Thumb Code   158  thread.o(i.rt_thread_suspend)
    rt_thread_timeout                        0x08009c61   Thumb Code    92  thread.o(i.rt_thread_timeout)
    rt_thread_yield                          0x08009d15   Thumb Code    10  thread.o(i.rt_thread_yield)
    rt_tick_get                              0x08009d21   Thumb Code     6  clock.o(i.rt_tick_get)
    rt_tick_increase                         0x08009d2d   Thumb Code    54  clock.o(i.rt_tick_increase)
    rt_timer_check                           0x08009d69   Thumb Code   166  timer.o(i.rt_timer_check)
    rt_timer_control                         0x08009e1d   Thumb Code    98  timer.o(i.rt_timer_control)
    rt_timer_detach                          0x08009ed5   Thumb Code    82  timer.o(i.rt_timer_detach)
    rt_timer_init                            0x08009fa9   Thumb Code    58  timer.o(i.rt_timer_init)
    rt_timer_start                           0x08009ffd   Thumb Code   314  timer.o(i.rt_timer_start)
    rt_timer_stop                            0x0800a1bd   Thumb Code   102  timer.o(i.rt_timer_stop)
    rt_vsnprintf                             0x0800a27d   Thumb Code   808  kservice.o(i.rt_vsnprintf)
    rt_vsprintf                              0x0800a5ad   Thumb Code    22  kservice.o(i.rt_vsprintf)
    rtthread_startup                         0x0800a5d3   Thumb Code    42  components.o(i.rtthread_startup)
    version                                  0x0800baf1   Thumb Code    10  cmd.o(i.version)
    _get_lc_ctype                            0x0800bafd   Thumb Code    44  lc_ctype_c.o(locale$$code)
    __aeabi_fadd                             0x0800bb29   Thumb Code     0  faddsub_clz.o(x$fpl$fadd)
    _fadd                                    0x0800bb29   Thumb Code   196  faddsub_clz.o(x$fpl$fadd)
    __fpl_fcmp_Inf                           0x0800bbed   Thumb Code    24  fcmpi.o(x$fpl$fcmpinf)
    __aeabi_fdiv                             0x0800bc05   Thumb Code     0  fdiv.o(x$fpl$fdiv)
    _fdiv                                    0x0800bc05   Thumb Code   384  fdiv.o(x$fpl$fdiv)
    __aeabi_cfcmpeq                          0x0800bd89   Thumb Code     0  feqf.o(x$fpl$feqf)
    _fcmpeq                                  0x0800bd89   Thumb Code   104  feqf.o(x$fpl$feqf)
    __aeabi_f2iz                             0x0800bdf1   Thumb Code     0  ffix.o(x$fpl$ffix)
    _ffix                                    0x0800bdf1   Thumb Code    54  ffix.o(x$fpl$ffix)
    __aeabi_f2uiz                            0x0800be29   Thumb Code     0  ffixu.o(x$fpl$ffixu)
    _ffixu                                   0x0800be29   Thumb Code    62  ffixu.o(x$fpl$ffixu)
    __aeabi_i2f                              0x0800be69   Thumb Code     0  fflt_clz.o(x$fpl$fflt)
    _fflt                                    0x0800be69   Thumb Code    48  fflt_clz.o(x$fpl$fflt)
    __aeabi_ui2f                             0x0800be99   Thumb Code     0  fflt_clz.o(x$fpl$ffltu)
    _ffltu                                   0x0800be99   Thumb Code    38  fflt_clz.o(x$fpl$ffltu)
    __aeabi_cfcmple                          0x0800bec1   Thumb Code     0  fleqf.o(x$fpl$fleqf)
    _fcmple                                  0x0800bec1   Thumb Code   104  fleqf.o(x$fpl$fleqf)
    __fpl_fcmple_InfNaN                      0x0800bf13   Thumb Code     0  fleqf.o(x$fpl$fleqf)
    __aeabi_fmul                             0x0800bf29   Thumb Code     0  fmul.o(x$fpl$fmul)
    _fmul                                    0x0800bf29   Thumb Code   258  fmul.o(x$fpl$fmul)
    __fpl_fnaninf                            0x0800c02b   Thumb Code   140  fnaninf.o(x$fpl$fnaninf)
    __fpl_fretinf                            0x0800c0b7   Thumb Code    10  fretinf.o(x$fpl$fretinf)
    __aeabi_cfrcmple                         0x0800c0c1   Thumb Code     0  frleqf.o(x$fpl$frleqf)
    _frcmple                                 0x0800c0c1   Thumb Code    98  frleqf.o(x$fpl$frleqf)
    __aeabi_frsub                            0x0800c123   Thumb Code     0  faddsub_clz.o(x$fpl$frsb)
    _frsb                                    0x0800c123   Thumb Code    20  faddsub_clz.o(x$fpl$frsb)
    __aeabi_fsub                             0x0800c139   Thumb Code     0  faddsub_clz.o(x$fpl$fsub)
    _fsub                                    0x0800c139   Thumb Code   234  faddsub_clz.o(x$fpl$fsub)
    __I$use$fp                               0x0800c222   Number         0  usenofp.o(x$fpl$usenofp)
    __rti_rti_start_name                     0x0800c222   Data          10  components.o(.constdata)
    __rti_rti_board_start_name               0x0800c22c   Data          16  components.o(.constdata)
    __rti_rti_board_end_name                 0x0800c23c   Data          14  components.o(.constdata)
    __rti_rti_end_name                       0x0800c24a   Data           8  components.o(.constdata)
    __rti_Task_init_name                     0x0800c7a4   Data          10  tasks.o(.constdata)
    __rti_stm32_hwtimer_init_name            0x0800ce68   Data          19  drv_hwtimer.o(.constdata)
    __rti_stm32_pwm_init_name                0x0800ceba   Data          15  drv_pwm.o(.constdata)
    __rti_finsh_system_init_name             0x0800d137   Data          18  shell.o(.constdata)
    AHBPrescTable                            0x0800d236   Data          16  system_stm32f1xx.o(.constdata)
    APBPrescTable                            0x0800d246   Data           8  system_stm32f1xx.o(.constdata)
    __fsym_list_mem_name                     0x0800d62d   Data           9  mem.o(.rodata.name)
    __fsym_list_mem_desc                     0x0800d636   Data          30  mem.o(.rodata.name)
    __fsym___cmd_CallTasks_name              0x0800d654   Data          16  tasks.o(.rodata.name)
    __fsym___cmd_CallTasks_desc              0x0800d664   Data          12  tasks.o(.rodata.name)
    __fsym___cmd_ReTasks_name                0x0800d670   Data          14  tasks.o(.rodata.name)
    __fsym___cmd_ReTasks_desc                0x0800d67e   Data          14  tasks.o(.rodata.name)
    __fsym___cmd_reboot_name                 0x0800d68c   Data          13  drv_common.o(.rodata.name)
    __fsym___cmd_reboot_desc                 0x0800d699   Data          14  drv_common.o(.rodata.name)
    __fsym_pinMode_name                      0x0800d6a7   Data           8  pin.o(.rodata.name)
    __fsym_pinMode_desc                      0x0800d6af   Data          22  pin.o(.rodata.name)
    __fsym_pinWrite_name                     0x0800d6c5   Data           9  pin.o(.rodata.name)
    __fsym_pinWrite_desc                     0x0800d6ce   Data          28  pin.o(.rodata.name)
    __fsym_pinRead_name                      0x0800d6ea   Data           8  pin.o(.rodata.name)
    __fsym_pinRead_desc                      0x0800d6f2   Data          30  pin.o(.rodata.name)
    __fsym_pwm_enable_name                   0x0800d710   Data          11  rt_drv_pwm.o(.rodata.name)
    __fsym_pwm_enable_desc                   0x0800d71b   Data          23  rt_drv_pwm.o(.rodata.name)
    __fsym_pwm_set_name                      0x0800d732   Data           8  rt_drv_pwm.o(.rodata.name)
    __fsym_pwm_set_desc                      0x0800d73a   Data           9  rt_drv_pwm.o(.rodata.name)
    __fsym___cmd_pwm_enable_name             0x0800d743   Data          17  rt_drv_pwm.o(.rodata.name)
    __fsym___cmd_pwm_enable_desc             0x0800d754   Data          18  rt_drv_pwm.o(.rodata.name)
    __fsym___cmd_pwm_disable_name            0x0800d766   Data          18  rt_drv_pwm.o(.rodata.name)
    __fsym___cmd_pwm_disable_desc            0x0800d778   Data          19  rt_drv_pwm.o(.rodata.name)
    __fsym___cmd_pwm_set_name                0x0800d78b   Data          14  rt_drv_pwm.o(.rodata.name)
    __fsym___cmd_pwm_set_desc                0x0800d799   Data          22  rt_drv_pwm.o(.rodata.name)
    __fsym_hello_name                        0x0800d7af   Data           6  cmd.o(.rodata.name)
    __fsym_hello_desc                        0x0800d7b5   Data          16  cmd.o(.rodata.name)
    __fsym_version_name                      0x0800d7c5   Data           8  cmd.o(.rodata.name)
    __fsym_version_desc                      0x0800d7cd   Data          35  cmd.o(.rodata.name)
    __fsym___cmd_version_name                0x0800d7f0   Data          14  cmd.o(.rodata.name)
    __fsym___cmd_version_desc                0x0800d7fe   Data          35  cmd.o(.rodata.name)
    __fsym_list_thread_name                  0x0800d821   Data          12  cmd.o(.rodata.name)
    __fsym_list_thread_desc                  0x0800d82d   Data          12  cmd.o(.rodata.name)
    __fsym___cmd_list_thread_name            0x0800d839   Data          18  cmd.o(.rodata.name)
    __fsym___cmd_list_thread_desc            0x0800d84b   Data          12  cmd.o(.rodata.name)
    __fsym_list_sem_name                     0x0800d857   Data           9  cmd.o(.rodata.name)
    __fsym_list_sem_desc                     0x0800d860   Data          25  cmd.o(.rodata.name)
    __fsym___cmd_list_sem_name               0x0800d879   Data          15  cmd.o(.rodata.name)
    __fsym___cmd_list_sem_desc               0x0800d888   Data          25  cmd.o(.rodata.name)
    __fsym_list_event_name                   0x0800d8a1   Data          11  cmd.o(.rodata.name)
    __fsym_list_event_desc                   0x0800d8ac   Data          21  cmd.o(.rodata.name)
    __fsym___cmd_list_event_name             0x0800d8c1   Data          17  cmd.o(.rodata.name)
    __fsym___cmd_list_event_desc             0x0800d8d2   Data          21  cmd.o(.rodata.name)
    __fsym_list_mutex_name                   0x0800d8e7   Data          11  cmd.o(.rodata.name)
    __fsym_list_mutex_desc                   0x0800d8f2   Data          21  cmd.o(.rodata.name)
    __fsym___cmd_list_mutex_name             0x0800d907   Data          17  cmd.o(.rodata.name)
    __fsym___cmd_list_mutex_desc             0x0800d918   Data          21  cmd.o(.rodata.name)
    __fsym_list_mailbox_name                 0x0800d92d   Data          13  cmd.o(.rodata.name)
    __fsym_list_mailbox_desc                 0x0800d93a   Data          24  cmd.o(.rodata.name)
    __fsym___cmd_list_mailbox_name           0x0800d952   Data          19  cmd.o(.rodata.name)
    __fsym___cmd_list_mailbox_desc           0x0800d965   Data          24  cmd.o(.rodata.name)
    __fsym_list_msgqueue_name                0x0800d97d   Data          14  cmd.o(.rodata.name)
    __fsym_list_msgqueue_desc                0x0800d98b   Data          29  cmd.o(.rodata.name)
    __fsym___cmd_list_msgqueue_name          0x0800d9a8   Data          20  cmd.o(.rodata.name)
    __fsym___cmd_list_msgqueue_desc          0x0800d9bc   Data          29  cmd.o(.rodata.name)
    __fsym_list_mempool_name                 0x0800d9d9   Data          13  cmd.o(.rodata.name)
    __fsym_list_mempool_desc                 0x0800d9e6   Data          27  cmd.o(.rodata.name)
    __fsym___cmd_list_mempool_name           0x0800da01   Data          19  cmd.o(.rodata.name)
    __fsym___cmd_list_mempool_desc           0x0800da14   Data          27  cmd.o(.rodata.name)
    __fsym_list_timer_name                   0x0800da2f   Data          11  cmd.o(.rodata.name)
    __fsym_list_timer_desc                   0x0800da3a   Data          21  cmd.o(.rodata.name)
    __fsym___cmd_list_timer_name             0x0800da4f   Data          17  cmd.o(.rodata.name)
    __fsym___cmd_list_timer_desc             0x0800da60   Data          21  cmd.o(.rodata.name)
    __fsym_list_device_name                  0x0800da75   Data          12  cmd.o(.rodata.name)
    __fsym_list_device_desc                  0x0800da81   Data          22  cmd.o(.rodata.name)
    __fsym___cmd_list_device_name            0x0800da97   Data          18  cmd.o(.rodata.name)
    __fsym___cmd_list_device_desc            0x0800daa9   Data          22  cmd.o(.rodata.name)
    __fsym_list_name                         0x0800dabf   Data           5  cmd.o(.rodata.name)
    __fsym_list_desc                         0x0800dac4   Data          26  cmd.o(.rodata.name)
    __fsym___cmd_help_name                   0x0800dade   Data          11  msh.o(.rodata.name)
    __fsym___cmd_help_desc                   0x0800dae9   Data          22  msh.o(.rodata.name)
    __fsym___cmd_ps_name                     0x0800daff   Data           9  msh.o(.rodata.name)
    __fsym___cmd_ps_desc                     0x0800db08   Data          28  msh.o(.rodata.name)
    __fsym___cmd_free_name                   0x0800db24   Data          11  msh.o(.rodata.name)
    __fsym___cmd_free_desc                   0x0800db2f   Data          37  msh.o(.rodata.name)
    __rt_init_desc_rti_start                 0x0800db54   Data           8  components.o(.rti_fn.0)
    __rt_init_desc_rti_board_start           0x0800db5c   Data           8  components.o(.rti_fn.0.end)
    __rt_init_desc_stm32_hwtimer_init        0x0800db64   Data           8  drv_hwtimer.o(.rti_fn.1)
    __rt_init_desc_rti_board_end             0x0800db6c   Data           8  components.o(.rti_fn.1.end)
    __rt_init_desc_stm32_pwm_init            0x0800db74   Data           8  drv_pwm.o(.rti_fn.3)
    __rt_init_desc_Task_init                 0x0800db7c   Data           8  tasks.o(.rti_fn.4)
    __rt_init_desc_finsh_system_init         0x0800db84   Data           8  shell.o(.rti_fn.6)
    __rt_init_desc_rti_end                   0x0800db8c   Data           8  components.o(.rti_fn.6.end)
    FSymTab$$Base                            0x0800db94   Number         0  mem.o(FSymTab)
    __fsym_list_mem                          0x0800db94   Data          12  mem.o(FSymTab)
    __fsym___cmd_CallTasks                   0x0800dba0   Data          12  tasks.o(FSymTab)
    __fsym___cmd_ReTasks                     0x0800dbac   Data          12  tasks.o(FSymTab)
    __fsym___cmd_reboot                      0x0800dbb8   Data          12  drv_common.o(FSymTab)
    __fsym_pinMode                           0x0800dbc4   Data          12  pin.o(FSymTab)
    __fsym_pinWrite                          0x0800dbd0   Data          12  pin.o(FSymTab)
    __fsym_pinRead                           0x0800dbdc   Data          12  pin.o(FSymTab)
    __fsym_pwm_enable                        0x0800dbe8   Data          12  rt_drv_pwm.o(FSymTab)
    __fsym_pwm_set                           0x0800dbf4   Data          12  rt_drv_pwm.o(FSymTab)
    __fsym___cmd_pwm_enable                  0x0800dc00   Data          12  rt_drv_pwm.o(FSymTab)
    __fsym___cmd_pwm_disable                 0x0800dc0c   Data          12  rt_drv_pwm.o(FSymTab)
    __fsym___cmd_pwm_set                     0x0800dc18   Data          12  rt_drv_pwm.o(FSymTab)
    __fsym_hello                             0x0800dc24   Data          12  cmd.o(FSymTab)
    __fsym_version                           0x0800dc30   Data          12  cmd.o(FSymTab)
    __fsym___cmd_version                     0x0800dc3c   Data          12  cmd.o(FSymTab)
    __fsym_list_thread                       0x0800dc48   Data          12  cmd.o(FSymTab)
    __fsym___cmd_list_thread                 0x0800dc54   Data          12  cmd.o(FSymTab)
    __fsym_list_sem                          0x0800dc60   Data          12  cmd.o(FSymTab)
    __fsym___cmd_list_sem                    0x0800dc6c   Data          12  cmd.o(FSymTab)
    __fsym_list_event                        0x0800dc78   Data          12  cmd.o(FSymTab)
    __fsym___cmd_list_event                  0x0800dc84   Data          12  cmd.o(FSymTab)
    __fsym_list_mutex                        0x0800dc90   Data          12  cmd.o(FSymTab)
    __fsym___cmd_list_mutex                  0x0800dc9c   Data          12  cmd.o(FSymTab)
    __fsym_list_mailbox                      0x0800dca8   Data          12  cmd.o(FSymTab)
    __fsym___cmd_list_mailbox                0x0800dcb4   Data          12  cmd.o(FSymTab)
    __fsym_list_msgqueue                     0x0800dcc0   Data          12  cmd.o(FSymTab)
    __fsym___cmd_list_msgqueue               0x0800dccc   Data          12  cmd.o(FSymTab)
    __fsym_list_mempool                      0x0800dcd8   Data          12  cmd.o(FSymTab)
    __fsym___cmd_list_mempool                0x0800dce4   Data          12  cmd.o(FSymTab)
    __fsym_list_timer                        0x0800dcf0   Data          12  cmd.o(FSymTab)
    __fsym___cmd_list_timer                  0x0800dcfc   Data          12  cmd.o(FSymTab)
    __fsym_list_device                       0x0800dd08   Data          12  cmd.o(FSymTab)
    __fsym___cmd_list_device                 0x0800dd14   Data          12  cmd.o(FSymTab)
    __fsym_list                              0x0800dd20   Data          12  cmd.o(FSymTab)
    __fsym___cmd_help                        0x0800dd2c   Data          12  msh.o(FSymTab)
    __fsym___cmd_ps                          0x0800dd38   Data          12  msh.o(FSymTab)
    __fsym___cmd_free                        0x0800dd44   Data          12  msh.o(FSymTab)
    FSymTab$$Limit                           0x0800dd50   Number         0  msh.o(FSymTab)
    Region$$Table$$Base                      0x0800dd50   Number         0  anon$$obj.o(Region$$Table)
    Region$$Table$$Limit                     0x0800dd70   Number         0  anon$$obj.o(Region$$Table)
    __ctype                                  0x0800dd7d   Data           0  lc_ctype_c.o(locale$$data)
    rt_interrupt_nest                        0x2000000c   Data           1  irq.o(.data)
    rt_assert_hook                           0x20000018   Data           4  kservice.o(.data)
    rt_object_trytake_hook                   0x200000d4   Data           4  object.o(.data)
    rt_object_take_hook                      0x200000d8   Data           4  object.o(.data)
    rt_object_put_hook                       0x200000dc   Data           4  object.o(.data)
    rt_thread_ready_priority_group           0x200000e0   Data           4  scheduler.o(.data)
    rt_current_thread                        0x200000e8   Data           4  scheduler.o(.data)
    rt_current_priority                      0x200000ec   Data           1  scheduler.o(.data)
    rt_thread_defunct                        0x200000f0   Data           8  scheduler.o(.data)
    pwm_dev                                  0x2000011c   Data           4  tasks.o(.data)
    tim_count                                0x20000128   Data           1  tasks.o(.data)
    rt_interrupt_from_thread                 0x20000348   Data           4  cpuport.o(.data)
    rt_interrupt_to_thread                   0x2000034c   Data           4  cpuport.o(.data)
    rt_thread_switch_interrupt_flag          0x20000350   Data           4  cpuport.o(.data)
    _syscall_table_begin                     0x2000035c   Data           4  shell.o(.data)
    _syscall_table_end                       0x20000360   Data           4  shell.o(.data)
    _sysvar_table_begin                      0x20000364   Data           4  shell.o(.data)
    _sysvar_table_end                        0x20000368   Data           4  shell.o(.data)
    shell                                    0x2000036c   Data           4  shell.o(.data)
    SystemCoreClock                          0x20000374   Data           4  system_stm32f1xx.o(.data)
    uwTick                                   0x20000378   Data           4  stm32f1xx_hal.o(.data)
    uwTickPrio                               0x2000037c   Data           4  stm32f1xx_hal.o(.data)
    uwTickFreq                               0x20000380   Data           1  stm32f1xx_hal.o(.data)
    rt_thread_priority_table                 0x200005b4   Data         256  scheduler.o(.bss)
    TIM_x1                                   0x200006b4   Data          44  tasks.o(.bss)
    TIM_x2                                   0x200006e0   Data          44  tasks.o(.bss)
    Taskx1_run_sem                           0x2000070c   Data          32  tasks.o(.bss)
    Taskx2_run_sem                           0x2000072c   Data          32  tasks.o(.bss)
    thread_BaseX1                            0x2000074c   Data         128  tasks.o(.bss)
    thread_x2                                0x200007cc   Data         128  tasks.o(.bss)
    __libspace_start                         0x2000123c   Data          96  libspace.o(.bss)
    __temporary_stack_top$libspace           0x2000129c   Data           0  libspace.o(.bss)
    Image$$RW_IRAM1$$ZI$$Limit               0x200018a0   Number         0  anon$$obj.o ABSOLUTE



==============================================================================

Memory Map of the image

  Image Entry point : 0x08000131

  Load Region LR_IROM1 (Base: 0x08000000, Size: 0x0000e204, Max: 0x00080000, ABSOLUTE, COMPRESSED[0x0000df14])

    Execution Region ER_IROM1 (Exec base: 0x08000000, Load base: 0x08000000, Size: 0x0000de80, Max: 0x00080000, ABSOLUTE)

    Exec Addr    Load Addr    Size         Type   Attr      Idx    E Section Name        Object

    0x08000000   0x08000000   0x00000130   Data   RO         2347    RESET               startup_stm32f103xe.o
    0x08000130   0x08000130   0x00000008   Code   RO         5829  * !!!main             c_w.l(__main.o)
    0x08000138   0x08000138   0x00000034   Code   RO         6060    !!!scatter          c_w.l(__scatter.o)
    0x0800016c   0x0800016c   0x0000005a   Code   RO         6058    !!dczerorl2         c_w.l(__dczerorl2.o)
    0x080001c6   0x080001c6   0x00000002   PAD
    0x080001c8   0x080001c8   0x0000001c   Code   RO         6062    !!handler_zi        c_w.l(__scatter_zi.o)
    0x080001e4   0x080001e4   0x00000002   Code   RO         5929    .ARM.Collect$$libinit$$00000000  c_w.l(libinit.o)
    0x080001e6   0x080001e6   0x00000000   Code   RO         5941    .ARM.Collect$$libinit$$00000002  c_w.l(libinit2.o)
    0x080001e6   0x080001e6   0x00000000   Code   RO         5943    .ARM.Collect$$libinit$$00000004  c_w.l(libinit2.o)
    0x080001e6   0x080001e6   0x00000000   Code   RO         5946    .ARM.Collect$$libinit$$0000000A  c_w.l(libinit2.o)
    0x080001e6   0x080001e6   0x00000000   Code   RO         5948    .ARM.Collect$$libinit$$0000000C  c_w.l(libinit2.o)
    0x080001e6   0x080001e6   0x00000000   Code   RO         5950    .ARM.Collect$$libinit$$0000000E  c_w.l(libinit2.o)
    0x080001e6   0x080001e6   0x00000006   Code   RO         5951    .ARM.Collect$$libinit$$0000000F  c_w.l(libinit2.o)
    0x080001ec   0x080001ec   0x00000000   Code   RO         5953    .ARM.Collect$$libinit$$00000011  c_w.l(libinit2.o)
    0x080001ec   0x080001ec   0x0000000c   Code   RO         5954    .ARM.Collect$$libinit$$00000012  c_w.l(libinit2.o)
    0x080001f8   0x080001f8   0x00000000   Code   RO         5955    .ARM.Collect$$libinit$$00000013  c_w.l(libinit2.o)
    0x080001f8   0x080001f8   0x00000000   Code   RO         5957    .ARM.Collect$$libinit$$00000015  c_w.l(libinit2.o)
    0x080001f8   0x080001f8   0x00000000   Code   RO         5959    .ARM.Collect$$libinit$$00000017  c_w.l(libinit2.o)
    0x080001f8   0x080001f8   0x00000000   Code   RO         5961    .ARM.Collect$$libinit$$00000019  c_w.l(libinit2.o)
    0x080001f8   0x080001f8   0x00000000   Code   RO         5963    .ARM.Collect$$libinit$$0000001B  c_w.l(libinit2.o)
    0x080001f8   0x080001f8   0x00000000   Code   RO         5965    .ARM.Collect$$libinit$$0000001D  c_w.l(libinit2.o)
    0x080001f8   0x080001f8   0x00000000   Code   RO         5967    .ARM.Collect$$libinit$$0000001F  c_w.l(libinit2.o)
    0x080001f8   0x080001f8   0x00000000   Code   RO         5969    .ARM.Collect$$libinit$$00000021  c_w.l(libinit2.o)
    0x080001f8   0x080001f8   0x00000000   Code   RO         5971    .ARM.Collect$$libinit$$00000023  c_w.l(libinit2.o)
    0x080001f8   0x080001f8   0x00000000   Code   RO         5973    .ARM.Collect$$libinit$$00000025  c_w.l(libinit2.o)
    0x080001f8   0x080001f8   0x00000000   Code   RO         5977    .ARM.Collect$$libinit$$0000002C  c_w.l(libinit2.o)
    0x080001f8   0x080001f8   0x00000000   Code   RO         5979    .ARM.Collect$$libinit$$0000002E  c_w.l(libinit2.o)
    0x080001f8   0x080001f8   0x00000000   Code   RO         5981    .ARM.Collect$$libinit$$00000030  c_w.l(libinit2.o)
    0x080001f8   0x080001f8   0x00000000   Code   RO         5983    .ARM.Collect$$libinit$$00000032  c_w.l(libinit2.o)
    0x080001f8   0x080001f8   0x00000002   Code   RO         5984    .ARM.Collect$$libinit$$00000033  c_w.l(libinit2.o)
    0x080001fa   0x080001fa   0x00000002   Code   RO         6015    .ARM.Collect$$libshutdown$$00000000  c_w.l(libshutdown.o)
    0x080001fc   0x080001fc   0x00000000   Code   RO         6041    .ARM.Collect$$libshutdown$$00000002  c_w.l(libshutdown2.o)
    0x080001fc   0x080001fc   0x00000000   Code   RO         6043    .ARM.Collect$$libshutdown$$00000004  c_w.l(libshutdown2.o)
    0x080001fc   0x080001fc   0x00000000   Code   RO         6046    .ARM.Collect$$libshutdown$$00000007  c_w.l(libshutdown2.o)
    0x080001fc   0x080001fc   0x00000000   Code   RO         6049    .ARM.Collect$$libshutdown$$0000000A  c_w.l(libshutdown2.o)
    0x080001fc   0x080001fc   0x00000000   Code   RO         6051    .ARM.Collect$$libshutdown$$0000000C  c_w.l(libshutdown2.o)
    0x080001fc   0x080001fc   0x00000000   Code   RO         6054    .ARM.Collect$$libshutdown$$0000000F  c_w.l(libshutdown2.o)
    0x080001fc   0x080001fc   0x00000002   Code   RO         6055    .ARM.Collect$$libshutdown$$00000010  c_w.l(libshutdown2.o)
    0x080001fe   0x080001fe   0x00000000   Code   RO         5863    .ARM.Collect$$rtentry$$00000000  c_w.l(__rtentry.o)
    0x080001fe   0x080001fe   0x00000000   Code   RO         5886    .ARM.Collect$$rtentry$$00000002  c_w.l(__rtentry2.o)
    0x080001fe   0x080001fe   0x00000006   Code   RO         5898    .ARM.Collect$$rtentry$$00000004  c_w.l(__rtentry4.o)
    0x08000204   0x08000204   0x00000000   Code   RO         5888    .ARM.Collect$$rtentry$$00000009  c_w.l(__rtentry2.o)
    0x08000204   0x08000204   0x00000004   Code   RO         5889    .ARM.Collect$$rtentry$$0000000A  c_w.l(__rtentry2.o)
    0x08000208   0x08000208   0x00000000   Code   RO         5891    .ARM.Collect$$rtentry$$0000000C  c_w.l(__rtentry2.o)
    0x08000208   0x08000208   0x00000008   Code   RO         5892    .ARM.Collect$$rtentry$$0000000D  c_w.l(__rtentry2.o)
    0x08000210   0x08000210   0x00000002   Code   RO         5930    .ARM.Collect$$rtexit$$00000000  c_w.l(rtexit.o)
    0x08000212   0x08000212   0x00000000   Code   RO         5988    .ARM.Collect$$rtexit$$00000002  c_w.l(rtexit2.o)
    0x08000212   0x08000212   0x00000004   Code   RO         5989    .ARM.Collect$$rtexit$$00000003  c_w.l(rtexit2.o)
    0x08000216   0x08000216   0x00000006   Code   RO         5990    .ARM.Collect$$rtexit$$00000004  c_w.l(rtexit2.o)
    0x0800021c   0x0800021c   0x00000010   Code   RO         2386    .emb_text           cpuport.o
    0x0800022c   0x0800022c   0x00000040   Code   RO         2348    .text               startup_stm32f103xe.o
    0x0800026c   0x0800026c   0x000000f4   Code   RO         2450    .text               context_rvds.o
    0x08000360   0x08000360   0x000000ee   Code   RO         5803    .text               c_w.l(lludivv7m.o)
    0x0800044e   0x0800044e   0x0000001a   Code   RO         5805    .text               c_w.l(atoi.o)
    0x08000468   0x08000468   0x00000058   Code   RO         5807    .text               c_w.l(memcmp.o)
    0x080004c0   0x080004c0   0x00000048   Code   RO         5809    .text               c_w.l(strcpy.o)
    0x08000508   0x08000508   0x0000003e   Code   RO         5811    .text               c_w.l(strlen.o)
    0x08000546   0x08000546   0x00000096   Code   RO         5813    .text               c_w.l(strncmp.o)
    0x080005dc   0x080005dc   0x00000018   Code   RO         5815    .text               c_w.l(strcat.o)
    0x080005f4   0x080005f4   0x0000008a   Code   RO         5817    .text               c_w.l(rt_memcpy_v6.o)
    0x0800067e   0x0800067e   0x00000064   Code   RO         5819    .text               c_w.l(rt_memcpy_w.o)
    0x080006e2   0x080006e2   0x00000044   Code   RO         5821    .text               c_w.l(rt_memclr.o)
    0x08000726   0x08000726   0x0000004e   Code   RO         5823    .text               c_w.l(rt_memclr_w.o)
    0x08000774   0x08000774   0x00000056   Code   RO         5825    .text               c_w.l(strncpy.o)
    0x080007ca   0x080007ca   0x00000006   Code   RO         5827    .text               c_w.l(heapauxi.o)
    0x080007d0   0x080007d0   0x00000008   Code   RO         5871    .text               c_w.l(rt_errno_addr_intlibspace.o)
    0x080007d8   0x080007d8   0x00000070   Code   RO         5873    .text               c_w.l(strtol.o)
    0x08000848   0x08000848   0x00000008   Code   RO         5882    .text               c_w.l(libspace.o)
    0x08000850   0x08000850   0x00000010   Code   RO         5900    .text               c_w.l(rt_ctype_table.o)
    0x08000860   0x08000860   0x0000009e   Code   RO         5904    .text               c_w.l(_strtoul.o)
    0x080008fe   0x080008fe   0x0000004a   Code   RO         5906    .text               c_w.l(sys_stackheap_outer.o)
    0x08000948   0x08000948   0x00000008   Code   RO         5911    .text               c_w.l(rt_locale_intlibspace.o)
    0x08000950   0x08000950   0x0000001c   Code   RO         5913    .text               c_w.l(_chval.o)
    0x0800096c   0x0800096c   0x00000012   Code   RO         5918    .text               c_w.l(exit.o)
    0x0800097e   0x0800097e   0x00000002   PAD
    0x08000980   0x08000980   0x00000080   Code   RO         5938    .text               c_w.l(strcmpv7m.o)
    0x08000a00   0x08000a00   0x0000000c   Code   RO         5985    .text               c_w.l(sys_exit.o)
    0x08000a0c   0x08000a0c   0x00000002   Code   RO         6004    .text               c_w.l(use_no_semi.o)
    0x08000a0e   0x08000a0e   0x00000000   Code   RO         6006    .text               c_w.l(indicate_semi.o)
    0x08000a0e   0x08000a0e   0x0000000a   Code   RO          247    i.$Sub$$main        components.o
    0x08000a18   0x08000a18   0x000000a4   Code   RO         1695    i.CallTasks         tasks.o
    0x08000abc   0x08000abc   0x00000018   Code   RO         1971    i.DMA1_Channel5_IRQHandler  drv_usart.o
    0x08000ad4   0x08000ad4   0x0000002c   Code   RO         3701    i.DMA_SetConfig     stm32f1xx_hal_dma.o
    0x08000b00   0x08000b00   0x00000012   Code   RO         1856    i.EXTI0_IRQHandler  drv_gpio.o
    0x08000b12   0x08000b12   0x0000003c   Code   RO         1857    i.EXTI15_10_IRQHandler  drv_gpio.o
    0x08000b4e   0x08000b4e   0x00000012   Code   RO         1858    i.EXTI1_IRQHandler  drv_gpio.o
    0x08000b60   0x08000b60   0x00000012   Code   RO         1859    i.EXTI2_IRQHandler  drv_gpio.o
    0x08000b72   0x08000b72   0x00000012   Code   RO         1860    i.EXTI3_IRQHandler  drv_gpio.o
    0x08000b84   0x08000b84   0x00000012   Code   RO         1861    i.EXTI4_IRQHandler  drv_gpio.o
    0x08000b96   0x08000b96   0x0000002e   Code   RO         1862    i.EXTI9_5_IRQHandler  drv_gpio.o
    0x08000bc4   0x08000bc4   0x00000024   Code   RO         1696    i.Func_thread_BaseX1  tasks.o
    0x08000be8   0x08000be8   0x00000024   Code   RO         1697    i.Func_thread_X2    tasks.o
    0x08000c0c   0x08000c0c   0x00000010   Code   RO         1698    i.Func_timer_X1     tasks.o
    0x08000c1c   0x08000c1c   0x00000010   Code   RO         1699    i.Func_timer_X2     tasks.o
    0x08000c2c   0x08000c2c   0x000001a8   Code   RO         3703    i.HAL_DMA_Abort_IT  stm32f1xx_hal_dma.o
    0x08000dd4   0x08000dd4   0x0000008c   Code   RO         3704    i.HAL_DMA_DeInit    stm32f1xx_hal_dma.o
    0x08000e60   0x08000e60   0x00000398   Code   RO         3707    i.HAL_DMA_IRQHandler  stm32f1xx_hal_dma.o
    0x080011f8   0x080011f8   0x0000008c   Code   RO         3708    i.HAL_DMA_Init      stm32f1xx_hal_dma.o
    0x08001284   0x08001284   0x0000009c   Code   RO         3712    i.HAL_DMA_Start_IT  stm32f1xx_hal_dma.o
    0x08001320   0x08001320   0x00000154   Code   RO         4414    i.HAL_GPIO_DeInit   stm32f1xx_hal_gpio.o
    0x08001474   0x08001474   0x0000003c   Code   RO         1863    i.HAL_GPIO_EXTI_Callback  drv_gpio.o
    0x080014b0   0x080014b0   0x0000001c   Code   RO         4416    i.HAL_GPIO_EXTI_IRQHandler  stm32f1xx_hal_gpio.o
    0x080014cc   0x080014cc   0x00000340   Code   RO         4417    i.HAL_GPIO_Init     stm32f1xx_hal_gpio.o
    0x0800180c   0x0800180c   0x00000010   Code   RO         4419    i.HAL_GPIO_ReadPin  stm32f1xx_hal_gpio.o
    0x0800181c   0x0800181c   0x0000000c   Code   RO         4421    i.HAL_GPIO_WritePin  stm32f1xx_hal_gpio.o
    0x08001828   0x08001828   0x00000012   Code   RO         2253    i.HAL_GetTick       drv_common.o
    0x0800183a   0x0800183a   0x00000002   PAD
    0x0800183c   0x0800183c   0x00000018   Code   RO         4221    i.HAL_IncTick       stm32f1xx_hal.o
    0x08001854   0x08001854   0x00000028   Code   RO         4222    i.HAL_Init          stm32f1xx_hal.o
    0x0800187c   0x0800187c   0x00000006   Code   RO         2254    i.HAL_InitTick      drv_common.o
    0x08001882   0x08001882   0x00000002   PAD
    0x08001884   0x08001884   0x00000054   Code   RO         1790    i.HAL_MspInit       stm32f1xx_hal_msp.o
    0x080018d8   0x080018d8   0x00000044   Code   RO         3797    i.HAL_NVIC_DisableIRQ  stm32f1xx_hal_cortex.o
    0x0800191c   0x0800191c   0x00000020   Code   RO         3798    i.HAL_NVIC_EnableIRQ  stm32f1xx_hal_cortex.o
    0x0800193c   0x0800193c   0x0000007c   Code   RO         3804    i.HAL_NVIC_SetPriority  stm32f1xx_hal_cortex.o
    0x080019b8   0x080019b8   0x00000028   Code   RO         3805    i.HAL_NVIC_SetPriorityGrouping  stm32f1xx_hal_cortex.o
    0x080019e0   0x080019e0   0x0000018c   Code   RO         4062    i.HAL_RCC_ClockConfig  stm32f1xx_hal_rcc.o
    0x08001b6c   0x08001b6c   0x0000000c   Code   RO         4067    i.HAL_RCC_GetHCLKFreq  stm32f1xx_hal_rcc.o
    0x08001b78   0x08001b78   0x00000020   Code   RO         4069    i.HAL_RCC_GetPCLK1Freq  stm32f1xx_hal_rcc.o
    0x08001b98   0x08001b98   0x00000020   Code   RO         4070    i.HAL_RCC_GetPCLK2Freq  stm32f1xx_hal_rcc.o
    0x08001bb8   0x08001bb8   0x00000094   Code   RO         4071    i.HAL_RCC_GetSysClockFreq  stm32f1xx_hal_rcc.o
    0x08001c4c   0x08001c4c   0x00000464   Code   RO         4074    i.HAL_RCC_OscConfig  stm32f1xx_hal_rcc.o
    0x080020b0   0x080020b0   0x00000028   Code   RO         3807    i.HAL_SYSTICK_CLKSourceConfig  stm32f1xx_hal_cortex.o
    0x080020d8   0x080020d8   0x00000034   Code   RO         3809    i.HAL_SYSTICK_Config  stm32f1xx_hal_cortex.o
    0x0800210c   0x0800210c   0x00000002   Code   RO         5553    i.HAL_TIMEx_BreakCallback  stm32f1xx_hal_tim_ex.o
    0x0800210e   0x0800210e   0x00000002   Code   RO         5554    i.HAL_TIMEx_CommutCallback  stm32f1xx_hal_tim_ex.o
    0x08002110   0x08002110   0x00000054   Code   RO         5571    i.HAL_TIMEx_MasterConfigSynchronization  stm32f1xx_hal_tim_ex.o
    0x08002164   0x08002164   0x00000034   Code   RO         4867    i.HAL_TIM_Base_Init  stm32f1xx_hal_tim.o
    0x08002198   0x08002198   0x00000070   Code   RO         1792    i.HAL_TIM_Base_MspInit  stm32f1xx_hal_msp.o
    0x08002208   0x08002208   0x0000002a   Code   RO         4872    i.HAL_TIM_Base_Start_IT  stm32f1xx_hal_tim.o
    0x08002232   0x08002232   0x00000038   Code   RO         4875    i.HAL_TIM_Base_Stop_IT  stm32f1xx_hal_tim.o
    0x0800226a   0x0800226a   0x00000108   Code   RO         4876    i.HAL_TIM_ConfigClockSource  stm32f1xx_hal_tim.o
    0x08002372   0x08002372   0x00000036   Code   RO         4895    i.HAL_TIM_GenerateEvent  stm32f1xx_hal_tim.o
    0x080023a8   0x080023a8   0x00000002   Code   RO         4896    i.HAL_TIM_IC_CaptureCallback  stm32f1xx_hal_tim.o
    0x080023aa   0x080023aa   0x00000196   Code   RO         4910    i.HAL_TIM_IRQHandler  stm32f1xx_hal_tim.o
    0x08002540   0x08002540   0x00000058   Code   RO         1793    i.HAL_TIM_MspPostInit  stm32f1xx_hal_msp.o
    0x08002598   0x08002598   0x00000002   Code   RO         4913    i.HAL_TIM_OC_DelayElapsedCallback  stm32f1xx_hal_tim.o
    0x0800259a   0x0800259a   0x00000108   Code   RO         4934    i.HAL_TIM_PWM_ConfigChannel  stm32f1xx_hal_tim.o
    0x080026a2   0x080026a2   0x00000034   Code   RO         4937    i.HAL_TIM_PWM_Init  stm32f1xx_hal_tim.o
    0x080026d6   0x080026d6   0x00000002   Code   RO         4939    i.HAL_TIM_PWM_MspInit  stm32f1xx_hal_tim.o
    0x080026d8   0x080026d8   0x00000002   Code   RO         4940    i.HAL_TIM_PWM_PulseFinishedCallback  stm32f1xx_hal_tim.o
    0x080026da   0x080026da   0x00000002   PAD
    0x080026dc   0x080026dc   0x00000058   Code   RO         4942    i.HAL_TIM_PWM_Start  stm32f1xx_hal_tim.o
    0x08002734   0x08002734   0x00000088   Code   RO         4945    i.HAL_TIM_PWM_Stop  stm32f1xx_hal_tim.o
    0x080027bc   0x080027bc   0x0000001c   Code   RO         2127    i.HAL_TIM_PeriodElapsedCallback  drv_hwtimer.o
    0x080027d8   0x080027d8   0x00000002   Code   RO         4953    i.HAL_TIM_TriggerCallback  stm32f1xx_hal_tim.o
    0x080027da   0x080027da   0x00000002   PAD
    0x080027dc   0x080027dc   0x0000002c   Code   RO         1972    i.HAL_UART_ErrorCallback  drv_usart.o
    0x08002808   0x08002808   0x0000014c   Code   RO         4540    i.HAL_UART_IRQHandler  stm32f1xx_hal_uart.o
    0x08002954   0x08002954   0x00000072   Code   RO         4541    i.HAL_UART_Init     stm32f1xx_hal_uart.o
    0x080029c6   0x080029c6   0x00000002   PAD
    0x080029c8   0x080029c8   0x00000088   Code   RO         1795    i.HAL_UART_MspInit  stm32f1xx_hal_msp.o
    0x08002a50   0x08002a50   0x000000c4   Code   RO         4545    i.HAL_UART_Receive_DMA  stm32f1xx_hal_uart.o
    0x08002b14   0x08002b14   0x00000034   Code   RO         1973    i.HAL_UART_RxCpltCallback  drv_usart.o
    0x08002b48   0x08002b48   0x00000034   Code   RO         1974    i.HAL_UART_RxHalfCpltCallback  drv_usart.o
    0x08002b7c   0x08002b7c   0x0000009c   Code   RO         4550    i.HAL_UART_Transmit_DMA  stm32f1xx_hal_uart.o
    0x08002c18   0x08002c18   0x00000034   Code   RO         1975    i.HAL_UART_TxCpltCallback  drv_usart.o
    0x08002c4c   0x08002c4c   0x00000002   Code   RO         4553    i.HAL_UART_TxHalfCpltCallback  stm32f1xx_hal_uart.o
    0x08002c4e   0x08002c4e   0x00000002   PAD
    0x08002c50   0x08002c50   0x00000028   Code   RO         4075    i.RCC_Delay         stm32f1xx_hal_rcc.o
    0x08002c78   0x08002c78   0x00000018   Code   RO         1700    i.ReTasks           tasks.o
    0x08002c90   0x08002c90   0x00000040   Code   RO         1632    i.Run_prc_x1        process.o
    0x08002cd0   0x08002cd0   0x00000040   Code   RO         1633    i.Run_prc_x2        process.o
    0x08002d10   0x08002d10   0x00000014   Code   RO         2257    i.SysTick_Handler   drv_common.o
    0x08002d24   0x08002d24   0x00000094   Code   RO         1762    i.SystemClock_Config  board.o
    0x08002db8   0x08002db8   0x00000058   Code   RO         3665    i.SystemInit        system_stm32f1xx.o
    0x08002e10   0x08002e10   0x00000018   Code   RO         2128    i.TIM3_IRQHandler   drv_hwtimer.o
    0x08002e28   0x08002e28   0x0000009c   Code   RO         4955    i.TIM_Base_SetConfig  stm32f1xx_hal_tim.o
    0x08002ec4   0x08002ec4   0x00000022   Code   RO         4956    i.TIM_CCxChannelCmd  stm32f1xx_hal_tim.o
    0x08002ee6   0x08002ee6   0x00000016   Code   RO         4966    i.TIM_ETR_SetConfig  stm32f1xx_hal_tim.o
    0x08002efc   0x08002efc   0x00000012   Code   RO         4967    i.TIM_ITRx_SetConfig  stm32f1xx_hal_tim.o
    0x08002f0e   0x08002f0e   0x00000002   PAD
    0x08002f10   0x08002f10   0x00000070   Code   RO         4968    i.TIM_OC1_SetConfig  stm32f1xx_hal_tim.o
    0x08002f80   0x08002f80   0x0000007c   Code   RO         4969    i.TIM_OC2_SetConfig  stm32f1xx_hal_tim.o
    0x08002ffc   0x08002ffc   0x00000078   Code   RO         4970    i.TIM_OC3_SetConfig  stm32f1xx_hal_tim.o
    0x08003074   0x08003074   0x00000054   Code   RO         4971    i.TIM_OC4_SetConfig  stm32f1xx_hal_tim.o
    0x080030c8   0x080030c8   0x00000026   Code   RO         4973    i.TIM_TI1_ConfigInputStage  stm32f1xx_hal_tim.o
    0x080030ee   0x080030ee   0x00000028   Code   RO         4975    i.TIM_TI2_ConfigInputStage  stm32f1xx_hal_tim.o
    0x08003116   0x08003116   0x00000002   PAD
    0x08003118   0x08003118   0x000000e8   Code   RO         1701    i.Task_init         tasks.o
    0x08003200   0x08003200   0x00000014   Code   RO         4554    i.UART_DMAAbortOnError  stm32f1xx_hal_uart.o
    0x08003214   0x08003214   0x00000050   Code   RO         4555    i.UART_DMAError     stm32f1xx_hal_uart.o
    0x08003264   0x08003264   0x00000046   Code   RO         4556    i.UART_DMAReceiveCplt  stm32f1xx_hal_uart.o
    0x080032aa   0x080032aa   0x0000000e   Code   RO         4558    i.UART_DMARxHalfCplt  stm32f1xx_hal_uart.o
    0x080032b8   0x080032b8   0x00000036   Code   RO         4560    i.UART_DMATransmitCplt  stm32f1xx_hal_uart.o
    0x080032ee   0x080032ee   0x0000000e   Code   RO         4562    i.UART_DMATxHalfCplt  stm32f1xx_hal_uart.o
    0x080032fc   0x080032fc   0x00000020   Code   RO         4564    i.UART_EndRxTransfer  stm32f1xx_hal_uart.o
    0x0800331c   0x0800331c   0x00000020   Code   RO         4565    i.UART_EndTransmit_IT  stm32f1xx_hal_uart.o
    0x0800333c   0x0800333c   0x00000014   Code   RO         4566    i.UART_EndTxTransfer  stm32f1xx_hal_uart.o
    0x08003350   0x08003350   0x000000a6   Code   RO         4567    i.UART_Receive_IT   stm32f1xx_hal_uart.o
    0x080033f6   0x080033f6   0x00000002   PAD
    0x080033f8   0x080033f8   0x000001a0   Code   RO         4568    i.UART_SetConfig    stm32f1xx_hal_uart.o
    0x08003598   0x08003598   0x00000068   Code   RO         4569    i.UART_Transmit_IT  stm32f1xx_hal_uart.o
    0x08003600   0x08003600   0x00000018   Code   RO         1976    i.USART1_IRQHandler  drv_usart.o
    0x08003618   0x08003618   0x00000004   Code   RO         2258    i._Error_Handler    drv_common.o
    0x0800361c   0x0800361c   0x00000010   Code   RO         3811    i.__NVIC_GetPriorityGrouping  stm32f1xx_hal_cortex.o
    0x0800362c   0x0800362c   0x00000028   Code   RO         3812    i.__NVIC_SetPriority  stm32f1xx_hal_cortex.o
    0x08003654   0x08003654   0x00000028   Code   RO         1245    i._get_highest_priority_thread  scheduler.o
    0x0800367c   0x0800367c   0x00000014   Code   RO          407    i._has_defunct_thread  idle.o
    0x08003690   0x08003690   0x00000098   Code   RO         3501    i._msh_exec_cmd     msh.o
    0x08003728   0x08003728   0x00000048   Code   RO         2508    i._pin_control      pin.o
    0x08003770   0x08003770   0x00000054   Code   RO         2509    i._pin_read         pin.o
    0x080037c4   0x080037c4   0x00000054   Code   RO         2510    i._pin_write        pin.o
    0x08003818   0x08003818   0x0000002a   Code   RO         2577    i._pwm_control      rt_drv_pwm.o
    0x08003842   0x08003842   0x00000048   Code   RO         2578    i._pwm_read         rt_drv_pwm.o
    0x0800388a   0x0800388a   0x00000060   Code   RO         2579    i._pwm_write        rt_drv_pwm.o
    0x080038ea   0x080038ea   0x00000002   PAD
    0x080038ec   0x080038ec   0x000000c8   Code   RO         1246    i._rt_scheduler_stack_check  scheduler.o
    0x080039b4   0x080039b4   0x000000d0   Code   RO         1344    i._rt_thread_init   thread.o
    0x08003a84   0x08003a84   0x00000042   Code   RO         1487    i._rt_timer_init    timer.o
    0x08003ac6   0x08003ac6   0x0000002e   Code   RO         1488    i._rt_timer_remove  timer.o
    0x08003af4   0x08003af4   0x00000040   Code   RO         2648    i._serial_check_buffer_size  serial.o
    0x08003b34   0x08003b34   0x00000194   Code   RO         2649    i._serial_dma_rx    serial.o
    0x08003cc8   0x08003cc8   0x0000005c   Code   RO         2650    i._serial_dma_tx    serial.o
    0x08003d24   0x08003d24   0x00000064   Code   RO         2651    i._serial_fifo_calc_recved_len  serial.o
    0x08003d88   0x08003d88   0x000000b8   Code   RO         2652    i._serial_int_rx    serial.o
    0x08003e40   0x08003e40   0x00000070   Code   RO         2653    i._serial_int_tx    serial.o
    0x08003eb0   0x08003eb0   0x0000005c   Code   RO         2654    i._serial_poll_rx   serial.o
    0x08003f0c   0x08003f0c   0x00000054   Code   RO         2655    i._serial_poll_tx   serial.o
    0x08003f60   0x08003f60   0x0000001e   Code   RO         1864    i.bit2bitno         drv_gpio.o
    0x08003f7e   0x08003f7e   0x00000002   PAD
    0x08003f80   0x08003f80   0x000000fc   Code   RO         2387    i.bus_fault_track   cpuport.o
    0x0800407c   0x0800407c   0x0000000e   Code   RO         3502    i.cmd_free          msh.o
    0x0800408a   0x0800408a   0x0000000e   Code   RO         3503    i.cmd_ps            msh.o
    0x08004098   0x08004098   0x00000088   Code   RO         1977    i.dma_isr           drv_usart.o
    0x08004120   0x08004120   0x00000054   Code   RO         2193    i.drv_pwm_control   drv_pwm.o
    0x08004174   0x08004174   0x0000002a   Code   RO         2194    i.drv_pwm_enable    drv_pwm.o
    0x0800419e   0x0800419e   0x00000002   PAD
    0x080041a0   0x080041a0   0x000000d8   Code   RO         2195    i.drv_pwm_get       drv_pwm.o
    0x08004278   0x08004278   0x00000120   Code   RO         2196    i.drv_pwm_set       drv_pwm.o
    0x08004398   0x08004398   0x00000074   Code   RO         3259    i.finsh_get_prompt  shell.o
    0x0800440c   0x0800440c   0x0000005c   Code   RO         3261    i.finsh_getchar     shell.o
    0x08004468   0x08004468   0x00000040   Code   RO         3262    i.finsh_rx_ind      shell.o
    0x080044a8   0x080044a8   0x000000dc   Code   RO         3263    i.finsh_set_device  shell.o
    0x08004584   0x08004584   0x00000048   Code   RO         3266    i.finsh_set_prompt_mode  shell.o
    0x080045cc   0x080045cc   0x00000014   Code   RO         3267    i.finsh_system_function_init  shell.o
    0x080045e0   0x080045e0   0x0000009c   Code   RO         3268    i.finsh_system_init  shell.o
    0x0800467c   0x0800467c   0x00000504   Code   RO         3270    i.finsh_thread_entry  shell.o
    0x08004b80   0x08004b80   0x00000024   Code   RO         1865    i.get_pin           drv_gpio.o
    0x08004ba4   0x08004ba4   0x00000080   Code   RO         2388    i.hard_fault_track  cpuport.o
    0x08004c24   0x08004c24   0x00000020   Code   RO         3380    i.hello             cmd.o
    0x08004c44   0x08004c44   0x00000068   Code   RO         3381    i.list              cmd.o
    0x08004cac   0x08004cac   0x00000118   Code   RO         3382    i.list_device       cmd.o
    0x08004dc4   0x08004dc4   0x00000144   Code   RO         3383    i.list_event        cmd.o
    0x08004f08   0x08004f08   0x0000002a   Code   RO         3384    i.list_find_init    cmd.o
    0x08004f32   0x08004f32   0x00000088   Code   RO         3385    i.list_get_next     cmd.o
    0x08004fba   0x08004fba   0x00000002   PAD
    0x08004fbc   0x08004fbc   0x0000015c   Code   RO         3386    i.list_mailbox      cmd.o
    0x08005118   0x08005118   0x00000078   Code   RO          978    i.list_mem          mem.o
    0x08005190   0x08005190   0x00000174   Code   RO         3387    i.list_mempool      cmd.o
    0x08005304   0x08005304   0x00000144   Code   RO         3388    i.list_msgqueue     cmd.o
    0x08005448   0x08005448   0x0000010c   Code   RO         3389    i.list_mutex        cmd.o
    0x08005554   0x08005554   0x00000138   Code   RO         3390    i.list_sem          cmd.o
    0x0800568c   0x0800568c   0x000001e4   Code   RO         3391    i.list_thread       cmd.o
    0x08005870   0x08005870   0x00000160   Code   RO         3392    i.list_timer        cmd.o
    0x080059d0   0x080059d0   0x0000000a   Code   RO         1611    i.main              main.o
    0x080059da   0x080059da   0x0000000e   Code   RO          248    i.main_thread_entry  components.o
    0x080059e8   0x080059e8   0x000000e8   Code   RO         2389    i.mem_manage_fault_track  cpuport.o
    0x08005ad0   0x08005ad0   0x000000a0   Code   RO         3504    i.msh_auto_complete  msh.o
    0x08005b70   0x08005b70   0x0000006c   Code   RO         3505    i.msh_exec          msh.o
    0x08005bdc   0x08005bdc   0x0000005c   Code   RO         3506    i.msh_get_cmd       msh.o
    0x08005c38   0x08005c38   0x00000080   Code   RO         3507    i.msh_help          msh.o
    0x08005cb8   0x08005cb8   0x00000004   Code   RO         3508    i.msh_is_used       msh.o
    0x08005cbc   0x08005cbc   0x000000f0   Code   RO         3509    i.msh_split         msh.o
    0x08005dac   0x08005dac   0x0000001c   Code   RO         3393    i.object_split      cmd.o
    0x08005dc8   0x08005dc8   0x0000010c   Code   RO          979    i.plug_holes        mem.o
    0x08005ed4   0x08005ed4   0x00000024   Code   RO         1634    i.prc_main_x1       process.o
    0x08005ef8   0x08005ef8   0x0000001c   Code   RO         1635    i.prc_main_x2       process.o
    0x08005f14   0x08005f14   0x00000002   Code   RO         1636    i.prc_postRun_x1    process.o
    0x08005f16   0x08005f16   0x00000002   Code   RO         1637    i.prc_postRun_x2    process.o
    0x08005f18   0x08005f18   0x0000002c   Code   RO         1638    i.prc_preRun_x1     process.o
    0x08005f44   0x08005f44   0x0000002c   Code   RO         1639    i.prc_preRun_x2     process.o
    0x08005f70   0x08005f70   0x00000198   Code   RO          781    i.print_number      kservice.o
    0x08006108   0x08006108   0x00000060   Code   RO         2580    i.pwm_disable       rt_drv_pwm.o
    0x08006168   0x08006168   0x00000060   Code   RO         2581    i.pwm_enable        rt_drv_pwm.o
    0x080061c8   0x080061c8   0x00000018   Code   RO         2197    i.pwm_get_channel   drv_pwm.o
    0x080061e0   0x080061e0   0x00000078   Code   RO         2582    i.pwm_set           rt_drv_pwm.o
    0x08006258   0x08006258   0x0000000c   Code   RO         2259    i.reboot            drv_common.o
    0x08006264   0x08006264   0x00000050   Code   RO          249    i.rt_application_init  components.o
    0x080062b4   0x080062b4   0x00000074   Code   RO          782    i.rt_assert_handler  kservice.o
    0x08006328   0x08006328   0x00000022   Code   RO          980    i.rt_calloc         mem.o
    0x0800634a   0x0800634a   0x00000002   PAD
    0x0800634c   0x0800634c   0x00000068   Code   RO         2754    i.rt_completion_done  completion.o
    0x080063b4   0x080063b4   0x00000048   Code   RO         2755    i.rt_completion_init  completion.o
    0x080063fc   0x080063fc   0x00000140   Code   RO         2756    i.rt_completion_wait  completion.o
    0x0800653c   0x0800653c   0x0000004c   Code   RO          250    i.rt_components_board_init  components.o
    0x08006588   0x08006588   0x00000070   Code   RO          251    i.rt_components_init  components.o
    0x080065f8   0x080065f8   0x0000000c   Code   RO          784    i.rt_console_get_device  kservice.o
    0x08006604   0x08006604   0x00000034   Code   RO          785    i.rt_console_set_device  kservice.o
    0x08006638   0x08006638   0x00000064   Code   RO         2787    i.rt_data_queue_init  dataqueue.o
    0x0800669c   0x0800669c   0x00000080   Code   RO         2788    i.rt_data_queue_peak  dataqueue.o
    0x0800671c   0x0800671c   0x000001c0   Code   RO         2789    i.rt_data_queue_pop  dataqueue.o
    0x080068dc   0x080068dc   0x00000160   Code   RO         2790    i.rt_data_queue_push  dataqueue.o
    0x08006a3c   0x08006a3c   0x000000ac   Code   RO          316    i.rt_device_close   device.o
    0x08006ae8   0x08006ae8   0x00000094   Code   RO          317    i.rt_device_control  device.o
    0x08006b7c   0x08006b7c   0x0000007c   Code   RO          320    i.rt_device_find    device.o
    0x08006bf8   0x08006bf8   0x00000068   Code   RO         2454    i.rt_device_hwtimer_isr  hwtimer.o
    0x08006c60   0x08006c60   0x000000cc   Code   RO         2455    i.rt_device_hwtimer_register  hwtimer.o
    0x08006d2c   0x08006d2c   0x00000148   Code   RO          323    i.rt_device_open    device.o
    0x08006e74   0x08006e74   0x00000048   Code   RO         2511    i.rt_device_pin_register  pin.o
    0x08006ebc   0x08006ebc   0x00000054   Code   RO         2583    i.rt_device_pwm_register  rt_drv_pwm.o
    0x08006f10   0x08006f10   0x000000b4   Code   RO          324    i.rt_device_read    device.o
    0x08006fc4   0x08006fc4   0x00000034   Code   RO          325    i.rt_device_register  device.o
    0x08006ff8   0x08006ff8   0x00000080   Code   RO          326    i.rt_device_set_rx_indicate  device.o
    0x08007078   0x08007078   0x000000b4   Code   RO          329    i.rt_device_write   device.o
    0x0800712c   0x0800712c   0x0000000c   Code   RO         2656    i.rt_dma_calc_recved_len  serial.o
    0x08007138   0x08007138   0x0000009c   Code   RO         2657    i.rt_dma_recv_update_get_index  serial.o
    0x080071d4   0x080071d4   0x000000a8   Code   RO         2658    i.rt_dma_recv_update_put_index  serial.o
    0x0800727c   0x0800727c   0x00000020   Code   RO         1248    i.rt_enter_critical  scheduler.o
    0x0800729c   0x0800729c   0x00000044   Code   RO         1249    i.rt_exit_critical  scheduler.o
    0x080072e0   0x080072e0   0x00000208   Code   RO          981    i.rt_free           mem.o
    0x080074e8   0x080074e8   0x0000004c   Code   RO         2260    i.rt_hw_board_init  drv_common.o
    0x08007534   0x08007534   0x00000002   Code   RO          788    i.rt_hw_console_output  kservice.o
    0x08007536   0x08007536   0x00000002   PAD
    0x08007538   0x08007538   0x00000010   Code   RO         2390    i.rt_hw_cpu_reset   cpuport.o
    0x08007548   0x08007548   0x00000208   Code   RO         2393    i.rt_hw_hard_fault_exception  cpuport.o
    0x08007750   0x08007750   0x000000d4   Code   RO         1866    i.rt_hw_pin_init    drv_gpio.o
    0x08007824   0x08007824   0x000001e0   Code   RO         2659    i.rt_hw_serial_isr  serial.o
    0x08007a04   0x08007a04   0x00000080   Code   RO         2660    i.rt_hw_serial_register  serial.o
    0x08007a84   0x08007a84   0x0000004c   Code   RO         2394    i.rt_hw_stack_init  cpuport.o
    0x08007ad0   0x08007ad0   0x00000026   Code   RO         2261    i.rt_hw_systick_init  drv_common.o
    0x08007af6   0x08007af6   0x00000002   PAD
    0x08007af8   0x08007af8   0x000000e4   Code   RO         1978    i.rt_hw_usart_init  drv_usart.o
    0x08007bdc   0x08007bdc   0x0000002e   Code   RO         2456    i.rt_hwtimer_close  hwtimer.o
    0x08007c0a   0x08007c0a   0x000000ce   Code   RO         2457    i.rt_hwtimer_control  hwtimer.o
    0x08007cd8   0x08007cd8   0x00000050   Code   RO         2458    i.rt_hwtimer_init   hwtimer.o
    0x08007d28   0x08007d28   0x0000002c   Code   RO         2459    i.rt_hwtimer_open   hwtimer.o
    0x08007d54   0x08007d54   0x000000c8   Code   RO         2460    i.rt_hwtimer_read   hwtimer.o
    0x08007e1c   0x08007e1c   0x00000066   Code   RO         2461    i.rt_hwtimer_write  hwtimer.o
    0x08007e82   0x08007e82   0x00000002   PAD
    0x08007e84   0x08007e84   0x00000038   Code   RO          741    i.rt_interrupt_enter  irq.o
    0x08007ebc   0x08007ebc   0x0000001c   Code   RO          743    i.rt_interrupt_get_nest  irq.o
    0x08007ed8   0x08007ed8   0x00000038   Code   RO          744    i.rt_interrupt_leave  irq.o
    0x08007f10   0x08007f10   0x00000018   Code   RO          467    i.rt_ipc_list_resume  ipc.o
    0x08007f28   0x08007f28   0x0000006c   Code   RO          469    i.rt_ipc_list_suspend  ipc.o
    0x08007f94   0x08007f94   0x00000010   Code   RO          470    i.rt_ipc_object_init  ipc.o
    0x08007fa4   0x08007fa4   0x00000068   Code   RO          789    i.rt_kprintf        kservice.o
    0x0800800c   0x0800800c   0x00000006   Code   RO          471    i.rt_list_init      ipc.o
    0x08008012   0x08008012   0x00000006   Code   RO         1250    i.rt_list_init      scheduler.o
    0x08008018   0x08008018   0x00000006   Code   RO         1489    i.rt_list_init      timer.o
    0x0800801e   0x0800801e   0x00000006   Code   RO         2792    i.rt_list_init      dataqueue.o
    0x08008024   0x08008024   0x0000000e   Code   RO         1138    i.rt_list_insert_after  object.o
    0x08008032   0x08008032   0x0000000e   Code   RO         1345    i.rt_list_insert_after  thread.o
    0x08008040   0x08008040   0x0000000e   Code   RO         1490    i.rt_list_insert_after  timer.o
    0x0800804e   0x0800804e   0x0000000e   Code   RO          472    i.rt_list_insert_before  ipc.o
    0x0800805c   0x0800805c   0x0000000e   Code   RO         2793    i.rt_list_insert_before  dataqueue.o
    0x0800806a   0x0800806a   0x00000010   Code   RO          473    i.rt_list_isempty   ipc.o
    0x0800807a   0x0800807a   0x00000010   Code   RO         1491    i.rt_list_isempty   timer.o
    0x0800808a   0x0800808a   0x00000010   Code   RO         2757    i.rt_list_isempty   completion.o
    0x0800809a   0x0800809a   0x00000010   Code   RO         2794    i.rt_list_isempty   dataqueue.o
    0x080080aa   0x080080aa   0x00000010   Code   RO         3394    i.rt_list_isempty   cmd.o
    0x080080ba   0x080080ba   0x00000014   Code   RO         3395    i.rt_list_len       cmd.o
    0x080080ce   0x080080ce   0x00000012   Code   RO         1139    i.rt_list_remove    object.o
    0x080080e0   0x080080e0   0x00000012   Code   RO         1346    i.rt_list_remove    thread.o
    0x080080f2   0x080080f2   0x00000002   PAD
    0x080080f4   0x080080f4   0x000002bc   Code   RO          983    i.rt_malloc         mem.o
    0x080083b0   0x080083b0   0x0000007c   Code   RO          793    i.rt_memcpy         kservice.o
    0x0800842c   0x0800842c   0x00000042   Code   RO          794    i.rt_memmove        kservice.o
    0x0800846e   0x0800846e   0x00000048   Code   RO          795    i.rt_memset         kservice.o
    0x080084b6   0x080084b6   0x00000002   PAD
    0x080084b8   0x080084b8   0x000000ec   Code   RO         1140    i.rt_object_allocate  object.o
    0x080085a4   0x080085a4   0x000000a0   Code   RO         1142    i.rt_object_delete  object.o
    0x08008644   0x08008644   0x0000005c   Code   RO         1143    i.rt_object_detach  object.o
    0x080086a0   0x080086a0   0x00000028   Code   RO         1146    i.rt_object_get_information  object.o
    0x080086c8   0x080086c8   0x00000034   Code   RO         1147    i.rt_object_get_type  object.o
    0x080086fc   0x080086fc   0x000000bc   Code   RO         1148    i.rt_object_init    object.o
    0x080087b8   0x080087b8   0x0000003c   Code   RO         1149    i.rt_object_is_systemobject  object.o
    0x080087f4   0x080087f4   0x00000048   Code   RO         2515    i.rt_pin_mode       pin.o
    0x0800883c   0x0800883c   0x00000044   Code   RO         2516    i.rt_pin_read       pin.o
    0x08008880   0x08008880   0x00000048   Code   RO         2517    i.rt_pin_write      pin.o
    0x080088c8   0x080088c8   0x0000002a   Code   RO         2584    i.rt_pwm_disable    rt_drv_pwm.o
    0x080088f2   0x080088f2   0x0000002a   Code   RO         2585    i.rt_pwm_enable     rt_drv_pwm.o
    0x0800891c   0x0800891c   0x00000038   Code   RO         2586    i.rt_pwm_set        rt_drv_pwm.o
    0x08008954   0x08008954   0x00000144   Code   RO         1251    i.rt_schedule       scheduler.o
    0x08008a98   0x08008a98   0x0000009c   Code   RO         1252    i.rt_schedule_insert_thread  scheduler.o
    0x08008b34   0x08008b34   0x00000080   Code   RO         1253    i.rt_schedule_remove_thread  scheduler.o
    0x08008bb4   0x08008bb4   0x0000006c   Code   RO          502    i.rt_sem_init       ipc.o
    0x08008c20   0x08008c20   0x00000090   Code   RO          503    i.rt_sem_release    ipc.o
    0x08008cb0   0x08008cb0   0x000001a4   Code   RO          504    i.rt_sem_take       ipc.o
    0x08008e54   0x08008e54   0x00000184   Code   RO         2661    i.rt_serial_close   serial.o
    0x08008fd8   0x08008fd8   0x000000a4   Code   RO         2662    i.rt_serial_control  serial.o
    0x0800907c   0x0800907c   0x00000048   Code   RO         2663    i.rt_serial_init    serial.o
    0x080090c4   0x080090c4   0x000002ac   Code   RO         2664    i.rt_serial_open    serial.o
    0x08009370   0x08009370   0x0000006c   Code   RO         2665    i.rt_serial_read    serial.o
    0x080093dc   0x080093dc   0x0000006c   Code   RO         2666    i.rt_serial_write   serial.o
    0x08009448   0x08009448   0x00000028   Code   RO          796    i.rt_set_errno      kservice.o
    0x08009470   0x08009470   0x000000b0   Code   RO          797    i.rt_show_version   kservice.o
    0x08009520   0x08009520   0x00000022   Code   RO          799    i.rt_sprintf        kservice.o
    0x08009542   0x08009542   0x00000012   Code   RO          803    i.rt_strlen         kservice.o
    0x08009554   0x08009554   0x00000028   Code   RO          804    i.rt_strncmp        kservice.o
    0x0800957c   0x0800957c   0x00000034   Code   RO          805    i.rt_strncpy        kservice.o
    0x080095b0   0x080095b0   0x00000154   Code   RO          987    i.rt_system_heap_init  mem.o
    0x08009704   0x08009704   0x00000040   Code   RO         1255    i.rt_system_scheduler_init  scheduler.o
    0x08009744   0x08009744   0x00000028   Code   RO         1256    i.rt_system_scheduler_start  scheduler.o
    0x0800976c   0x0800976c   0x0000001c   Code   RO         1492    i.rt_system_timer_init  timer.o
    0x08009788   0x08009788   0x00000002   Code   RO         1493    i.rt_system_timer_thread_init  timer.o
    0x0800978a   0x0800978a   0x00000050   Code   RO         1348    i.rt_thread_create  thread.o
    0x080097da   0x080097da   0x00000002   PAD
    0x080097dc   0x080097dc   0x00000054   Code   RO         1352    i.rt_thread_exit    thread.o
    0x08009830   0x08009830   0x00000028   Code   RO          409    i.rt_thread_idle_entry  idle.o
    0x08009858   0x08009858   0x000000e4   Code   RO          410    i.rt_thread_idle_excute  idle.o
    0x0800993c   0x0800993c   0x00000060   Code   RO          412    i.rt_thread_idle_init  idle.o
    0x0800999c   0x0800999c   0x0000007c   Code   RO         1354    i.rt_thread_init    thread.o
    0x08009a18   0x08009a18   0x0000009c   Code   RO         1357    i.rt_thread_resume  thread.o
    0x08009ab4   0x08009ab4   0x0000000c   Code   RO         1359    i.rt_thread_self    thread.o
    0x08009ac0   0x08009ac0   0x000000c4   Code   RO         1361    i.rt_thread_startup  thread.o
    0x08009b84   0x08009b84   0x000000dc   Code   RO         1362    i.rt_thread_suspend  thread.o
    0x08009c60   0x08009c60   0x000000b4   Code   RO         1364    i.rt_thread_timeout  thread.o
    0x08009d14   0x08009d14   0x0000000a   Code   RO         1365    i.rt_thread_yield   thread.o
    0x08009d1e   0x08009d1e   0x00000002   PAD
    0x08009d20   0x08009d20   0x0000000c   Code   RO            6    i.rt_tick_get       clock.o
    0x08009d2c   0x08009d2c   0x0000003c   Code   RO            7    i.rt_tick_increase  clock.o
    0x08009d68   0x08009d68   0x000000b4   Code   RO         1494    i.rt_timer_check    timer.o
    0x08009e1c   0x08009e1c   0x000000b8   Code   RO         1495    i.rt_timer_control  timer.o
    0x08009ed4   0x08009ed4   0x000000d4   Code   RO         1498    i.rt_timer_detach   timer.o
    0x08009fa8   0x08009fa8   0x00000054   Code   RO         1501    i.rt_timer_init     timer.o
    0x08009ffc   0x08009ffc   0x000001c0   Code   RO         1504    i.rt_timer_start    timer.o
    0x0800a1bc   0x0800a1bc   0x000000c0   Code   RO         1505    i.rt_timer_stop     timer.o
    0x0800a27c   0x0800a27c   0x00000330   Code   RO          808    i.rt_vsnprintf      kservice.o
    0x0800a5ac   0x0800a5ac   0x00000016   Code   RO          809    i.rt_vsprintf       kservice.o
    0x0800a5c2   0x0800a5c2   0x00000004   Code   RO          252    i.rti_board_end     components.o
    0x0800a5c6   0x0800a5c6   0x00000004   Code   RO          253    i.rti_board_start   components.o
    0x0800a5ca   0x0800a5ca   0x00000004   Code   RO          254    i.rti_end           components.o
    0x0800a5ce   0x0800a5ce   0x00000004   Code   RO          255    i.rti_start         components.o
    0x0800a5d2   0x0800a5d2   0x0000002a   Code   RO          256    i.rtthread_startup  components.o
    0x0800a5fc   0x0800a5fc   0x00000038   Code   RO         3271    i.shell_auto_complete  shell.o
    0x0800a634   0x0800a634   0x00000030   Code   RO         3272    i.shell_handle_history  shell.o
    0x0800a664   0x0800a664   0x000000d8   Code   RO         3273    i.shell_push_history  shell.o
    0x0800a73c   0x0800a73c   0x00000030   Code   RO         3396    i.show_wait_queue   cmd.o
    0x0800a76c   0x0800a76c   0x00000026   Code   RO          810    i.skip_atoi         kservice.o
    0x0800a792   0x0800a792   0x00000002   PAD
    0x0800a794   0x0800a794   0x000000ec   Code   RO         1979    i.stm32_configure   drv_usart.o
    0x0800a880   0x0800a880   0x000000d0   Code   RO         1980    i.stm32_control     drv_usart.o
    0x0800a950   0x0800a950   0x0000016c   Code   RO         1981    i.stm32_dma_config  drv_usart.o
    0x0800aabc   0x0800aabc   0x00000058   Code   RO         1982    i.stm32_dma_transmit  drv_usart.o
    0x0800ab14   0x0800ab14   0x00000044   Code   RO         1983    i.stm32_getc        drv_usart.o
    0x0800ab58   0x0800ab58   0x000002ec   Code   RO         2198    i.stm32_hw_pwm_init  drv_pwm.o
    0x0800ae44   0x0800ae44   0x000000d0   Code   RO         2129    i.stm32_hwtimer_init  drv_hwtimer.o
    0x0800af14   0x0800af14   0x000000dc   Code   RO         1867    i.stm32_pin_attach_irq  drv_gpio.o
    0x0800aff0   0x0800aff0   0x0000008c   Code   RO         1868    i.stm32_pin_dettach_irq  drv_gpio.o
    0x0800b07c   0x0800b07c   0x0000018c   Code   RO         1869    i.stm32_pin_irq_enable  drv_gpio.o
    0x0800b208   0x0800b208   0x00000074   Code   RO         1870    i.stm32_pin_mode    drv_gpio.o
    0x0800b27c   0x0800b27c   0x0000002a   Code   RO         1871    i.stm32_pin_read    drv_gpio.o
    0x0800b2a6   0x0800b2a6   0x00000028   Code   RO         1872    i.stm32_pin_write   drv_gpio.o
    0x0800b2ce   0x0800b2ce   0x00000002   PAD
    0x0800b2d0   0x0800b2d0   0x0000004c   Code   RO         1984    i.stm32_putc        drv_usart.o
    0x0800b31c   0x0800b31c   0x00000100   Code   RO         2199    i.stm32_pwm_init    drv_pwm.o
    0x0800b41c   0x0800b41c   0x0000002c   Code   RO         1985    i.stm32_uart_get_dma_config  drv_usart.o
    0x0800b448   0x0800b448   0x00000020   Code   RO         3510    i.str_common        msh.o
    0x0800b468   0x0800b468   0x00000154   Code   RO         2462    i.timeout_calc      hwtimer.o
    0x0800b5bc   0x0800b5bc   0x00000034   Code   RO         2130    i.timer_counter_get  drv_hwtimer.o
    0x0800b5f0   0x0800b5f0   0x00000090   Code   RO         2131    i.timer_ctrl        drv_hwtimer.o
    0x0800b680   0x0800b680   0x000000ec   Code   RO         2132    i.timer_init        drv_hwtimer.o
    0x0800b76c   0x0800b76c   0x000000b4   Code   RO         2133    i.timer_start       drv_hwtimer.o
    0x0800b820   0x0800b820   0x00000038   Code   RO         2134    i.timer_stop        drv_hwtimer.o
    0x0800b858   0x0800b858   0x000001b0   Code   RO         1986    i.uart_isr          drv_usart.o
    0x0800ba08   0x0800ba08   0x000000e8   Code   RO         2395    i.usage_fault_track  cpuport.o
    0x0800baf0   0x0800baf0   0x0000000a   Code   RO         3397    i.version           cmd.o
    0x0800bafa   0x0800bafa   0x00000002   PAD
    0x0800bafc   0x0800bafc   0x0000002c   Code   RO         5916    locale$$code        c_w.l(lc_ctype_c.o)
    0x0800bb28   0x0800bb28   0x000000c4   Code   RO         5831    x$fpl$fadd          fz_ws.l(faddsub_clz.o)
    0x0800bbec   0x0800bbec   0x00000018   Code   RO         5875    x$fpl$fcmpinf       fz_ws.l(fcmpi.o)
    0x0800bc04   0x0800bc04   0x00000184   Code   RO         5838    x$fpl$fdiv          fz_ws.l(fdiv.o)
    0x0800bd88   0x0800bd88   0x00000068   Code   RO         5841    x$fpl$feqf          fz_ws.l(feqf.o)
    0x0800bdf0   0x0800bdf0   0x00000036   Code   RO         5843    x$fpl$ffix          fz_ws.l(ffix.o)
    0x0800be26   0x0800be26   0x00000002   PAD
    0x0800be28   0x0800be28   0x0000003e   Code   RO         5847    x$fpl$ffixu         fz_ws.l(ffixu.o)
    0x0800be66   0x0800be66   0x00000002   PAD
    0x0800be68   0x0800be68   0x00000030   Code   RO         5852    x$fpl$fflt          fz_ws.l(fflt_clz.o)
    0x0800be98   0x0800be98   0x00000026   Code   RO         5851    x$fpl$ffltu         fz_ws.l(fflt_clz.o)
    0x0800bebe   0x0800bebe   0x00000002   PAD
    0x0800bec0   0x0800bec0   0x00000068   Code   RO         5857    x$fpl$fleqf         fz_ws.l(fleqf.o)
    0x0800bf28   0x0800bf28   0x00000102   Code   RO         5859    x$fpl$fmul          fz_ws.l(fmul.o)
    0x0800c02a   0x0800c02a   0x0000008c   Code   RO         5877    x$fpl$fnaninf       fz_ws.l(fnaninf.o)
    0x0800c0b6   0x0800c0b6   0x0000000a   Code   RO         5879    x$fpl$fretinf       fz_ws.l(fretinf.o)
    0x0800c0c0   0x0800c0c0   0x00000062   Code   RO         5861    x$fpl$frleqf        fz_ws.l(frleqf.o)
    0x0800c122   0x0800c122   0x00000014   Code   RO         5832    x$fpl$frsb          fz_ws.l(faddsub_clz.o)
    0x0800c136   0x0800c136   0x00000002   PAD
    0x0800c138   0x0800c138   0x000000ea   Code   RO         5833    x$fpl$fsub          fz_ws.l(faddsub_clz.o)
    0x0800c222   0x0800c222   0x00000000   Code   RO         5881    x$fpl$usenofp       fz_ws.l(usenofp.o)
    0x0800c222   0x0800c222   0x00000044   Data   RO          257    .constdata          components.o
    0x0800c266   0x0800c266   0x000000c9   Data   RO          330    .constdata          device.o
    0x0800c32f   0x0800c32f   0x00000016   Data   RO          415    .constdata          idle.o
    0x0800c345   0x0800c345   0x000001fc   Data   RO          506    .constdata          ipc.o
    0x0800c541   0x0800c541   0x00000022   Data   RO          812    .constdata          kservice.o
    0x0800c563   0x0800c563   0x0000003c   Data   RO          989    .constdata          mem.o
    0x0800c59f   0x0800c59f   0x00000080   Data   RO         1154    .constdata          object.o
    0x0800c61f   0x0800c61f   0x0000004e   Data   RO         1258    .constdata          scheduler.o
    0x0800c66d   0x0800c66d   0x000000b9   Data   RO         1366    .constdata          thread.o
    0x0800c726   0x0800c726   0x0000005c   Data   RO         1506    .constdata          timer.o
    0x0800c782   0x0800c782   0x00000002   PAD
    0x0800c784   0x0800c784   0x00000020   Data   RO         1640    .constdata          process.o
    0x0800c7a4   0x0800c7a4   0x0000000a   Data   RO         1703    .constdata          tasks.o
    0x0800c7ae   0x0800c7ae   0x00000002   PAD
    0x0800c7b0   0x0800c7b0   0x00000598   Data   RO         1873    .constdata          drv_gpio.o
    0x0800cd48   0x0800cd48   0x000000fc   Data   RO         1988    .constdata          drv_usart.o
    0x0800ce44   0x0800ce44   0x00000076   Data   RO         2135    .constdata          drv_hwtimer.o
    0x0800ceba   0x0800ceba   0x00000021   Data   RO         2200    .constdata          drv_pwm.o
    0x0800cedb   0x0800cedb   0x00000031   Data   RO         2463    .constdata          hwtimer.o
    0x0800cf0c   0x0800cf0c   0x0000007d   Data   RO         2519    .constdata          pin.o
    0x0800cf89   0x0800cf89   0x0000012a   Data   RO         2667    .constdata          serial.o
    0x0800d0b3   0x0800d0b3   0x00000039   Data   RO         2758    .constdata          completion.o
    0x0800d0ec   0x0800d0ec   0x0000004b   Data   RO         2795    .constdata          dataqueue.o
    0x0800d137   0x0800d137   0x00000099   Data   RO         3275    .constdata          shell.o
    0x0800d1d0   0x0800d1d0   0x00000058   Data   RO         3398    .constdata          cmd.o
    0x0800d228   0x0800d228   0x0000000e   Data   RO         3511    .constdata          msh.o
    0x0800d236   0x0800d236   0x00000018   Data   RO         3666    .constdata          system_stm32f1xx.o
    0x0800d24e   0x0800d24e   0x00000002   PAD
    0x0800d250   0x0800d250   0x00000045   Data   RO          507    .conststring        ipc.o
    0x0800d295   0x0800d295   0x00000003   PAD
    0x0800d298   0x0800d298   0x000000eb   Data   RO          990    .conststring        mem.o
    0x0800d383   0x0800d383   0x00000001   PAD
    0x0800d384   0x0800d384   0x00000042   Data   RO         1367    .conststring        thread.o
    0x0800d3c6   0x0800d3c6   0x00000002   PAD
    0x0800d3c8   0x0800d3c8   0x0000006a   Data   RO         1641    .conststring        process.o
    0x0800d432   0x0800d432   0x00000002   PAD
    0x0800d434   0x0800d434   0x00000006   Data   RO         1989    .conststring        drv_usart.o
    0x0800d43a   0x0800d43a   0x00000002   PAD
    0x0800d43c   0x0800d43c   0x00000007   Data   RO         2136    .conststring        drv_hwtimer.o
    0x0800d443   0x0800d443   0x00000001   PAD
    0x0800d444   0x0800d444   0x00000005   Data   RO         2201    .conststring        drv_pwm.o
    0x0800d449   0x0800d449   0x00000003   PAD
    0x0800d44c   0x0800d44c   0x00000063   Data   RO         2668    .conststring        serial.o
    0x0800d4af   0x0800d4af   0x00000001   PAD
    0x0800d4b0   0x0800d4b0   0x0000017d   Data   RO         3399    .conststring        cmd.o
    0x0800d62d   0x0800d62d   0x00000027   Data   RO          992    .rodata.name        mem.o
    0x0800d654   0x0800d654   0x00000038   Data   RO         1705    .rodata.name        tasks.o
    0x0800d68c   0x0800d68c   0x0000001b   Data   RO         2263    .rodata.name        drv_common.o
    0x0800d6a7   0x0800d6a7   0x00000069   Data   RO         2520    .rodata.name        pin.o
    0x0800d710   0x0800d710   0x0000009f   Data   RO         2587    .rodata.name        rt_drv_pwm.o
    0x0800d7af   0x0800d7af   0x0000032f   Data   RO         3400    .rodata.name        cmd.o
    0x0800dade   0x0800dade   0x00000076   Data   RO         3512    .rodata.name        msh.o
    0x0800db54   0x0800db54   0x00000008   Data   RO          258    .rti_fn.0           components.o
    0x0800db5c   0x0800db5c   0x00000008   Data   RO          259    .rti_fn.0.end       components.o
    0x0800db64   0x0800db64   0x00000008   Data   RO         2138    .rti_fn.1           drv_hwtimer.o
    0x0800db6c   0x0800db6c   0x00000008   Data   RO          260    .rti_fn.1.end       components.o
    0x0800db74   0x0800db74   0x00000008   Data   RO         2203    .rti_fn.3           drv_pwm.o
    0x0800db7c   0x0800db7c   0x00000008   Data   RO         1706    .rti_fn.4           tasks.o
    0x0800db84   0x0800db84   0x00000008   Data   RO         3277    .rti_fn.6           shell.o
    0x0800db8c   0x0800db8c   0x00000008   Data   RO          261    .rti_fn.6.end       components.o
    0x0800db94   0x0800db94   0x0000000c   Data   RO          993    FSymTab             mem.o
    0x0800dba0   0x0800dba0   0x00000018   Data   RO         1707    FSymTab             tasks.o
    0x0800dbb8   0x0800dbb8   0x0000000c   Data   RO         2264    FSymTab             drv_common.o
    0x0800dbc4   0x0800dbc4   0x00000024   Data   RO         2521    FSymTab             pin.o
    0x0800dbe8   0x0800dbe8   0x0000003c   Data   RO         2588    FSymTab             rt_drv_pwm.o
    0x0800dc24   0x0800dc24   0x00000108   Data   RO         3401    FSymTab             cmd.o
    0x0800dd2c   0x0800dd2c   0x00000024   Data   RO         3513    FSymTab             msh.o
    0x0800dd50   0x0800dd50   0x00000020   Data   RO         6056    Region$$Table       anon$$obj.o
    0x0800dd70   0x0800dd70   0x00000110   Data   RO         5915    locale$$data        c_w.l(lc_ctype_c.o)


    Execution Region RW_IRAM1 (Exec base: 0x20000000, Load base: 0x0800de80, Size: 0x000018a0, Max: 0x00010000, ABSOLUTE, COMPRESSED[0x00000094])

    Exec Addr    Load Addr    Size         Type   Attr      Idx    E Section Name        Object

    0x20000000   COMPRESSED   0x00000004   Data   RW            9    .data               clock.o
    0x20000004   COMPRESSED   0x00000009   Data   RW          746    .data               irq.o
    0x2000000d   COMPRESSED   0x00000003   PAD
    0x20000010   COMPRESSED   0x0000000c   Data   RW          813    .data               kservice.o
    0x2000001c   COMPRESSED   0x00000020   Data   RW          991    .data               mem.o
    0x2000003c   COMPRESSED   0x000000a4   Data   RW         1155    .data               object.o
    0x200000e0   COMPRESSED   0x0000001c   Data   RW         1259    .data               scheduler.o
    0x200000fc   COMPRESSED   0x0000000c   Data   RW         1368    .data               thread.o
    0x20000108   COMPRESSED   0x00000014   Data   RW         1507    .data               timer.o
    0x2000011c   COMPRESSED   0x0000000d   Data   RW         1704    .data               tasks.o
    0x20000129   COMPRESSED   0x00000003   PAD
    0x2000012c   COMPRESSED   0x000000c4   Data   RW         1874    .data               drv_gpio.o
    0x200001f0   COMPRESSED   0x00000020   Data   RW         1990    .data               drv_usart.o
    0x20000210   COMPRESSED   0x000000a8   Data   RW         2137    .data               drv_hwtimer.o
    0x200002b8   COMPRESSED   0x00000090   Data   RW         2202    .data               drv_pwm.o
    0x20000348   COMPRESSED   0x00000010   Data   RW         2397    .data               cpuport.o
    0x20000358   COMPRESSED   0x00000004   Data   RW         2669    .data               serial.o
    0x2000035c   COMPRESSED   0x00000018   Data   RW         3276    .data               shell.o
    0x20000374   COMPRESSED   0x00000004   Data   RW         3667    .data               system_stm32f1xx.o
    0x20000378   COMPRESSED   0x00000009   Data   RW         4229    .data               stm32f1xx_hal.o
    0x20000381   COMPRESSED   0x00000003   PAD
    0x20000384        -       0x00000190   Zero   RW          414    .bss                idle.o
    0x20000514        -       0x00000080   Zero   RW          811    .bss                kservice.o
    0x20000594        -       0x00000020   Zero   RW          988    .bss                mem.o
    0x200005b4        -       0x00000100   Zero   RW         1257    .bss                scheduler.o
    0x200006b4        -       0x00000998   Zero   RW         1702    .bss                tasks.o
    0x2000104c        -       0x00000128   Zero   RW         1987    .bss                drv_usart.o
    0x20001174        -       0x00000044   Zero   RW         2518    .bss                pin.o
    0x200011b8        -       0x00000081   Zero   RW         3274    .bss                shell.o
    0x20001239   COMPRESSED   0x00000003   PAD
    0x2000123c        -       0x00000060   Zero   RW         5883    .bss                c_w.l(libspace.o)
    0x2000129c   COMPRESSED   0x00000004   PAD
    0x200012a0        -       0x00000200   Zero   RW         2346    HEAP                startup_stm32f103xe.o
    0x200014a0        -       0x00000400   Zero   RW         2345    STACK               startup_stm32f103xe.o


==============================================================================

Image component sizes


      Code (inc. data)   RO Data    RW Data    ZI Data      Debug   Object Name

       148         38          0          0          0        621   board.o
        72         12          0          4          0     501411   clock.o
      3500       1232       1548          0          0      20758   cmd.o
       512        180         57          0          0       5663   completion.o
       350        140        100          0          0       5404   components.o
       244         26          0          0          0        732   context_rvds.o
      1472        732          0         16          0       5732   cpuport.o
      1064        226         75          0          0       6299   dataqueue.o
      1312        594        201          0          0       8008   device.o
       174         18         39          0          0       8156   drv_common.o
      1488         60       1432        196          0      11741   drv_gpio.o
       928        298        133        168          0       6144   drv_hwtimer.o
      1658        334         46        144          0       5878   drv_pwm.o
      2128        378        258         32        296      38548   drv_usart.o
      1326        136         49          0          0       6961   hwtimer.o
       384         84         22          0        400       5414   idle.o
       856        202        577          0          0      31036   ipc.o
       140         26          0          9          0       1890   irq.o
      2192        236         34         12        128      13391   kservice.o
        10          0          0          0          0        467   main.o
      1982        750        346         32         32       6232   mem.o
       944        180        168          0          0       7800   msh.o
       860        286        128        164          0       9662   object.o
       524        182        266          0         68       7650   pin.o
       284        140        138          0          0       4560   process.o
       746        102        219          0          0       8864   rt_drv_pwm.o
      1058        250         78         28        256       9110   scheduler.o
      3600        786        397          4          0      15551   serial.o
      2344        316        161         24        129      14714   shell.o
        64         26        304          0       1536        920   startup_stm32f103xe.o
        64         14          0          9          0       4924   stm32f1xx_hal.o
       412         28          0          0          0      31047   stm32f1xx_hal_cortex.o
      1824         36          0          0          0       5471   stm32f1xx_hal_dma.o
      1228         78          0          0          0       5036   stm32f1xx_hal_gpio.o
       420         48          0          0          0       3174   stm32f1xx_hal_msp.o
      1784        110          0          0          0       6212   stm32f1xx_hal_rcc.o
      2172         76          0          0          0      17846   stm32f1xx_hal_tim.o
        88          0          0          0          0       2469   stm32f1xx_hal_tim_ex.o
      1822         38          0          0          0      11935   stm32f1xx_hal_uart.o
        88         18         24          4          0       1459   system_stm32f1xx.o
       524        214         98         13       2456       4964   tasks.o
      1302        384        251         12          0      13450   thread.o
      1478        484         92         20          0      11103   timer.o

    ----------------------------------------------------------------------
     45618       9498       7294        900       5304     888407   Object Totals
         0          0         32          0          0          0   (incl. Generated)
        48          0         21          9          3          0   (incl. Padding)

    ----------------------------------------------------------------------

      Code (inc. data)   RO Data    RW Data    ZI Data      Debug   Library Member Name

        90          0          0          0          0          0   __dczerorl2.o
         8          0          0          0          0         68   __main.o
         0          0          0          0          0          0   __rtentry.o
        12          0          0          0          0          0   __rtentry2.o
         6          0          0          0          0          0   __rtentry4.o
        52          8          0          0          0          0   __scatter.o
        28          0          0          0          0          0   __scatter_zi.o
        28          0          0          0          0         68   _chval.o
       158          0          0          0          0         92   _strtoul.o
        26          0          0          0          0         80   atoi.o
        18          0          0          0          0         80   exit.o
         6          0          0          0          0        152   heapauxi.o
         0          0          0          0          0          0   indicate_semi.o
        44         10        272          0          0         76   lc_ctype_c.o
         2          0          0          0          0          0   libinit.o
        20          0          0          0          0          0   libinit2.o
         2          0          0          0          0          0   libshutdown.o
         2          0          0          0          0          0   libshutdown2.o
         8          4          0          0         96         68   libspace.o
       238          0          0          0          0        100   lludivv7m.o
        88          0          0          0          0         76   memcmp.o
        16          4          0          0          0         76   rt_ctype_table.o
         8          4          0          0          0         68   rt_errno_addr_intlibspace.o
         8          4          0          0          0         68   rt_locale_intlibspace.o
        68          0          0          0          0         68   rt_memclr.o
        78          0          0          0          0         80   rt_memclr_w.o
       138          0          0          0          0         68   rt_memcpy_v6.o
       100          0          0          0          0         80   rt_memcpy_w.o
         2          0          0          0          0          0   rtexit.o
        10          0          0          0          0          0   rtexit2.o
        24          0          0          0          0         68   strcat.o
       128          0          0          0          0         68   strcmpv7m.o
        72          0          0          0          0         80   strcpy.o
        62          0          0          0          0         76   strlen.o
       150          0          0          0          0         80   strncmp.o
        86          0          0          0          0         76   strncpy.o
       112          0          0          0          0         88   strtol.o
        12          4          0          0          0         68   sys_exit.o
        74          0          0          0          0         80   sys_stackheap_outer.o
         2          0          0          0          0         68   use_no_semi.o
       450          8          0          0          0        236   faddsub_clz.o
        24          0          0          0          0         68   fcmpi.o
       388         76          0          0          0         96   fdiv.o
       104          4          0          0          0         84   feqf.o
        54          4          0          0          0         84   ffix.o
        62          4          0          0          0         84   ffixu.o
        86          0          0          0          0        136   fflt_clz.o
       104          4          0          0          0         84   fleqf.o
       258          4          0          0          0         84   fmul.o
       140          4          0          0          0         84   fnaninf.o
        10          0          0          0          0         68   fretinf.o
        98          0          0          0          0         68   frleqf.o
         0          0          0          0          0          0   usenofp.o

    ----------------------------------------------------------------------
      3776        146        272          0        100       3296   Library Totals
        12          0          0          0          4          0   (incl. Padding)

    ----------------------------------------------------------------------

      Code (inc. data)   RO Data    RW Data    ZI Data      Debug   Library Name

      1986         38        272          0         96       2120   c_w.l
      1778        108          0          0          0       1176   fz_ws.l

    ----------------------------------------------------------------------
      3776        146        272          0        100       3296   Library Totals

    ----------------------------------------------------------------------

==============================================================================


      Code (inc. data)   RO Data    RW Data    ZI Data      Debug   

     49394       9644       7566        900       5404     871419   Grand Totals
     49394       9644       7566        148       5404     871419   ELF Image Totals (compressed)
     49394       9644       7566        148          0          0   ROM Totals

==============================================================================

    Total RO  Size (Code + RO Data)                56960 (  55.63kB)
    Total RW  Size (RW Data + ZI Data)              6304 (   6.16kB)
    Total ROM Size (Code + RO Data + RW Data)      57108 (  55.77kB)

==============================================================================

